 tbb

 Timestamp is 631453e3 (Sun Sep  4 15:29:39 2022)

 Preferred load address is 0000000180000000

 Start         Length     Name                   Class
 0001:00000000 00000040H .text$di                CODE
 0001:00000040 0001f720H .text$mn                CODE
 0001:0001f760 00000040H .text$mn$00             CODE
 0001:0001f7a0 00001100H .text$x                 CODE
 0001:000208a0 0000000cH .text$yd                CODE
 0002:00000000 00000398H .idata$5                DATA
 0002:00000398 00000028H .00cfg                  DATA
 0002:000003c0 00000008H .CRT$XCA                DATA
 0002:000003c8 00000010H .CRT$XCU                DATA
 0002:000003d8 00000008H .CRT$XCZ                DATA
 0002:000003e0 00000008H .CRT$XIA                DATA
 0002:000003e8 00000008H .CRT$XIC                DATA
 0002:000003f0 00000008H .CRT$XIZ                DATA
 0002:000003f8 00000008H .CRT$XLA                DATA
 0002:00000400 00000008H .CRT$XLZ                DATA
 0002:00000408 00000008H .CRT$XPA                DATA
 0002:00000410 00000008H .CRT$XPZ                DATA
 0002:00000418 00000008H .CRT$XTA                DATA
 0002:00000420 00000010H .CRT$XTZ                DATA
 0002:00000428 00000000H .gehcont$y              DATA
 0002:00000428 00000000H .gfids$y                DATA
 0002:00000430 000032d0H .rdata                  DATA
 0002:00003700 00000000H .rdata$CastGuardVftablesA DATA
 0002:00003700 00000000H .rdata$CastGuardVftablesC DATA
 0002:00003700 00000030H .rdata$T                DATA
 0002:00003730 00001d0cH .rdata$r                DATA
 0002:0000543c 00000018H .rdata$voltmd           DATA
 0002:00005454 000003f4H .rdata$zzzdbg           DATA
 0002:00005848 00000008H .rtc$IAA                DATA
 0002:00005850 00000008H .rtc$IZZ                DATA
 0002:00005858 00000008H .rtc$TAA                DATA
 0002:00005860 00000008H .rtc$TZZ                DATA
 0002:00005868 00000004H .tls                    DATA
 0002:0000586c 00000004H .tls$                   DATA
 0002:00005870 00000008H .tls$ZZZ                DATA
 0002:00005878 00002fb0H .xdata                  DATA
 0002:00008828 00000598H .xdata$x                DATA
 0002:00008dc0 00004264H .edata                  DATA
 0002:0000d024 000000b4H .idata$2                DATA
 0002:0000d0d8 00000018H .idata$3                DATA
 0002:0000d0f0 00000398H .idata$4                DATA
 0002:0000d488 0000092aH .idata$6                DATA
 0003:00000000 00002710H .data                   DATA
 0003:00002710 00000360H .data$r                 DATA
 0003:00002a70 00000890H .data$rs                DATA
 0003:00003300 00001e38H .bss                    DATA
 0004:00000000 00002ac0H .pdata                  DATA
 0005:00000000 000000a0H .rsrc$01                DATA
 0005:000000a0 00000560H .rsrc$02                DATA

  Address         Publics by Value              Rva+Base               Lib:Object

 0000:00000000       __arm64x_redirection_metadata 0000000000000000     <absolute>
 0000:00000000       __x64_code_ranges_to_entry_points_count 0000000000000000     <absolute>
 0000:00000000       __guard_iat_count          0000000000000000     <absolute>
 0000:00000000       __guard_longjmp_count      0000000000000000     <absolute>
 0000:00000000       __dynamic_value_reloc_table 0000000000000000     <absolute>
 0000:00000000       __hybrid_auxiliary_iat     0000000000000000     <absolute>
 0000:00000000       __hybrid_auxiliary_iat_copy 0000000000000000     <absolute>
 0000:00000000       __guard_longjmp_table      0000000000000000     <absolute>
 0000:00000000       __x64_code_ranges_to_entry_points 0000000000000000     <absolute>
 0000:00000000       __guard_iat_table          0000000000000000     <absolute>
 0000:00000000       __guard_fids_count         0000000000000000     <absolute>
 0000:00000000       __arm64x_extra_rfe_table   0000000000000000     <absolute>
 0000:00000000       __AbsoluteZero             0000000000000000     <absolute>
 0000:00000000       __hybrid_code_map          0000000000000000     <absolute>
 0000:00000000       __guard_check_icall_a64n_fptr 0000000000000000     <absolute>
 0000:00000000       __arm64x_extra_rfe_table_size 0000000000000000     <absolute>
 0000:00000000       __guard_fids_table         0000000000000000     <absolute>
 0000:00000000       __guard_eh_cont_count      0000000000000000     <absolute>
 0000:00000000       __arm64x_redirection_metadata_count 0000000000000000     <absolute>
 0000:00000000       __enclave_config           0000000000000000     <absolute>
 0000:00000000       __guard_eh_cont_table      0000000000000000     <absolute>
 0000:00000000       __arm64x_native_entrypoint 0000000000000000     <absolute>
 0000:00000000       __hybrid_code_map_count    0000000000000000     <absolute>
 0000:00000100       __guard_flags              0000000000000100     <absolute>
 0000:00000000       __ImageBase                0000000180000000     <linker-defined>
 0001:00000040       ?internal_grow_predicate@hash_map_segment_base@internal@tbb@@QEBA_NXZ 0000000180001040 f   concurrent_hash_map.obj
 0001:00000070       ?independent_thread_number_changed@private_server@rml@internal@tbb@@UEAAXH@Z 0000000180001070 f i private_server.obj
 0001:00000070       ?apply_active@stack_size_control@internal@tbb@@EEBAXXZ 0000000180001070 f i tbb_main.obj
 0001:00000070       ?__global_delete@@YAXPEAX_K@Z 0000000180001070 f i * CIL library *:* CIL module *
 0001:00000070       ?on_scheduler_exit@task_scheduler_observer_v3@internal@tbb@@UEAAX_N@Z 0000000180001070 f i arena.obj
 0001:00000070       _guard_check_icall_nop     0000000180001070 f i MSVCRT:guard_support.obj
 0001:00000070       ?register_master@private_server@rml@internal@tbb@@UEAAXAEAPEAX@Z 0000000180001070 f i private_server.obj
 0001:00000070       ?destroy_condvar_noop@internal@tbb@@YAXPEAU_RTL_CONDITION_VARIABLE@@@Z 0000000180001070 f i condition_variable.obj
 0001:00000070       ?finalize@filter@tbb@@UEAAXPEAX@Z 0000000180001070 f i pipeline.obj
 0001:00000070       ?__empty_global_delete@@YAXPEAX_K@Z 0000000180001070 f i concurrent_hash_map.obj
 0001:00000070       ?internal_destroy@reader_writer_lock@interface5@tbb@@AEAAXXZ 0000000180001070 f i reader_writer_lock.obj
 0001:00000070       ?note_affinity@task@tbb@@UEAAXG@Z 0000000180001070 f i task.obj
 0001:00000070       ?inject_token@pipeline@tbb@@AEAAXAEAVtask@2@@Z 0000000180001070 f i pipeline.obj
 0001:00000070       ?on_scheduler_entry@task_scheduler_observer_v3@internal@tbb@@UEAAX_N@Z 0000000180001070 f i arena.obj
 0001:00000070       ?unregister_master@private_server@rml@internal@tbb@@UEAAXPEAX@Z 0000000180001070 f i private_server.obj
 0001:00000080       ??1scoped_lock@spin_mutex@tbb@@QEAA@XZ 0000000180001080 f i concurrent_queue.obj
 0001:00000090       ??1binary_semaphore@internal@tbb@@QEAA@XZ 0000000180001090 f i concurrent_queue.obj
 0001:000000a0       ??1thread_context@concurrent_monitor@internal@tbb@@QEAA@XZ 00000001800010a0 f i concurrent_queue.obj
 0001:000000e0       ?commit_wait@concurrent_monitor@internal@tbb@@QEAA_NAEAVthread_context@123@@Z 00000001800010e0 f i concurrent_queue.obj
 0001:000001f0       ?abort_all@concurrent_monitor@internal@tbb@@QEAAXXZ 00000001800011f0 f i concurrent_queue.obj
 0001:00000320       ??1micro_queue_pop_finalizer@internal@tbb@@QEAA@XZ 0000000180001320 f i concurrent_queue.obj
 0001:000003f0       ?choose@concurrent_queue_rep@internal@tbb@@QEAAAEAUmicro_queue@23@_K@Z 00000001800013f0 f i concurrent_queue.obj
 0001:00000410       ?push@micro_queue@internal@tbb@@QEAAXPEBX_KAEAVconcurrent_queue_base_v3@23@W4copy_specifics@423@@Z 0000000180001410 f   concurrent_queue.obj
 0001:000005d0       ?abort_push@micro_queue@internal@tbb@@QEAAX_KAEAVconcurrent_queue_base_v3@23@@Z 00000001800015d0 f   concurrent_queue.obj
 0001:000005f0       ?pop@micro_queue@internal@tbb@@QEAA_NPEAX_KAEAVconcurrent_queue_base_v3@23@@Z 00000001800015f0 f   concurrent_queue.obj
 0001:000007e0       ?assign@micro_queue@internal@tbb@@QEAAAEAU123@AEBU123@AEAVconcurrent_queue_base_v3@23@W4copy_specifics@423@@Z 00000001800017e0 f   concurrent_queue.obj
 0001:00000a40       ?make_invalid@micro_queue@internal@tbb@@QEAAX_K@Z 0000000180001a40 f   concurrent_queue.obj
 0001:00000b00       ??0concurrent_queue_base_v3@internal@tbb@@IEAA@_K@Z 0000000180001b00 f   concurrent_queue.obj
 0001:00000c30       ??_Gconcurrent_queue_base_v3@internal@tbb@@MEAAPEAXI@Z 0000000180001c30 f i concurrent_queue.obj
 0001:00000c30       ??_Econcurrent_queue_base_v3@internal@tbb@@MEAAPEAXI@Z 0000000180001c30 f i * CIL library *:* CIL module *
 0001:00000c80       ??1concurrent_queue_base_v3@internal@tbb@@MEAA@XZ 0000000180001c80 f   concurrent_queue.obj
 0001:00000ca0       ?internal_push@concurrent_queue_base_v3@internal@tbb@@IEAAXPEBX@Z 0000000180001ca0 f   concurrent_queue.obj
 0001:00000cb0       ?internal_push_move@concurrent_queue_base_v8@internal@tbb@@IEAAXPEBX@Z 0000000180001cb0 f   concurrent_queue.obj
 0001:00000cc0       ?internal_insert_item@concurrent_queue_base_v3@internal@tbb@@IEAAXPEBXW4copy_specifics@123@@Z 0000000180001cc0 f   concurrent_queue.obj
 0001:00001010       ?internal_pop@concurrent_queue_base_v3@internal@tbb@@IEAAXPEAX@Z 0000000180002010 f   concurrent_queue.obj
 0001:000013b0       ?internal_abort@concurrent_queue_base_v3@internal@tbb@@IEAAXXZ 00000001800023b0 f   concurrent_queue.obj
 0001:000013f0       ?internal_pop_if_present@concurrent_queue_base_v3@internal@tbb@@IEAA_NPEAX@Z 00000001800023f0 f   concurrent_queue.obj
 0001:000014a0       ?internal_push_if_not_full@concurrent_queue_base_v3@internal@tbb@@IEAA_NPEBX@Z 00000001800024a0 f   concurrent_queue.obj
 0001:000014b0       ?internal_push_move_if_not_full@concurrent_queue_base_v8@internal@tbb@@IEAA_NPEBX@Z 00000001800024b0 f   concurrent_queue.obj
 0001:000014c0       ?internal_insert_if_not_full@concurrent_queue_base_v3@internal@tbb@@IEAA_NPEBXW4copy_specifics@123@@Z 00000001800024c0 f   concurrent_queue.obj
 0001:00001570       ?internal_size@concurrent_queue_base_v3@internal@tbb@@IEBA_JXZ 0000000180002570 f   concurrent_queue.obj
 0001:000015a0       ?internal_empty@concurrent_queue_base_v3@internal@tbb@@IEBA_NXZ 00000001800025a0 f   concurrent_queue.obj
 0001:000015e0       ?internal_set_capacity@concurrent_queue_base_v3@internal@tbb@@IEAAX_J_K@Z 00000001800025e0 f   concurrent_queue.obj
 0001:000015e0       ?internal_set_capacity@concurrent_queue_base@internal@tbb@@IEAAX_J_K@Z 00000001800025e0 f   concurrent_queue_v2.obj
 0001:00001600       ?internal_finish_clear@concurrent_queue_base_v3@internal@tbb@@IEAAXXZ 0000000180002600 f   concurrent_queue.obj
 0001:00001670       ?internal_throw_exception@concurrent_queue_base_v3@internal@tbb@@IEBAXXZ 0000000180002670 f   concurrent_queue.obj
 0001:00001680       ?internal_assign@concurrent_queue_base_v3@internal@tbb@@IEAAXAEBV123@W4copy_specifics@123@@Z 0000000180002680 f   concurrent_queue.obj
 0001:00001750       ?assign@concurrent_queue_base_v3@internal@tbb@@IEAAXAEBV123@@Z 0000000180002750 f   concurrent_queue.obj
 0001:00001760       ?move_content@concurrent_queue_base_v8@internal@tbb@@IEAAXAEAV123@@Z 0000000180002760 f   concurrent_queue.obj
 0001:00001770       ?initialize@concurrent_queue_iterator_base_v3@internal@tbb@@AEAAXAEBVconcurrent_queue_base_v3@23@_K@Z 0000000180002770 f   concurrent_queue.obj
 0001:00001870       ??0concurrent_queue_iterator_base_v3@internal@tbb@@IEAA@AEBVconcurrent_queue_base_v3@12@@Z 0000000180002870 f   concurrent_queue.obj
 0001:00001890       ??0concurrent_queue_iterator_base_v3@internal@tbb@@IEAA@AEBVconcurrent_queue_base_v3@12@_K@Z 0000000180002890 f   concurrent_queue.obj
 0001:000018b0       ?assign@concurrent_queue_iterator_base_v3@internal@tbb@@IEAAXAEBV123@@Z 00000001800028b0 f   concurrent_queue.obj
 0001:00001980       ?advance@concurrent_queue_iterator_base_v3@internal@tbb@@IEAAXXZ 0000000180002980 f   concurrent_queue.obj
 0001:00001a30       ??1concurrent_queue_iterator_base_v3@internal@tbb@@IEAA@XZ 0000000180002a30 f   concurrent_queue.obj
 0001:00001a50       ??F?$atomic_impl_with_arithmetic@_K_KD@internal@tbb@@QEAA_KH@Z 0000000180002a50 f i concurrent_queue.obj
 0001:00001a60       ??E?$atomic_impl_with_arithmetic@_K_KD@internal@tbb@@QEAA_KXZ 0000000180002a60 f i concurrent_queue.obj
 0001:00001a70       ??Y?$atomic_impl_with_arithmetic@_K_KD@internal@tbb@@QEAA_K_K@Z 0000000180002a70 f i concurrent_queue.obj
 0001:00001a80       ??$notify@Upredicate_leq@internal@tbb@@@concurrent_monitor@internal@tbb@@QEAAXAEBUpredicate_leq@12@@Z 0000000180002a80 f i concurrent_queue.obj
 0001:00001bd0       ?segment_base@concurrent_vector_base_v3@internal@tbb@@KA_K_K@Z 0000000180002bd0 f i concurrent_vector.obj
 0001:00001be0       ?acquire_segment@helper@concurrent_vector_base_v3@internal@tbb@@SAAEAVsegment_t@234@AEAV234@_K1_N@Z 0000000180002be0 f i concurrent_vector.obj
 0001:00001c90       ??0helper@concurrent_vector_base_v3@internal@tbb@@QEAA@PEAVsegment_t@123@_K1111@Z 0000000180002c90 f i concurrent_vector.obj
 0001:00001cd0       ??1helper@concurrent_vector_base_v3@internal@tbb@@QEAA@XZ 0000000180002cd0 f i concurrent_vector.obj
 0001:00001cf0       ??0destroy_body@helper@concurrent_vector_base_v3@internal@tbb@@QEAA@P6AXPEAX_K@Z@Z 0000000180002cf0 f i concurrent_vector.obj
 0001:00001d00       ?extend_segment_table@helper@concurrent_vector_base_v3@internal@tbb@@SAXAEAV234@_K@Z 0000000180002d00 f   concurrent_vector.obj
 0001:00001ea0       ?enable_segment@helper@concurrent_vector_base_v3@internal@tbb@@SA_KAEAV234@_K1_N@Z 0000000180002ea0 f   concurrent_vector.obj
 0001:000020b0       ?cleanup@helper@concurrent_vector_base_v3@internal@tbb@@QEAAXXZ 00000001800030b0 f   concurrent_vector.obj
 0001:000023d0       ??1concurrent_vector_base_v3@internal@tbb@@IEAA@XZ 00000001800033d0 f   concurrent_vector.obj
 0001:00002400       ?internal_capacity@concurrent_vector_base_v3@internal@tbb@@IEBA_KXZ 0000000180003400 f   concurrent_vector.obj
 0001:00002440       ?internal_throw_exception@concurrent_vector_base_v3@internal@tbb@@IEBAX_K@Z 0000000180003440 f   concurrent_vector.obj
 0001:00002490       ?internal_reserve@concurrent_vector_base_v3@internal@tbb@@IEAAX_K00@Z 0000000180003490 f   concurrent_vector.obj
 0001:00002590       ?internal_copy@concurrent_vector_base_v3@internal@tbb@@IEAAXAEBV123@_KP6AXPEAXPEBX1@Z@Z 0000000180003590 f   concurrent_vector.obj
 0001:000026c0       ?internal_assign@concurrent_vector_base_v3@internal@tbb@@IEAAXAEBV123@_KP6AXPEAX1@ZP6AX2PEBX1@Z5@Z 00000001800036c0 f   concurrent_vector.obj
 0001:000028e0       ?internal_push_back@concurrent_vector_base_v3@internal@tbb@@IEAAPEAX_KAEA_K@Z 00000001800038e0 f   concurrent_vector.obj
 0001:00002990       ?internal_grow_to_at_least@concurrent_vector_base_v3@internal@tbb@@IEAAX_K0P6AXPEAXPEBX0@Z2@Z 0000000180003990 f   concurrent_vector.obj
 0001:000029a0       ?internal_grow_to_at_least_with_result@concurrent_vector_base_v3@internal@tbb@@IEAA_K_K0P6AXPEAXPEBX0@Z2@Z 00000001800039a0 f   concurrent_vector.obj
 0001:00002b20       ?internal_grow_by@concurrent_vector_base_v3@internal@tbb@@IEAA_K_K0P6AXPEAXPEBX0@Z2@Z 0000000180003b20 f   concurrent_vector.obj
 0001:00002b60       ?internal_grow@concurrent_vector_base_v3@internal@tbb@@IEAAX_K00P6AXPEAXPEBX0@Z2@Z 0000000180003b60 f   concurrent_vector.obj
 0001:00002db0       ?internal_resize@concurrent_vector_base_v3@internal@tbb@@IEAAX_K00PEBXP6AXPEAX0@ZP6AX210@Z@Z 0000000180003db0 f   concurrent_vector.obj
 0001:00003050       ?internal_clear@concurrent_vector_base_v3@internal@tbb@@IEAA_KP6AXPEAX_K@Z@Z 0000000180004050 f   concurrent_vector.obj
 0001:00003100       ?internal_compact@concurrent_vector_base_v3@internal@tbb@@IEAAPEAX_KPEAXP6AX10@ZP6AX1PEBX0@Z@Z 0000000180004100 f   concurrent_vector.obj
 0001:00003490       ?internal_swap@concurrent_vector_base_v3@internal@tbb@@IEAAXAEAV123@@Z 0000000180004490 f   concurrent_vector.obj
 0001:00003590       ??$apply@Udestroy_body@helper@concurrent_vector_base_v3@internal@tbb@@@helper@concurrent_vector_base_v3@internal@tbb@@QEAA_KAEBUdestroy_body@0123@@Z 0000000180004590 f i concurrent_vector.obj
 0001:00003800       ?init_dynamic_link_data@internal@tbb@@YAXXZ 0000000180004800 f   dynamic_link.obj
 0001:000038b0       ?dynamic_link@internal@tbb@@YA_NPEBDQEBUdynamic_link_descriptor@12@_KPEAPEAUHINSTANCE__@@H@Z 00000001800048b0 f   dynamic_link.obj
 0001:00008aa0       __itt_fini_ittlib          0000000180009aa0 f   itt_notify.obj
 0001:00008bd0       __itt_init_ittlib          0000000180009bd0 f   itt_notify.obj
 0001:00008f80       ?initialize_handler_pointers@internal@tbb@@YAXXZ 0000000180009f80 f   cache_aligned_allocator.obj
 0001:00009170       ?initialize_cache_aligned_allocator@internal@tbb@@YAXXZ 000000018000a170 f   cache_aligned_allocator.obj
 0001:000092b0       ?NFS_GetLineSize@internal@tbb@@YA_KXZ 000000018000a2b0 f   cache_aligned_allocator.obj
 0001:000092c0       ?NFS_Allocate@internal@tbb@@YAPEAX_K0PEAX@Z 000000018000a2c0 f   cache_aligned_allocator.obj
 0001:00009320       ?NFS_Free@internal@tbb@@YAXPEAX@Z 000000018000a320 f   cache_aligned_allocator.obj
 0001:00009390       ?allocate_closure_v3@internal@tbb@@YAPEAX_K@Z 000000018000a390 f   tbb_thread.obj
 0001:00009390       ?allocate_via_handler_v3@internal@tbb@@YAPEAX_K@Z 000000018000a390 f   cache_aligned_allocator.obj
 0001:000093c0       ?free_closure_v3@internal@tbb@@YAXPEAX@Z 000000018000a3c0 f   tbb_thread.obj
 0001:000093c0       ?deallocate_via_handler_v3@internal@tbb@@YAXPEAX@Z 000000018000a3c0 f   cache_aligned_allocator.obj
 0001:000093d0       ?is_malloc_used_v3@internal@tbb@@YA_NXZ 000000018000a3d0 f   cache_aligned_allocator.obj
 0001:00009410       ??0task_group_context@tbb@@QEAA@W4kind_type@01@_K@Z 000000018000a410 f i pipeline.obj
 0001:00009590       ??_Gempty_task@tbb@@UEAAPEAXI@Z 000000018000a590 f i arena.obj
 0001:00009590       ??_Etask@tbb@@UEAAPEAXI@Z  000000018000a590 f i * CIL library *:* CIL module *
 0001:00009590       ??_Gtask@tbb@@UEAAPEAXI@Z  000000018000a590 f i pipeline.obj
 0001:00009590       ??_Eempty_task@tbb@@UEAAPEAXI@Z 000000018000a590 f i * CIL library *:* CIL module *
 0001:000095c0       ??2@YAPEAX_KAEBVallocate_root_with_context_proxy@internal@tbb@@@Z 000000018000a5c0 f i pipeline.obj
 0001:000096c0       ??_Efilter@tbb@@UEAAPEAXI@Z 000000018000a6c0 f i * CIL library *:* CIL module *
 0001:000096c0       ??_Gfilter@tbb@@UEAAPEAXI@Z 000000018000a6c0 f i pipeline.obj
 0001:000097e0       ??0input_buffer@internal@tbb@@QEAA@_N0@Z 000000018000a7e0 f i pipeline.obj
 0001:00009860       ?put_token@input_buffer@internal@tbb@@QEAA_NAEAUtask_info@23@_N@Z 000000018000a860 f i pipeline.obj
 0001:000099c0       ?return_item@input_buffer@internal@tbb@@QEAA_NAEAUtask_info@23@_N@Z 000000018000a9c0 f i pipeline.obj
 0001:00009a90       ?grow@input_buffer@internal@tbb@@AEAAXK@Z 000000018000aa90 f   pipeline.obj
 0001:00009ba0       ??_Estage_task@internal@tbb@@UEAAPEAXI@Z 000000018000aba0 f i * CIL library *:* CIL module *
 0001:00009ba0       ??_Gstage_task@internal@tbb@@UEAAPEAXI@Z 000000018000aba0 f i pipeline.obj
 0001:00009c10       ?execute@stage_task@internal@tbb@@UEAAPEAVtask@3@XZ 000000018000ac10 f   pipeline.obj
 0001:0000a070       ?execute@pipeline_root_task@internal@tbb@@EEAAPEAVtask@3@XZ 000000018000b070 f i pipeline.obj
 0001:0000a3c0       ??_Epipeline_root_task@internal@tbb@@UEAAPEAXI@Z 000000018000b3c0 f i * CIL library *:* CIL module *
 0001:0000a3c0       ??_Gpipeline_root_task@internal@tbb@@UEAAPEAXI@Z 000000018000b3c0 f i pipeline.obj
 0001:0000a3f0       ??1pipeline_cleaner@internal@tbb@@QEAA@XZ 000000018000b3f0 f i pipeline.obj
 0001:0000a4c0       ??0pipeline@tbb@@QEAA@XZ   000000018000b4c0 f   pipeline.obj
 0001:0000a4f0       ??_Epipeline@tbb@@UEAAPEAXI@Z 000000018000b4f0 f i * CIL library *:* CIL module *
 0001:0000a4f0       ??_Gpipeline@tbb@@UEAAPEAXI@Z 000000018000b4f0 f i pipeline.obj
 0001:0000a5f0       ??1pipeline@tbb@@UEAA@XZ   000000018000b5f0 f   pipeline.obj
 0001:0000a6e0       ?clear@pipeline@tbb@@QEAAXXZ 000000018000b6e0 f   pipeline.obj
 0001:0000a7d0       ?add_filter@pipeline@tbb@@QEAAXAEAVfilter@2@@Z 000000018000b7d0 f   pipeline.obj
 0001:0000aa90       ?run@pipeline@tbb@@QEAAX_KAEAVtask_group_context@2@@Z 000000018000ba90 f   pipeline.obj
 0001:0000ac40       ?run@pipeline@tbb@@QEAAX_K@Z 000000018000bc40 f   pipeline.obj
 0001:0000acd0       ??1filter@tbb@@UEAA@XZ     000000018000bcd0 f   pipeline.obj
 0001:0000add0       ?set_end_of_input@filter@tbb@@IEAAXXZ 000000018000bdd0 f   pipeline.obj
 0001:0000ae00       ?process_item@thread_bound_filter@tbb@@QEAA?AW4result_type@12@XZ 000000018000be00 f   pipeline.obj
 0001:0000ae10       ?try_process_item@thread_bound_filter@tbb@@QEAA?AW4result_type@12@XZ 000000018000be10 f   pipeline.obj
 0001:0000ae20       ?internal_process_item@thread_bound_filter@tbb@@AEAA?AW4result_type@12@_N@Z 000000018000be20 f   pipeline.obj
 0001:0000b0e0       ??$note_done@Vstage_task@internal@tbb@@@input_buffer@internal@tbb@@QEAAXKAEAVstage_task@12@@Z 000000018000c0e0 f i pipeline.obj
 0001:0000b270       ?acquire@scoped_lock@queuing_mutex@tbb@@QEAAXAEAV23@@Z 000000018000c270 f   queuing_mutex.obj
 0001:0000b310       ?try_acquire@scoped_lock@queuing_mutex@tbb@@QEAA_NAEAV23@@Z 000000018000c310 f   queuing_mutex.obj
 0001:0000b350       ?release@scoped_lock@queuing_mutex@tbb@@QEAAXXZ 000000018000c350 f   queuing_mutex.obj
 0001:0000b3f0       ?internal_construct@queuing_mutex@tbb@@QEAAXXZ 000000018000c3f0 f   queuing_mutex.obj
 0001:0000b420       ?acquire@scoped_lock@queuing_rw_mutex@tbb@@QEAAXAEAV23@_N@Z 000000018000c420 f   queuing_rw_mutex.obj
 0001:0000b5e0       ?try_acquire@scoped_lock@queuing_rw_mutex@tbb@@QEAA_NAEAV23@_N@Z 000000018000c5e0 f   queuing_rw_mutex.obj
 0001:0000b640       ?release@scoped_lock@queuing_rw_mutex@tbb@@QEAAXXZ 000000018000c640 f   queuing_rw_mutex.obj
 0001:0000b990       ?downgrade_to_reader@scoped_lock@queuing_rw_mutex@tbb@@QEAA_NXZ 000000018000c990 f   queuing_rw_mutex.obj
 0001:0000ba60       ?upgrade_to_writer@scoped_lock@queuing_rw_mutex@tbb@@QEAA_NXZ 000000018000ca60 f   queuing_rw_mutex.obj
 0001:0000bdd0       ?internal_construct@queuing_rw_mutex@tbb@@QEAAXXZ 000000018000cdd0 f   queuing_rw_mutex.obj
 0001:0000be00       ??1scoped_lock_read@reader_writer_lock@interface5@tbb@@QEAA@XZ 000000018000ce00 f i reader_writer_lock.obj
 0001:0000be60       ?fetch_and_or@interface5@tbb@@YA_KAEAU?$atomic@_K@2@_K@Z 000000018000ce60 f i reader_writer_lock.obj
 0001:0000bee0       ?internal_construct@reader_writer_lock@interface5@tbb@@AEAAXXZ 000000018000cee0 f   reader_writer_lock.obj
 0001:0000bf00       ?lock@reader_writer_lock@interface5@tbb@@QEAAXXZ 000000018000cf00 f   reader_writer_lock.obj
 0001:0000bf80       ?try_lock@reader_writer_lock@interface5@tbb@@QEAA_NXZ 000000018000cf80 f   reader_writer_lock.obj
 0001:0000bff0       ?start_write@reader_writer_lock@interface5@tbb@@AEAA_NPEAVscoped_lock@123@@Z 000000018000cff0 f   reader_writer_lock.obj
 0001:0000c180       ?set_next_writer@reader_writer_lock@interface5@tbb@@AEAAXPEAVscoped_lock@123@@Z 000000018000d180 f   reader_writer_lock.obj
 0001:0000c270       ?lock_read@reader_writer_lock@interface5@tbb@@QEAAXXZ 000000018000d270 f   reader_writer_lock.obj
 0001:0000c2f0       ?try_lock_read@reader_writer_lock@interface5@tbb@@QEAA_NXZ 000000018000d2f0 f   reader_writer_lock.obj
 0001:0000c350       ?start_read@reader_writer_lock@interface5@tbb@@AEAAXPEAVscoped_lock_read@123@@Z 000000018000d350 f   reader_writer_lock.obj
 0001:0000c440       ?unlock@reader_writer_lock@interface5@tbb@@QEAAXXZ 000000018000d440 f   reader_writer_lock.obj
 0001:0000c4c0       ?end_write@reader_writer_lock@interface5@tbb@@AEAAXPEAVscoped_lock@123@@Z 000000018000d4c0 f   reader_writer_lock.obj
 0001:0000c610       ?internal_construct@scoped_lock@reader_writer_lock@interface5@tbb@@AEAAXAEAV234@@Z 000000018000d610 f   reader_writer_lock.obj
 0001:0000c670       ?internal_construct@scoped_lock_read@reader_writer_lock@interface5@tbb@@AEAAXAEAV234@@Z 000000018000d670 f   reader_writer_lock.obj
 0001:0000c6d0       ?internal_destroy@scoped_lock@reader_writer_lock@interface5@tbb@@AEAAXXZ 000000018000d6d0 f   reader_writer_lock.obj
 0001:0000c710       ?internal_destroy@scoped_lock_read@reader_writer_lock@interface5@tbb@@AEAAXXZ 000000018000d710 f   reader_writer_lock.obj
 0001:0000c770       ?internal_acquire_writer@spin_rw_mutex@tbb@@CA_NPEAV12@@Z 000000018000d770 f   spin_rw_mutex_v2.obj
 0001:0000c770       ?internal_acquire_writer@spin_rw_mutex_v3@tbb@@AEAA_NXZ 000000018000d770 f   spin_rw_mutex.obj
 0001:0000c830       ?internal_release_writer@spin_rw_mutex_v3@tbb@@AEAAXXZ 000000018000d830 f   spin_rw_mutex.obj
 0001:0000c860       ?internal_acquire_reader@spin_rw_mutex_v3@tbb@@AEAAXXZ 000000018000d860 f   spin_rw_mutex.obj
 0001:0000c8e0       ?internal_upgrade@spin_rw_mutex_v3@tbb@@AEAA_NXZ 000000018000d8e0 f   spin_rw_mutex.obj
 0001:0000ca00       ?internal_downgrade@spin_rw_mutex_v3@tbb@@AEAAXXZ 000000018000da00 f   spin_rw_mutex.obj
 0001:0000ca30       ?internal_release_reader@spin_rw_mutex@tbb@@CAXPEAV12@@Z 000000018000da30 f   spin_rw_mutex_v2.obj
 0001:0000ca30       ?internal_release_reader@spin_rw_mutex_v3@tbb@@AEAAXXZ 000000018000da30 f   spin_rw_mutex.obj
 0001:0000ca60       ?internal_try_acquire_writer@spin_rw_mutex@tbb@@CA_NPEAV12@@Z 000000018000da60 f   spin_rw_mutex_v2.obj
 0001:0000ca60       ?internal_try_acquire_writer@spin_rw_mutex_v3@tbb@@AEAA_NXZ 000000018000da60 f   spin_rw_mutex.obj
 0001:0000cad0       ?internal_try_acquire_reader@spin_rw_mutex_v3@tbb@@AEAA_NXZ 000000018000dad0 f   spin_rw_mutex.obj
 0001:0000cb10       ?internal_construct@spin_rw_mutex_v3@tbb@@AEAAXXZ 000000018000db10 f   spin_rw_mutex.obj
 0001:0000cb40       ?acquire@scoped_lock@spin_rw_mutex_v3@tbb@@QEAAXAEAV23@_N@Z 000000018000db40 f i x86_rtm_rw_mutex.obj
 0001:0000cbf0       ?internal_release@x86_rtm_rw_mutex@internal@interface8@tbb@@AEAAXAEAVscoped_lock@1234@@Z 000000018000dbf0 f   x86_rtm_rw_mutex.obj
 0001:0000cc50       ?internal_acquire_writer@x86_rtm_rw_mutex@internal@interface8@tbb@@AEAAXAEAVscoped_lock@1234@_N@Z 000000018000dc50 f   x86_rtm_rw_mutex.obj
 0001:0000cd30       ?internal_acquire_reader@x86_rtm_rw_mutex@internal@interface8@tbb@@AEAAXAEAVscoped_lock@1234@_N@Z 000000018000dd30 f   x86_rtm_rw_mutex.obj
 0001:0000ce60       ?internal_upgrade@x86_rtm_rw_mutex@internal@interface8@tbb@@AEAA_NAEAVscoped_lock@1234@@Z 000000018000de60 f   x86_rtm_rw_mutex.obj
 0001:0000d0a0       ?internal_downgrade@x86_rtm_rw_mutex@internal@interface8@tbb@@AEAA_NAEAVscoped_lock@1234@@Z 000000018000e0a0 f   x86_rtm_rw_mutex.obj
 0001:0000d0e0       ?internal_try_acquire_writer@x86_rtm_rw_mutex@internal@interface8@tbb@@AEAA_NAEAVscoped_lock@1234@@Z 000000018000e0e0 f   x86_rtm_rw_mutex.obj
 0001:0000d1d0       ?internal_construct@x86_rtm_rw_mutex@internal@interface8@tbb@@AEAAXXZ 000000018000e1d0 f   x86_rtm_rw_mutex.obj
 0001:0000d200       ?internal_acquire@scoped_lock@spin_mutex@tbb@@AEAAXAEAV23@@Z 000000018000e200 f   spin_mutex.obj
 0001:0000d2a0       ?internal_release@scoped_lock@spin_mutex@tbb@@AEAAXXZ 000000018000e2a0 f   spin_mutex.obj
 0001:0000d2d0       ?internal_try_acquire@scoped_lock@spin_mutex@tbb@@AEAA_NAEAV23@@Z 000000018000e2d0 f   spin_mutex.obj
 0001:0000d310       ?internal_construct@spin_mutex@tbb@@QEAAXXZ 000000018000e310 f   spin_mutex.obj
 0001:0000d340       ?internal_construct@critical_section_v4@internal@tbb@@QEAAXXZ 000000018000e340 f   critical_section.obj
 0001:0000d370       ?internal_acquire@scoped_lock@mutex@tbb@@AEAAXAEAV23@@Z 000000018000e370 f   mutex.obj
 0001:0000d3d0       ?internal_release@scoped_lock@mutex@tbb@@AEAAXXZ 000000018000e3d0 f   mutex.obj
 0001:0000d410       ?internal_try_acquire@scoped_lock@mutex@tbb@@AEAA_NAEAV23@@Z 000000018000e410 f   mutex.obj
 0001:0000d460       ?internal_construct@mutex@tbb@@AEAAXXZ 000000018000e460 f   mutex.obj
 0001:0000d4b0       ?internal_destroy@mutex@tbb@@AEAAXXZ 000000018000e4b0 f   mutex.obj
 0001:0000d4b0       ?internal_destroy@recursive_mutex@tbb@@AEAAXXZ 000000018000e4b0 f   recursive_mutex.obj
 0001:0000d4f0       ?internal_acquire@scoped_lock@recursive_mutex@tbb@@AEAAXAEAV23@@Z 000000018000e4f0 f   recursive_mutex.obj
 0001:0000d530       ?internal_release@scoped_lock@recursive_mutex@tbb@@AEAAXXZ 000000018000e530 f   recursive_mutex.obj
 0001:0000d560       ?internal_try_acquire@scoped_lock@recursive_mutex@tbb@@AEAA_NAEAV23@@Z 000000018000e560 f   recursive_mutex.obj
 0001:0000d5a0       ?internal_construct@recursive_mutex@tbb@@AEAAXXZ 000000018000e5a0 f   recursive_mutex.obj
 0001:0000d5f0       ?init_condvar_using_event@internal@tbb@@YAXPEAUcondition_variable_using_event@1interface5@2@@Z 000000018000e5f0 f   condition_variable.obj
 0001:0000d630       ?sleep_condition_variable_cs_using_event@internal@tbb@@YAHPEAUcondition_variable_using_event@1interface5@2@PEAU_RTL_CRITICAL_SECTION@@K@Z 000000018000e630 f   condition_variable.obj
 0001:0000d740       ?wake_condition_variable_using_event@internal@tbb@@YAXPEAUcondition_variable_using_event@1interface5@2@@Z 000000018000e740 f   condition_variable.obj
 0001:0000d790       ?wake_all_condition_variable_using_event@internal@tbb@@YAXPEAUcondition_variable_using_event@1interface5@2@@Z 000000018000e790 f   condition_variable.obj
 0001:0000d7e0       ?destroy_condvar_using_event@internal@tbb@@YAXPEAUcondition_variable_using_event@1interface5@2@@Z 000000018000e7e0 f   condition_variable.obj
 0001:0000d880       ?init_condvar_module@internal@tbb@@YAXXZ 000000018000e880 f   condition_variable.obj
 0001:0000da30       ?internal_initialize_condition_variable@internal@interface5@tbb@@YAXAEATcondvar_impl_t@123@@Z 000000018000ea30 f   condition_variable.obj
 0001:0000dad0       ?internal_destroy_condition_variable@internal@interface5@tbb@@YAXAEATcondvar_impl_t@123@@Z 000000018000ead0 f   condition_variable.obj
 0001:0000dae0       ?internal_condition_variable_notify_one@internal@interface5@tbb@@YAXAEATcondvar_impl_t@123@@Z 000000018000eae0 f   condition_variable.obj
 0001:0000daf0       ?internal_condition_variable_notify_all@internal@interface5@tbb@@YAXAEATcondvar_impl_t@123@@Z 000000018000eaf0 f   condition_variable.obj
 0001:0000db00       ?internal_condition_variable_wait@internal@interface5@tbb@@YA_NAEATcondvar_impl_t@123@PEAVmutex@3@PEBVinterval_t@tick_count@3@@Z 000000018000eb00 f   condition_variable.obj
 0001:0000db90       ?default_num_threads@governor@internal@tbb@@SAIXZ 000000018000eb90 f i tbb_thread.obj
 0001:0000dc60       ?join@tbb_thread_v3@internal@tbb@@QEAAXXZ 000000018000ec60 f   tbb_thread.obj
 0001:0000dd00       ?detach@tbb_thread_v3@internal@tbb@@QEAAXXZ 000000018000ed00 f   tbb_thread.obj
 0001:0000dd50       ?internal_start@tbb_thread_v3@internal@tbb@@AEAAXP6AIPEAX@Z0@Z 000000018000ed50 f   tbb_thread.obj
 0001:0000ddd0       ?hardware_concurrency@tbb_thread_v3@internal@tbb@@SAIXZ 000000018000edd0 f   tbb_thread.obj
 0001:0000dde0       ?thread_get_id_v3@internal@tbb@@YA?AVid@tbb_thread_v3@12@XZ 000000018000ede0 f   tbb_thread.obj
 0001:0000de00       ?move_v3@internal@tbb@@YAXAEAVtbb_thread_v3@12@0@Z 000000018000ee00 f   tbb_thread.obj
 0001:0000de60       ?yield@private_server@rml@internal@tbb@@UEAAXXZ 000000018000ee60 f   private_server.obj
 0001:0000de60       ?thread_yield_v3@internal@tbb@@YAXXZ 000000018000ee60 f   tbb_thread.obj
 0001:0000de70       ?thread_sleep_v3@internal@tbb@@YAXAEBVinterval_t@tick_count@2@@Z 000000018000ee70 f   tbb_thread.obj
 0001:0000dfa0       ?init@thread_context@concurrent_monitor@internal@tbb@@AEAAXXZ 000000018000efa0 f   concurrent_monitor.obj
 0001:0000dfd0       ?prepare_wait@concurrent_monitor@internal@tbb@@QEAAXAEAVthread_context@123@_K@Z 000000018000efd0 f   concurrent_monitor.obj
 0001:0000e0b0       __local_stdio_printf_options 000000018000f0b0 f i private_server.obj
 0001:0000e0c0       fprintf                    000000018000f0c0 f i private_server.obj
 0001:0000e110       ?launch@thread_monitor@internal@rml@@SAPEAXP6AIPEAX@Z0_KPEB_K@Z 000000018000f110 f i private_server.obj
 0001:0000e2c0       __scrt_stub_for_is_c_termination_complete 000000018000f2c0 f i MSVCRT:ucrt_stubs.obj
 0001:0000e2c0       ?version@market@internal@tbb@@EEBAIXZ 000000018000f2c0 f i market.obj
 0001:0000e2c0       ?execute@empty_task@tbb@@EEAAPEAVtask@2@XZ 000000018000f2c0 f i arena.obj
 0001:0000e2c0       _is_c_termination_complete 000000018000f2c0 f i MSVCRT:ucrt_stubs.obj
 0001:0000e2c0       ?version@private_server@rml@internal@tbb@@UEBAIXZ 000000018000f2c0 f i private_server.obj
 0001:0000e2d0       ?request_close_connection@private_server@rml@internal@tbb@@UEAAX_N@Z 000000018000f2d0 f i private_server.obj
 0001:0000e430       ?default_concurrency@private_server@rml@internal@tbb@@UEBAIXZ 000000018000f430 f i private_server.obj
 0001:0000e440       ?thread_routine@private_worker@rml@internal@tbb@@CAIPEAX@Z 000000018000f440 f   private_server.obj
 0001:0000e4b0       ?run@private_worker@rml@internal@tbb@@AEAAXXZ 000000018000f4b0 f   private_server.obj
 0001:0000e670       ??0private_server@rml@internal@tbb@@QEAA@AEAVtbb_client@123@@Z 000000018000f670 f   private_server.obj
 0001:0000e7e0       ??_Eprivate_server@rml@internal@tbb@@EEAAPEAXI@Z 000000018000f7e0 f i * CIL library *:* CIL module *
 0001:0000e7e0       ??_Gprivate_server@rml@internal@tbb@@EEAAPEAXI@Z 000000018000f7e0 f i private_server.obj
 0001:0000e860       ?wake_some@private_server@rml@internal@tbb@@AEAAXH@Z 000000018000f860 f   private_server.obj
 0001:0000ea10       ?adjust_job_count_estimate@private_server@rml@internal@tbb@@UEAAXH@Z 000000018000fa10 f   private_server.obj
 0001:0000ea30       ??0exception@std@@QEAA@AEBV01@@Z 000000018000fa30 f i tbb_misc.obj
 0001:0000ea70       ?what@exception@std@@UEBAPEBDXZ 000000018000fa70 f i tbb_misc.obj
 0001:0000ea90       ??_Gbad_last_alloc@tbb@@UEAAPEAXI@Z 000000018000fa90 f i tbb_misc.obj
 0001:0000ea90       ??_Glength_error@std@@UEAAPEAXI@Z 000000018000fa90 f i tbb_misc.obj
 0001:0000ea90       ??_Gexception@std@@UEAAPEAXI@Z 000000018000fa90 f i tbb_misc.obj
 0001:0000ea90       ??_Ginvalid_argument@std@@UEAAPEAXI@Z 000000018000fa90 f i tbb_misc.obj
 0001:0000ea90       ??_Guser_abort@tbb@@UEAAPEAXI@Z 000000018000fa90 f i tbb_misc.obj
 0001:0000ea90       ??_Gimproper_lock@tbb@@UEAAPEAXI@Z 000000018000fa90 f i tbb_misc.obj
 0001:0000ea90       ??_Euser_abort@tbb@@UEAAPEAXI@Z 000000018000fa90 f i * CIL library *:* CIL module *
 0001:0000ea90       ??_Eimproper_lock@tbb@@UEAAPEAXI@Z 000000018000fa90 f i * CIL library *:* CIL module *
 0001:0000ea90       ??_Ebad_last_alloc@tbb@@UEAAPEAXI@Z 000000018000fa90 f i * CIL library *:* CIL module *
 0001:0000ea90       ??_Ginvalid_multiple_scheduling@tbb@@UEAAPEAXI@Z 000000018000fa90 f i tbb_misc.obj
 0001:0000ea90       ??_Gbad_alloc@std@@UEAAPEAXI@Z 000000018000fa90 f i tbb_misc.obj
 0001:0000ea90       ??_Gmissing_wait@tbb@@UEAAPEAXI@Z 000000018000fa90 f i tbb_misc.obj
 0001:0000ea90       ??_Emissing_wait@tbb@@UEAAPEAXI@Z 000000018000fa90 f i * CIL library *:* CIL module *
 0001:0000ea90       ??_Erange_error@std@@UEAAPEAXI@Z 000000018000fa90 f i * CIL library *:* CIL module *
 0001:0000ea90       ??_Einvalid_argument@std@@UEAAPEAXI@Z 000000018000fa90 f i * CIL library *:* CIL module *
 0001:0000ea90       ??_Eexception@std@@UEAAPEAXI@Z 000000018000fa90 f i * CIL library *:* CIL module *
 0001:0000ea90       ??_Glogic_error@std@@UEAAPEAXI@Z 000000018000fa90 f i tbb_misc.obj
 0001:0000ea90       ??_Einvalid_multiple_scheduling@tbb@@UEAAPEAXI@Z 000000018000fa90 f i * CIL library *:* CIL module *
 0001:0000ea90       ??_Gout_of_range@std@@UEAAPEAXI@Z 000000018000fa90 f i tbb_misc.obj
 0001:0000ea90       ??_Elogic_error@std@@UEAAPEAXI@Z 000000018000fa90 f i * CIL library *:* CIL module *
 0001:0000ea90       ??_Gruntime_error@std@@UEAAPEAXI@Z 000000018000fa90 f i tbb_misc.obj
 0001:0000ea90       ??_Eout_of_range@std@@UEAAPEAXI@Z 000000018000fa90 f i * CIL library *:* CIL module *
 0001:0000ea90       ??_Grange_error@std@@UEAAPEAXI@Z 000000018000fa90 f i tbb_misc.obj
 0001:0000ea90       ??_Ebad_alloc@std@@UEAAPEAXI@Z 000000018000fa90 f i * CIL library *:* CIL module *
 0001:0000ea90       ??_Eruntime_error@std@@UEAAPEAXI@Z 000000018000fa90 f i * CIL library *:* CIL module *
 0001:0000ea90       ??_Elength_error@std@@UEAAPEAXI@Z 000000018000fa90 f i * CIL library *:* CIL module *
 0001:0000eae0       ??0bad_alloc@std@@QEAA@XZ  000000018000fae0 f i tbb_misc.obj
 0001:0000eb10       ??1bad_alloc@std@@UEAA@XZ  000000018000fb10 f i tbb_misc.obj
 0001:0000eb10       ??1improper_lock@tbb@@UEAA@XZ 000000018000fb10 f i tbb_misc.obj
 0001:0000eb10       ??1user_abort@tbb@@UEAA@XZ 000000018000fb10 f i tbb_misc.obj
 0001:0000eb10       ??1range_error@std@@UEAA@XZ 000000018000fb10 f i tbb_misc.obj
 0001:0000eb10       ??1bad_last_alloc@tbb@@UEAA@XZ 000000018000fb10 f i tbb_misc.obj
 0001:0000eb10       ??1runtime_error@std@@UEAA@XZ 000000018000fb10 f i tbb_misc.obj
 0001:0000eb10       ??1out_of_range@std@@UEAA@XZ 000000018000fb10 f i tbb_misc.obj
 0001:0000eb10       ??1missing_wait@tbb@@UEAA@XZ 000000018000fb10 f i tbb_misc.obj
 0001:0000eb10       ??1invalid_multiple_scheduling@tbb@@UEAA@XZ 000000018000fb10 f i tbb_misc.obj
 0001:0000eb10       ??1length_error@std@@UEAA@XZ 000000018000fb10 f i tbb_misc.obj
 0001:0000eb10       ??1invalid_argument@std@@UEAA@XZ 000000018000fb10 f i tbb_misc.obj
 0001:0000eb30       ??0bad_alloc@std@@QEAA@AEBV01@@Z 000000018000fb30 f i tbb_misc.obj
 0001:0000eb70       _snprintf                  000000018000fb70 f i tbb_misc.obj
 0001:0000ebd0       ?set_assertion_handler@tbb@@YAP6AXPEBDH00@ZP6AX0H00@Z@Z 000000018000fbd0 f   tbb_misc.obj
 0001:0000ebe0       ?assertion_failure@tbb@@YAXPEBDH00@Z 000000018000fbe0 f   tbb_misc.obj
 0001:0000eca0       ?runtime_warning@internal@tbb@@YAXPEBDZZ 000000018000fca0 f   tbb_misc.obj
 0001:0000ed60       ??0invalid_argument@std@@QEAA@PEBD@Z 000000018000fd60 f i tbb_misc.obj
 0001:0000edb0       ??0length_error@std@@QEAA@PEBD@Z 000000018000fdb0 f i tbb_misc.obj
 0001:0000ee00       ??0out_of_range@std@@QEAA@PEBD@Z 000000018000fe00 f i tbb_misc.obj
 0001:0000ee50       ??0runtime_error@std@@QEAA@PEBD@Z 000000018000fe50 f i tbb_misc.obj
 0001:0000eea0       ??0range_error@std@@QEAA@PEBD@Z 000000018000fea0 f i tbb_misc.obj
 0001:0000eef0       ??0range_error@std@@QEAA@AEBV01@@Z 000000018000fef0 f i tbb_misc.obj
 0001:0000ef30       ??0runtime_error@std@@QEAA@AEBV01@@Z 000000018000ff30 f i tbb_misc.obj
 0001:0000ef70       ?what@bad_last_alloc@tbb@@UEBAPEBDXZ 000000018000ff70 f   tbb_misc.obj
 0001:0000ef80       ?what@improper_lock@tbb@@UEBAPEBDXZ 000000018000ff80 f   tbb_misc.obj
 0001:0000ef90       ?what@user_abort@tbb@@UEBAPEBDXZ 000000018000ff90 f   tbb_misc.obj
 0001:0000efa0       ?what@invalid_multiple_scheduling@tbb@@UEBAPEBDXZ 000000018000ffa0 f   tbb_misc.obj
 0001:0000efb0       ?what@missing_wait@tbb@@UEBAPEBDXZ 000000018000ffb0 f   tbb_misc.obj
 0001:0000efc0       ?handle_perror@internal@tbb@@YAXHPEBD@Z 000000018000ffc0 f   tbb_misc.obj
 0001:0000f030       ?handle_win_error@internal@tbb@@YAXH@Z 0000000180010030 f   tbb_misc.obj
 0001:0000f0a0       ?throw_bad_last_alloc_exception_v4@internal@tbb@@YAXXZ 00000001800100a0 f   tbb_misc.obj
 0001:0000f0d0       ?throw_exception_v4@internal@tbb@@YAXW4exception_id@12@@Z 00000001800100d0 f   tbb_misc.obj
 0001:0000f400       ??0bad_last_alloc@tbb@@QEAA@XZ 0000000180010400 f i tbb_misc.obj
 0001:0000f430       ??0missing_wait@tbb@@QEAA@XZ 0000000180010430 f i tbb_misc.obj
 0001:0000f450       ??0invalid_multiple_scheduling@tbb@@QEAA@XZ 0000000180010450 f i tbb_misc.obj
 0001:0000f470       ??0improper_lock@tbb@@QEAA@XZ 0000000180010470 f i tbb_misc.obj
 0001:0000f490       ??0user_abort@tbb@@QEAA@XZ 0000000180010490 f i tbb_misc.obj
 0001:0000f4b0       ??0bad_last_alloc@tbb@@QEAA@AEBV01@@Z 00000001800104b0 f i tbb_misc.obj
 0001:0000f4f0       ??0invalid_argument@std@@QEAA@AEBV01@@Z 00000001800104f0 f i tbb_misc.obj
 0001:0000f530       ??0logic_error@std@@QEAA@AEBV01@@Z 0000000180010530 f i tbb_misc.obj
 0001:0000f570       ??0out_of_range@std@@QEAA@AEBV01@@Z 0000000180010570 f i tbb_misc.obj
 0001:0000f5b0       ??0missing_wait@tbb@@QEAA@AEBV01@@Z 00000001800105b0 f i tbb_misc.obj
 0001:0000f5f0       ??0invalid_multiple_scheduling@tbb@@QEAA@AEBV01@@Z 00000001800105f0 f i tbb_misc.obj
 0001:0000f630       ??0improper_lock@tbb@@QEAA@AEBV01@@Z 0000000180010630 f i tbb_misc.obj
 0001:0000f670       ??0length_error@std@@QEAA@AEBV01@@Z 0000000180010670 f i tbb_misc.obj
 0001:0000f6b0       ??0user_abort@tbb@@QEAA@AEBV01@@Z 00000001800106b0 f i tbb_misc.obj
 0001:0000f6f0       ?PrintExtraVersionInfo@internal@tbb@@YAXPEBD0ZZ 00000001800106f0 f   tbb_misc.obj
 0001:0000f7c0       ?PrintRMLVersionInfo@internal@tbb@@YAXPEAXPEBD@Z 00000001800107c0 f   tbb_misc.obj
 0001:0000f7d0       TBB_runtime_interface_version 00000001800107d0 f   tbb_misc.obj
 0001:0000fb30       ?allocate@allocate_root_proxy@internal@tbb@@SAAEAVtask@3@_K@Z 0000000180010b30 f   task.obj
 0001:0000fbb0       ?free@allocate_root_proxy@internal@tbb@@SAXAEAVtask@3@@Z 0000000180010bb0 f   task.obj
 0001:0000fc20       ?allocate@allocate_root_with_context_proxy@internal@tbb@@QEBAAEAVtask@3@_K@Z 0000000180010c20 f   task.obj
 0001:0000fd20       ?free@allocate_root_with_context_proxy@internal@tbb@@QEBAXAEAVtask@3@@Z 0000000180010d20 f   task.obj
 0001:0000fd20       ?free@allocate_child_proxy@internal@tbb@@QEBAXAEAVtask@3@@Z 0000000180010d20 f   task.obj
 0001:0000fd90       ?allocate@allocate_continuation_proxy@internal@tbb@@QEBAAEAVtask@3@_K@Z 0000000180010d90 f   task.obj
 0001:0000fdf0       ?free@allocate_continuation_proxy@internal@tbb@@QEBAXAEAVtask@3@@Z 0000000180010df0 f   task.obj
 0001:0000fe70       ?allocate@allocate_child_proxy@internal@tbb@@QEBAAEAVtask@3@_K@Z 0000000180010e70 f   task.obj
 0001:0000fed0       ?allocate@allocate_additional_child_of_proxy@internal@tbb@@QEBAAEAVtask@3@_K@Z 0000000180010ed0 f   task.obj
 0001:0000ff40       ?free@allocate_additional_child_of_proxy@internal@tbb@@QEBAXAEAVtask@3@@Z 0000000180010f40 f   task.obj
 0001:00010000       ?get_initial_auto_partitioner_divisor@internal@tbb@@YA_KXZ 0000000180011000 f   task.obj
 0001:00010050       ?resize@affinity_partitioner_base_v3@internal@tbb@@AEAAXI@Z 0000000180011050 f   task.obj
 0001:00010150       ?internal_set_ref_count@task@tbb@@AEAAXH@Z 0000000180011150 f   task.obj
 0001:00010190       ?internal_decrement_ref_count@task@tbb@@AEAA_JXZ 0000000180011190 f   task.obj
 0001:000101f0       ?self@task@tbb@@SAAEAV12@XZ 00000001800111f0 f   task.obj
 0001:00010230       __acrt_uninitialize_critical 0000000180011230 f   MSVCRT:ucrt_stubs.obj
 0001:00010230       __acrt_thread_detach       0000000180011230 f   MSVCRT:ucrt_stubs.obj
 0001:00010230       ?is_owned_by_current_thread@task@tbb@@QEBA_NXZ 0000000180011230 f   task.obj
 0001:00010230       __vcrt_thread_detach       0000000180011230 f   MSVCRT:ucrt_stubs.obj
 0001:00010230       __vcrt_uninitialize_critical 0000000180011230 f   MSVCRT:ucrt_stubs.obj
 0001:00010230       __scrt_stub_for_acrt_thread_attach 0000000180011230 f   MSVCRT:ucrt_stubs.obj
 0001:00010230       __vcrt_thread_attach       0000000180011230 f   MSVCRT:ucrt_stubs.obj
 0001:00010230       __acrt_thread_attach       0000000180011230 f   MSVCRT:ucrt_stubs.obj
 0001:00010230       __acrt_initialize          0000000180011230 f   MSVCRT:ucrt_stubs.obj
 0001:00010230       __acrt_uninitialize        0000000180011230 f   MSVCRT:ucrt_stubs.obj
 0001:00010230       __scrt_stub_for_acrt_uninitialize 0000000180011230 f   MSVCRT:ucrt_stubs.obj
 0001:00010230       __vcrt_initialize          0000000180011230 f   MSVCRT:ucrt_stubs.obj
 0001:00010230       __scrt_stub_for_acrt_uninitialize_critical 0000000180011230 f   MSVCRT:ucrt_stubs.obj
 0001:00010230       __vcrt_uninitialize        0000000180011230 f   MSVCRT:ucrt_stubs.obj
 0001:00010230       __scrt_stub_for_acrt_initialize 0000000180011230 f   MSVCRT:ucrt_stubs.obj
 0001:00010230       __scrt_stub_for_acrt_thread_detach 0000000180011230 f   MSVCRT:ucrt_stubs.obj
 0001:00010240       ?destroy@task_base@internal@interface5@tbb@@SAXAEAVtask@4@@Z 0000000180011240 f   task.obj
 0001:000103b0       ?spawn_and_wait_for_all@task@tbb@@QEAAXAEAVtask_list@2@@Z 00000001800113b0 f   task.obj
 0001:00010450       ?change_group@task@tbb@@QEAAXAEAVtask_group_context@2@@Z 0000000180011450 f   task.obj
 0001:00010520       ??1exception_ptr@std@@QEAA@XZ 0000000180011520 f i task_group_context.obj
 0001:00010530       ??0exception_ptr@std@@QEAA@AEBV01@@Z 0000000180011530 f i task_group_context.obj
 0001:00010550       ??0captured_exception@tbb@@QEAA@AEBV01@@Z 0000000180011550 f i task_group_context.obj
 0001:000105d0       ?throw_self@captured_exception@tbb@@UEAAXXZ 00000001800115d0 f i task_group_context.obj
 0001:00010600       ??_Gcaptured_exception@tbb@@UEAAPEAXI@Z 0000000180011600 f i task_group_context.obj
 0001:00010600       ??_Ecaptured_exception@tbb@@UEAAPEAXI@Z 0000000180011600 f i * CIL library *:* CIL module *
 0001:00010690       ??0tbb_exception@tbb@@QEAA@AEBV01@@Z 0000000180011690 f i task_group_context.obj
 0001:000106d0       ??_Etbb_exception@tbb@@UEAAPEAXI@Z 00000001800116d0 f i * CIL library *:* CIL module *
 0001:000106d0       ??_Gtbb_exception@tbb@@UEAAPEAXI@Z 00000001800116d0 f i task_group_context.obj
 0001:00010740       ?lock@spin_mutex@tbb@@QEAAXXZ 0000000180011740 f i task_group_context.obj
 0001:000107a0       ?duplicate_string@tbb@@YAPEADPEBD@Z 00000001800117a0 f i task_group_context.obj
 0001:00010810       ??1captured_exception@tbb@@UEAA@XZ 0000000180011810 f   task_group_context.obj
 0001:00010860       ?set@captured_exception@tbb@@QEAAXPEBD0@Z 0000000180011860 f   task_group_context.obj
 0001:000108a0       ?clear@captured_exception@tbb@@QEAAXXZ 00000001800118a0 f   task_group_context.obj
 0001:000108e0       ?move@captured_exception@tbb@@UEAAPEAV12@XZ 00000001800118e0 f   task_group_context.obj
 0001:00010960       ?destroy@captured_exception@tbb@@UEAAXXZ 0000000180011960 f   task_group_context.obj
 0001:000109c0       ?name@captured_exception@tbb@@UEBAPEBDXZ 00000001800119c0 f   task_group_context.obj
 0001:000109d0       ?what@captured_exception@tbb@@UEBAPEBDXZ 00000001800119d0 f   task_group_context.obj
 0001:000109e0       ?allocate@tbb_exception_ptr@internal@tbb@@SAPEAV123@AEAVcaptured_exception@3@@Z 00000001800119e0 f   task_group_context.obj
 0001:00010b10       ??1task_group_context@tbb@@QEAA@XZ 0000000180011b10 f   task_group_context.obj
 0001:00010e00       ?init@task_group_context@tbb@@IEAAXXZ 0000000180011e00 f   task_group_context.obj
 0001:00010fb0       ?register_with@task_group_context@tbb@@QEAAXPEAVgeneric_scheduler@internal@2@@Z 0000000180011fb0 f   task_group_context.obj
 0001:000110e0       ?bind_to@task_group_context@tbb@@QEAAXPEAVgeneric_scheduler@internal@2@@Z 00000001800120e0 f   task_group_context.obj
 0001:00011240       ?cancel_group_execution@task_group_context@tbb@@QEAA_NXZ 0000000180012240 f   task_group_context.obj
 0001:00011390       ?is_group_execution_cancelled@task_group_context@tbb@@QEBA_NXZ 0000000180012390 f   task_group_context.obj
 0001:000113a0       ?reset@task_group_context@tbb@@QEAAXXZ 00000001800123a0 f   task_group_context.obj
 0001:00011400       ?capture_fp_settings@task_group_context@tbb@@QEAAXXZ 0000000180012400 f   task_group_context.obj
 0001:00011440       ?register_pending_exception@task_group_context@tbb@@QEAAXXZ 0000000180012440 f   task_group_context.obj
 0001:00011470       ?set_priority@task_group_context@tbb@@QEAAXW4priority_t@2@@Z 0000000180012470 f   task_group_context.obj
 0001:00011610       ?priority@task_group_context@tbb@@QEBA?AW4priority_t@2@XZ 0000000180012610 f   task_group_context.obj
 0001:00011630       ??$propagate_task_group_state@_K@generic_scheduler@internal@tbb@@QEAAXPEQtask_group_context@2@_KAEAV32@_K@Z 0000000180012630 f i task_group_context.obj
 0001:00011730       ??$propagate_task_group_state@_J@generic_scheduler@internal@tbb@@QEAAXPEQtask_group_context@2@_JAEAV32@_J@Z 0000000180012730 f i task_group_context.obj
 0001:00011840       ?initialize_cilk_interop@internal@tbb@@YA_NXZ 0000000180012840 f   governor.obj
 0001:00011870       ?sign_on@governor@internal@tbb@@SAXPEAVgeneric_scheduler@23@@Z 0000000180012870 f   governor.obj
 0001:000118f0       ?one_time_init@governor@internal@tbb@@SAXXZ 00000001800128f0 f   governor.obj
 0001:000119b0       ?init_scheduler@governor@internal@tbb@@SAPEAVgeneric_scheduler@23@H_K_N@Z 00000001800129b0 f   governor.obj
 0001:00011af0       ?auto_terminate@governor@internal@tbb@@CAXPEAX@Z 0000000180012af0 f   governor.obj
 0001:00011b80       ?stack_op_handler@governor@internal@tbb@@SAHW4__cilk_tbb_stack_op@@PEAX@Z 0000000180012b80 f   governor.obj
 0001:00011c10       ?initialization_impl@numa_topology@internal@tbb@@YAXXZ 0000000180012c10 f   governor.obj
 0001:00011e80       ?initialize@numa_topology@internal@tbb@@YAXXZ 0000000180012e80 f   governor.obj
 0001:00011f30       ?nodes_count@numa_topology@internal@tbb@@YAIXZ 0000000180012f30 f   governor.obj
 0001:00011f50       ?fill@numa_topology@internal@tbb@@YAXPEAH@Z 0000000180012f50 f   governor.obj
 0001:00011fa0       ?default_concurrency@numa_topology@internal@tbb@@YAHH@Z 0000000180012fa0 f   governor.obj
 0001:00011fd0       ?initialize@task_scheduler_init@tbb@@QEAAXH@Z 0000000180012fd0 f   governor.obj
 0001:00011fe0       ?initialize@task_scheduler_init@tbb@@QEAAXH_K@Z 0000000180012fe0 f   governor.obj
 0001:000122d0       ?internal_terminate@task_scheduler_init@tbb@@AEAA_N_N@Z 00000001800132d0 f   governor.obj
 0001:00012410       ?terminate@task_scheduler_init@tbb@@QEAAXXZ 0000000180013410 f   governor.obj
 0001:00012420       ?internal_blocking_terminate@task_scheduler_init@tbb@@AEAA_N_N@Z 0000000180013420 f   governor.obj
 0001:00012460       ?default_num_threads@task_scheduler_init@tbb@@SAHXZ 0000000180013460 f   governor.obj
 0001:00012470       ??1scoped_lock@spin_rw_mutex_v3@tbb@@QEAA@XZ 0000000180013470 f i market.obj
 0001:000124a0       ?max_job_count@market@internal@tbb@@EEBAIXZ 00000001800134a0 f i market.obj
 0001:000124b0       ?min_stack_size@market@internal@tbb@@EEBA_KXZ 00000001800134b0 f i market.obj
 0001:000124c0       _get_startup_argv_mode     00000001800134c0 f i MSVCRT:argv_mode.obj
 0001:000124c0       ?policy@market@internal@tbb@@EEBA?AW4policy_type@client@rml@@XZ 00000001800134c0 f i market.obj
 0001:000124d0       ?global_market@market@internal@tbb@@CAAEAV123@_NI_K@Z 00000001800134d0 f   market.obj
 0001:00012870       ?release@market@internal@tbb@@QEAA_N_N0@Z 0000000180013870 f   market.obj
 0001:000129f0       ?set_active_num_workers@market@internal@tbb@@SAXI@Z 00000001800139f0 f   market.obj
 0001:00012c70       ?create_arena@market@internal@tbb@@SAPEAVarena@23@HH_K@Z 0000000180013c70 f   market.obj
 0001:00012dd0       ?try_destroy_arena@market@internal@tbb@@QEAAXPEAVarena@23@_K@Z 0000000180013dd0 f   market.obj
 0001:00012f30       ?arena_in_need@market@internal@tbb@@AEAAPEAVarena@23@PEAV423@@Z 0000000180013f30 f   market.obj
 0001:00013090       ?update_allotment@market@internal@tbb@@AEAAX_J@Z 0000000180014090 f   market.obj
 0001:000131e0       ?enable_mandatory_concurrency@market@internal@tbb@@QEAAXPEAVarena@23@@Z 00000001800141e0 f   market.obj
 0001:000132e0       ?mandatory_concurrency_disable@market@internal@tbb@@QEAAXPEAVarena@23@@Z 00000001800142e0 f   market.obj
 0001:00013400       ?adjust_demand@market@internal@tbb@@QEAAXAEAVarena@23@H@Z 0000000180014400 f   market.obj
 0001:000136c0       ?process@market@internal@tbb@@EEAAXAEAVjob@rml@@@Z 00000001800146c0 f   market.obj
 0001:00013750       ?cleanup@market@internal@tbb@@EEAAXAEAVjob@rml@@@Z 0000000180014750 f   market.obj
 0001:00013850       ?acknowledge_close_connection@market@internal@tbb@@EEAAXXZ 0000000180014850 f   market.obj
 0001:00013870       ?create_one_job@market@internal@tbb@@EEAAPEAVjob@rml@@XZ 0000000180014870 f   market.obj
 0001:00013920       ?update_arena_top_priority@market@internal@tbb@@AEAAXAEAVarena@23@_J@Z 0000000180014920 f   market.obj
 0001:00013a30       ?update_arena_priority@market@internal@tbb@@QEAA_NAEAVarena@23@_J@Z 0000000180014a30 f   market.obj
 0001:00013c10       ?rethrow_exception@std@@YAXVexception_ptr@1@@Z 0000000180014c10 f i arena.obj
 0001:00013c20       ?throw_self@tbb_exception_ptr@internal@tbb@@QEAAXXZ 0000000180014c20 f i arena.obj
 0001:00013c40       ??_Etask_scheduler_observer_v3@internal@tbb@@UEAAPEAXI@Z 0000000180014c40 f i * CIL library *:* CIL module *
 0001:00013c40       ??_Gtask_scheduler_observer_v3@internal@tbb@@UEAAPEAXI@Z 0000000180014c40 f i arena.obj
 0001:00013c90       ??1task_scheduler_observer@interface6@tbb@@UEAA@XZ 0000000180014c90 f i arena.obj
 0001:00013ce0       ??_Gtask_scheduler_observer@interface6@tbb@@UEAAPEAXI@Z 0000000180014ce0 f i arena.obj
 0001:00013ce0       ??_Etask_scheduler_observer@interface6@tbb@@UEAAPEAXI@Z 0000000180014ce0 f i * CIL library *:* CIL module *
 0001:00013d50       ?notify_entry_observers@observer_list@internal@tbb@@QEAAXAEAPEAVobserver_proxy@23@_N@Z 0000000180014d50 f i arena.obj
 0001:00013ee0       ?notify_exit_observers@observer_list@internal@tbb@@QEAAXAEAPEAVobserver_proxy@23@_N@Z 0000000180014ee0 f i arena.obj
 0001:00014060       ?notify_one@concurrent_monitor@internal@tbb@@QEAAXXZ 0000000180015060 f i arena.obj
 0001:00014130       ?on_scheduler_entry@numa_binding_observer@internal@tbb@@UEAAX_N@Z 0000000180015130 f i arena.obj
 0001:00014180       ?on_scheduler_exit@numa_binding_observer@internal@tbb@@UEAAX_N@Z 0000000180015180 f i arena.obj
 0001:000141c0       ??_Enuma_binding_observer@internal@tbb@@UEAAPEAXI@Z 00000001800151c0 f i * CIL library *:* CIL module *
 0001:000141c0       ??_Gnuma_binding_observer@internal@tbb@@UEAAPEAXI@Z 00000001800151c0 f i arena.obj
 0001:00014240       ?occupy_free_slot_in_range@arena@internal@tbb@@QEAA_KAEAVgeneric_scheduler@23@_K1@Z 0000000180015240 f   arena.obj
 0001:00014330       ?process@arena@internal@tbb@@QEAAXAEAVgeneric_scheduler@23@@Z 0000000180015330 f   arena.obj
 0001:00014550       ??0arena@internal@tbb@@QEAA@AEAVmarket@12@II@Z 0000000180015550 f   arena.obj
 0001:000147a0       ??1?$padded@Uarena_base@internal@tbb@@$0IA@@internal@tbb@@QEAA@XZ 00000001800157a0 f i arena.obj
 0001:000147d0       ?free_arena@arena@internal@tbb@@QEAAXXZ 00000001800157d0 f   arena.obj
 0001:00014a30       ?is_out_of_work@arena@internal@tbb@@QEAA_NXZ 0000000180015a30 f   arena.obj
 0001:00014ef0       ?enqueue_task@arena@internal@tbb@@QEAAXAEAVtask@3@_JAEAVFastRandom@23@@Z 0000000180015ef0 f   arena.obj
 0001:00014fe0       ??0nested_arena_context@internal@tbb@@QEAA@PEAVgeneric_scheduler@12@PEAVarena@12@_K_N3@Z 0000000180015fe0 f i arena.obj
 0001:00015230       ??1nested_arena_context@internal@tbb@@QEAA@XZ 0000000180016230 f i arena.obj
 0001:000153c0       ??0auto_empty_task@internal@tbb@@QEAA@PEAVgeneric_scheduler@12@PEAVtask_group_context@2@@Z 00000001800163c0 f i arena.obj
 0001:000154c0       ??1auto_empty_task@internal@tbb@@QEAA@XZ 00000001800164c0 f i arena.obj
 0001:000154e0       ?internal_initialize@task_arena_base@internal@interface7@tbb@@IEAAXXZ 00000001800164e0 f   arena.obj
 0001:00015780       ?internal_terminate@task_arena_base@internal@interface7@tbb@@IEAAXXZ 0000000180016780 f   arena.obj
 0001:000158a0       ?internal_attach@task_arena_base@internal@interface7@tbb@@IEAAXXZ 00000001800168a0 f   arena.obj
 0001:00015920       ?internal_enqueue@task_arena_base@internal@interface7@tbb@@IEBAXAEAVtask@4@_J@Z 0000000180016920 f   arena.obj
 0001:00015990       ?execute@delegated_task@internal@interface7@tbb@@EEAAPEAVtask@4@XZ 0000000180016990 f i arena.obj
 0001:00015a30       ??1outermost_context@?1??execute@delegated_task@internal@interface7@tbb@@EEAAPEAVtask@5@XZ@QEAA@XZ 0000000180016a30 f i arena.obj
 0001:00015a60       ??_Edelegated_task@internal@interface7@tbb@@EEAAPEAXI@Z 0000000180016a60 f i * CIL library *:* CIL module *
 0001:00015a60       ??_Gdelegated_task@internal@interface7@tbb@@EEAAPEAXI@Z 0000000180016a60 f i arena.obj
 0001:00015bf0       ?internal_execute@task_arena_base@internal@interface7@tbb@@IEBAXAEAVdelegate_base@234@@Z 0000000180016bf0 f   arena.obj
 0001:000162b0       ?execute@wait_task@internal@interface7@tbb@@EEAAPEAVtask@4@XZ 00000001800172b0 f i arena.obj
 0001:00016320       ??_E?$function_task@Vspawn_functor@graph@interface10@flow@tbb@@@internal@tbb@@UEAAPEAXI@Z 0000000180017320 f i * CIL library *:* CIL module *
 0001:00016320       ??_G?$function_task@Vspawn_functor@graph@interface10@flow@tbb@@@internal@tbb@@UEAAPEAXI@Z 0000000180017320 f i arena.obj
 0001:00016320       ??_Gwait_task@internal@interface7@tbb@@UEAAPEAXI@Z 0000000180017320 f i arena.obj
 0001:00016320       ??_Ewait_task@internal@interface7@tbb@@UEAAPEAXI@Z 0000000180017320 f i * CIL library *:* CIL module *
 0001:00016350       ?internal_wait@task_arena_base@internal@interface7@tbb@@IEBAXXZ 0000000180017350 f   arena.obj
 0001:00016600       ?internal_current_slot@task_arena_base@internal@interface7@tbb@@KAHXZ 0000000180017600 f   arena.obj
 0001:00016630       ??1isolation_guard@internal@interface7@tbb@@QEAA@XZ 0000000180017630 f i arena.obj
 0001:00016640       ?isolate_within_arena@internal@interface7@tbb@@YAXAEAVdelegate_base@123@_J@Z 0000000180017640 f   arena.obj
 0001:000166d0       ?internal_max_concurrency@task_arena_base@internal@interface7@tbb@@KAHPEBVtask_arena@34@@Z 00000001800176d0 f   arena.obj
 0001:00016720       ?restore_default@?$context_guard_helper@$00@internal@tbb@@QEAAXXZ 0000000180017720 f i scheduler.obj
 0001:00016720       ?restore_default@?$context_guard_helper@$0A@@internal@tbb@@QEAAXXZ 0000000180017720 f i arena.obj
 0001:00016760       ??1?$context_guard_helper@$0A@@internal@tbb@@QEAA@XZ 0000000180017760 f i arena.obj
 0001:00016780       ?execute@?$function_task@Vspawn_functor@graph@interface10@flow@tbb@@@internal@tbb@@EEAAPEAVtask@3@XZ 0000000180017780 f i arena.obj
 0001:000167a0       ?push@?$task_stream@$02@internal@tbb@@QEAAXPEAVtask@3@HAEAVFastRandom@23@@Z 00000001800177a0 f i arena.obj
 0001:00016900       ??1?$task_stream@$02@internal@tbb@@QEAA@XZ 0000000180017900 f i arena.obj
 0001:00016970       ??0?$padded@U?$queue_and_mutex@PEAVtask@tbb@@Vspin_mutex@2@@internal@tbb@@$0IA@@internal@tbb@@QEAA@XZ 0000000180017970 f i arena.obj
 0001:000169e0       ??1?$padded@U?$queue_and_mutex@PEAVtask@tbb@@Vspin_mutex@2@@internal@tbb@@$0IA@@internal@tbb@@QEAA@XZ 00000001800179e0 f i arena.obj
 0001:000169f0       ??1?$deque@PEAVtask@tbb@@V?$tbb_allocator@PEAVtask@tbb@@@2@@std@@QEAA@XZ 00000001800179f0 f i arena.obj
 0001:00016a90       ??$advertise_new_work@$01@arena@internal@tbb@@QEAAXXZ 0000000180017a90 f i arena.obj
 0001:00016b60       ??$on_thread_leaving@$00@arena@internal@tbb@@QEAAXXZ 0000000180017b60 f i arena.obj
 0001:00016bf0       ??$occupy_free_slot@$0A@@arena@internal@tbb@@QEAA_KAEAVgeneric_scheduler@12@@Z 0000000180017bf0 f i arena.obj
 0001:00016cb0       ?_Growmap@?$deque@PEAVtask@tbb@@V?$tbb_allocator@PEAVtask@tbb@@@2@@std@@AEAAX_K@Z 0000000180017cb0 f i arena.obj
 0001:00016e10       ?_Xlen@?$deque@PEAVtask@tbb@@V?$tbb_allocator@PEAVtask@tbb@@@2@@std@@AEBAXXZ 0000000180017e10 f i arena.obj
 0001:00016e30       ??1scheduler@internal@tbb@@UEAA@XZ 0000000180017e30 f   scheduler.obj
 0001:00016e40       ??0generic_scheduler@internal@tbb@@IEAA@AEAVmarket@12@_N@Z 0000000180017e40 f   scheduler.obj
 0001:00017030       ??_Egeneric_scheduler@internal@tbb@@UEAAPEAXI@Z 0000000180018030 f i * CIL library *:* CIL module *
 0001:00017030       ??_E?$custom_scheduler@UIntelSchedulerTraits@internal@tbb@@@internal@tbb@@UEAAPEAXI@Z 0000000180018030 f i * CIL library *:* CIL module *
 0001:00017030       ??_E?$custom_scheduler@UDefaultSchedulerTraits@internal@tbb@@@internal@tbb@@UEAAPEAXI@Z 0000000180018030 f i * CIL library *:* CIL module *
 0001:00017030       ??_Ggeneric_scheduler@internal@tbb@@UEAAPEAXI@Z 0000000180018030 f i scheduler.obj
 0001:00017030       ??_G?$custom_scheduler@UIntelSchedulerTraits@internal@tbb@@@internal@tbb@@UEAAPEAXI@Z 0000000180018030 f i scheduler.obj
 0001:00017030       ??_G?$custom_scheduler@UDefaultSchedulerTraits@internal@tbb@@@internal@tbb@@UEAAPEAXI@Z 0000000180018030 f i scheduler.obj
 0001:00017060       ?cleanup_scheduler@generic_scheduler@internal@tbb@@QEAAXXZ 0000000180018060 f   scheduler.obj
 0001:00017260       ?allocate_task@generic_scheduler@internal@tbb@@QEAAAEAVtask@3@_KPEAV43@PEAVtask_group_context@3@@Z 0000000180018260 f   scheduler.obj
 0001:000173a0       ?prepare_task_pool@generic_scheduler@internal@tbb@@QEAA_K_K@Z 00000001800183a0 f i scheduler.obj
 0001:000176b0       ?acquire_task_pool@generic_scheduler@internal@tbb@@QEBAXXZ 00000001800186b0 f i scheduler.obj
 0001:00017770       ?prepare_for_spawning@generic_scheduler@internal@tbb@@QEAAPEAVtask@3@PEAV43@@Z 0000000180018770 f i scheduler.obj
 0001:000178d0       ?local_spawn@generic_scheduler@internal@tbb@@QEAAXPEAVtask@3@AEAPEAV43@@Z 00000001800188d0 f   scheduler.obj
 0001:00017bf0       ?spawn@generic_scheduler@internal@tbb@@UEAAXAEAVtask@3@AEAPEAV43@@Z 0000000180018bf0 f   scheduler.obj
 0001:00017c40       ?spawn_root_and_wait@generic_scheduler@internal@tbb@@UEAAXAEAVtask@3@AEAPEAV43@@Z 0000000180018c40 f   scheduler.obj
 0001:00017d20       ?enqueue@generic_scheduler@internal@tbb@@UEAAXAEAVtask@3@PEAX@Z 0000000180018d20 f   scheduler.obj
 0001:00017d80       ??1auto_indicator@internal@tbb@@QEAA@XZ 0000000180018d80 f i scheduler.obj
 0001:00017d90       ?get_task_and_activate_task_pool@generic_scheduler@internal@tbb@@QEAAPEAVtask@3@_K0_J@Z 0000000180018d90 f   scheduler.obj
 0001:00017ee0       ?winnow_task_pool@generic_scheduler@internal@tbb@@QEAAPEAVtask@3@_J@Z 0000000180018ee0 f   scheduler.obj
 0001:00017fb0       ?reload_tasks@generic_scheduler@internal@tbb@@QEAAPEAVtask@3@AEAPEAV43@AEAPEAPEAV43@_J2@Z 0000000180018fb0 f   scheduler.obj
 0001:000182d0       ?reload_tasks@generic_scheduler@internal@tbb@@QEAAPEAVtask@3@_J@Z 00000001800192d0 f   scheduler.obj
 0001:00018410       ?get_task@generic_scheduler@internal@tbb@@QEAAPEAVtask@3@_K_JAEA_N@Z 0000000180019410 f i scheduler.obj
 0001:000185d0       ?get_task@generic_scheduler@internal@tbb@@QEAAPEAVtask@3@_J@Z 00000001800195d0 f i scheduler.obj
 0001:00018840       ?steal_task@generic_scheduler@internal@tbb@@QEAAPEAVtask@3@_J@Z 0000000180019840 f   scheduler.obj
 0001:00018930       ?steal_task_from@generic_scheduler@internal@tbb@@QEAAPEAVtask@3@AEAUarena_slot@23@_J@Z 0000000180019930 f   scheduler.obj
 0001:00018b20       ?get_mailbox_task@generic_scheduler@internal@tbb@@QEAAPEAVtask@3@_J@Z 0000000180019b20 f   scheduler.obj
 0001:00018c50       ?create_master@generic_scheduler@internal@tbb@@SAPEAV123@PEAVarena@23@@Z 0000000180019c50 f   scheduler.obj
 0001:00018e90       ?cleanup_master@generic_scheduler@internal@tbb@@QEAA_N_N@Z 0000000180019e90 f   scheduler.obj
 0001:00019120       ??1?$fast_reverse_vector@PEAVtask@tbb@@$0BA@@internal@tbb@@QEAA@XZ 000000018001a120 f i scheduler.obj
 0001:00019170       ?allocate_scheduler@?$custom_scheduler@UIntelSchedulerTraits@internal@tbb@@@internal@tbb@@SAPEAVgeneric_scheduler@23@AEAVmarket@23@_N@Z 000000018001a170 f i scheduler.obj
 0001:00019200       ?wait_for_all@?$custom_scheduler@UIntelSchedulerTraits@internal@tbb@@@internal@tbb@@EEAAXAEAVtask@3@PEAV43@@Z 000000018001a200 f i scheduler.obj
 0001:00019250       ?allocate_scheduler@?$custom_scheduler@UDefaultSchedulerTraits@internal@tbb@@@internal@tbb@@SAPEAVgeneric_scheduler@23@AEAVmarket@23@_N@Z 000000018001a250 f i scheduler.obj
 0001:000192e0       ?wait_for_all@?$custom_scheduler@UDefaultSchedulerTraits@internal@tbb@@@internal@tbb@@EEAAXAEAVtask@3@PEAV43@@Z 000000018001a2e0 f i scheduler.obj
 0001:00019330       ?local_wait_for_all@?$custom_scheduler@UDefaultSchedulerTraits@internal@tbb@@@internal@tbb@@EEAAXAEAVtask@3@PEAV43@@Z 000000018001a330 f i scheduler.obj
 0001:000197a0       ?receive_or_steal_task@?$custom_scheduler@UDefaultSchedulerTraits@internal@tbb@@@internal@tbb@@UEAAPEAVtask@3@AEA_J_J@Z 000000018001a7a0 f i scheduler.obj
 0001:00019ca0       ?local_wait_for_all@?$custom_scheduler@UIntelSchedulerTraits@internal@tbb@@@internal@tbb@@EEAAXAEAVtask@3@PEAV43@@Z 000000018001aca0 f i scheduler.obj
 0001:00019fd0       ?receive_or_steal_task@?$custom_scheduler@UIntelSchedulerTraits@internal@tbb@@@internal@tbb@@UEAAPEAVtask@3@AEA_J_J@Z 000000018001afd0 f i scheduler.obj
 0001:0001a430       ??$advertise_new_work@$0A@@arena@internal@tbb@@QEAAXXZ 000000018001b430 f i scheduler.obj
 0001:0001a4d0       ??$free_task@$0A@@generic_scheduler@internal@tbb@@QEAAXAEAVtask@2@@Z 000000018001b4d0 f i scheduler.obj
 0001:0001a4d0       ??$free_task@$05@generic_scheduler@internal@tbb@@QEAAXAEAVtask@2@@Z 000000018001b4d0 f i scheduler.obj
 0001:0001a5d0       ??1?$context_guard_helper@$00@internal@tbb@@QEAA@XZ 000000018001b5d0 f i scheduler.obj
 0001:0001a640       ?pop@?$task_stream@$02@internal@tbb@@QEAAPEAVtask@3@HAEAI@Z 000000018001b640 f i scheduler.obj
 0001:0001a760       ?process_bypass_loop@?$custom_scheduler@UDefaultSchedulerTraits@internal@tbb@@@internal@tbb@@AEAA_NAEAV?$context_guard_helper@$00@23@PEAVtask@3@_J@Z 000000018001b760 f i scheduler.obj
 0001:0001aaa0       ?process_bypass_loop@?$custom_scheduler@UIntelSchedulerTraits@internal@tbb@@@internal@tbb@@AEAA_NAEAV?$context_guard_helper@$0A@@23@PEAVtask@3@_J@Z 000000018001baa0 f i scheduler.obj
 0001:0001ad50       ?tally_completion_of_predecessor@?$custom_scheduler@UIntelSchedulerTraits@internal@tbb@@@internal@tbb@@AEAAXAEAVtask@3@AEAPEAV43@_J@Z 000000018001bd50 f i scheduler.obj
 0001:0001ae70       ?tally_completion_of_predecessor@?$custom_scheduler@UDefaultSchedulerTraits@internal@tbb@@@internal@tbb@@AEAAXAEAVtask@3@AEAPEAV43@_J@Z 000000018001be70 f i scheduler.obj
 0001:0001afb0       ?insert@observer_list@internal@tbb@@QEAAXPEAVobserver_proxy@23@@Z 000000018001bfb0 f   observer_proxy.obj
 0001:0001b040       ?remove_ref@observer_list@internal@tbb@@QEAAXPEAVobserver_proxy@23@@Z 000000018001c040 f   observer_proxy.obj
 0001:0001b110       ?observe@task_scheduler_observer_v3@internal@tbb@@QEAAX_N@Z 000000018001c110 f   observer_proxy.obj
 0001:0001b3d0       ?terminate_auto_initialized_scheduler@governor@internal@tbb@@SAXXZ 000000018001c3d0 f i tbb_main.obj
 0001:0001b470       ?add_ref@__TBB_InitOnce@internal@tbb@@SAXXZ 000000018001c470 f   tbb_main.obj
 0001:0001b4e0       ?remove_ref@__TBB_InitOnce@internal@tbb@@SAXXZ 000000018001c4e0 f   tbb_main.obj
 0001:0001b5a0       ?ITT_DoUnsafeOneTimeInitialization@internal@tbb@@YAXXZ 000000018001c5a0 f   tbb_main.obj
 0001:0001b6c0       ITT_DoOneTimeInitialization 000000018001c6c0 f   tbb_main.obj
 0001:0001b740       ?DoOneTimeInitializations@internal@tbb@@YAXXZ 000000018001c740 f   tbb_main.obj
 0001:0001ba00       DllMain                    000000018001ca00 f   tbb_main.obj
 0001:0001ba50       ?itt_store_pointer_with_release_v3@internal@tbb@@YAXPEAX0@Z 000000018001ca50 f   tbb_main.obj
 0001:0001ba90       ?itt_load_pointer_with_acquire_v3@internal@tbb@@YAPEAXPEBX@Z 000000018001ca90 f   tbb_main.obj
 0001:0001bab0       ?call_itt_notify_v5@internal@tbb@@YAXHPEAX@Z 000000018001cab0 f   tbb_main.obj
 0001:0001bb00       ?itt_make_task_group_v7@internal@tbb@@YAXW4itt_domain_enum@12@PEAX_K12W4string_index@12@@Z 000000018001cb00 f   tbb_main.obj
 0001:0001bc80       ?itt_metadata_str_add_v7@internal@tbb@@YAXW4itt_domain_enum@12@PEAX_KW4string_index@12@PEBD@Z 000000018001cc80 f   tbb_main.obj
 0001:0001bd60       ?itt_metadata_ptr_add_v11@internal@tbb@@YAXW4itt_domain_enum@12@PEAX_KW4string_index@12@1@Z 000000018001cd60 f   tbb_main.obj
 0001:0001be40       ?itt_relation_add_v7@internal@tbb@@YAXW4itt_domain_enum@12@PEAX_KW4itt_relation@12@12@Z 000000018001ce40 f   tbb_main.obj
 0001:0001bf30       ?itt_task_begin_v7@internal@tbb@@YAXW4itt_domain_enum@12@PEAX_K12W4string_index@12@@Z 000000018001cf30 f   tbb_main.obj
 0001:0001c050       ?itt_task_end_v7@internal@tbb@@YAXW4itt_domain_enum@12@@Z 000000018001d050 f   tbb_main.obj
 0001:0001c0a0       ?itt_region_begin_v9@internal@tbb@@YAXW4itt_domain_enum@12@PEAX_K12W4string_index@12@@Z 000000018001d0a0 f   tbb_main.obj
 0001:0001c190       ?itt_region_end_v9@internal@tbb@@YAXW4itt_domain_enum@12@PEAX_K@Z 000000018001d190 f   tbb_main.obj
 0001:0001c220       ?itt_load_pointer_v3@internal@tbb@@YAPEAXPEBX@Z 000000018001d220 f   tbb_main.obj
 0001:0001c230       ?itt_set_sync_name_v3@internal@tbb@@YAXPEAXPEB_W@Z 000000018001d230 f   tbb_main.obj
 0001:0001c240       ?is_first_arg_preferred@control_storage@internal@tbb@@MEBA_N_K0@Z 000000018001d240 f i tbb_main.obj
 0001:0001c250       ?active_value@control_storage@internal@tbb@@MEBA_KXZ 000000018001d250 f i tbb_main.obj
 0001:0001c270       ?default_value@allowed_parallelism_control@internal@tbb@@EEBA_KXZ 000000018001d270 f i tbb_main.obj
 0001:0001c290       ?is_first_arg_preferred@allowed_parallelism_control@internal@tbb@@EEBA_N_K0@Z 000000018001d290 f i tbb_main.obj
 0001:0001c2a0       ?apply_active@allowed_parallelism_control@internal@tbb@@EEBAXXZ 000000018001d2a0 f i tbb_main.obj
 0001:0001c2b0       ?active_value@allowed_parallelism_control@internal@tbb@@EEBA_KXZ 000000018001d2b0 f i tbb_main.obj
 0001:0001c370       ?default_value@stack_size_control@internal@tbb@@EEBA_KXZ 000000018001d370 f i tbb_main.obj
 0001:0001c380       ?internal_create@global_control@interface9@tbb@@AEAAXXZ 000000018001d380 f   tbb_main.obj
 0001:0001c4f0       ?internal_destroy@global_control@interface9@tbb@@AEAAXXZ 000000018001d4f0 f   tbb_main.obj
 0001:0001c6c0       ?active_value@global_control@interface9@tbb@@CA_KH@Z 000000018001d6c0 f   tbb_main.obj
 0001:0001c770       ?internal_grow_to_at_least@concurrent_vector_base@internal@tbb@@IEAAX_K0P6AXPEAX0@Z@Z 000000018001d770 f   concurrent_vector_v2.obj
 0001:0001c7b0       ?extend_segment_if_necessary@helper@concurrent_vector_base@internal@tbb@@SAXAEAV234@_K@Z 000000018001d7b0 f i concurrent_vector_v2.obj
 0001:0001c880       ?internal_capacity@concurrent_vector_base@internal@tbb@@IEBA_KXZ 000000018001d880 f   concurrent_vector_v2.obj
 0001:0001c8d0       ?internal_reserve@concurrent_vector_base@internal@tbb@@IEAAX_K00@Z 000000018001d8d0 f   concurrent_vector_v2.obj
 0001:0001ca30       ?internal_copy@concurrent_vector_base@internal@tbb@@IEAAXAEBV123@_KP6AXPEAXPEBX1@Z@Z 000000018001da30 f   concurrent_vector_v2.obj
 0001:0001cb60       ?internal_assign@concurrent_vector_base@internal@tbb@@IEAAXAEBV123@_KP6AXPEAX1@ZP6AX2PEBX1@Z5@Z 000000018001db60 f   concurrent_vector_v2.obj
 0001:0001cd50       ?internal_push_back@concurrent_vector_base@internal@tbb@@IEAAPEAX_KAEA_K@Z 000000018001dd50 f   concurrent_vector_v2.obj
 0001:0001cec0       ?internal_grow_by@concurrent_vector_base@internal@tbb@@IEAA_K_K0P6AXPEAX0@Z@Z 000000018001dec0 f   concurrent_vector_v2.obj
 0001:0001cef0       ?internal_grow@concurrent_vector_base@internal@tbb@@IEAAX_K00P6AXPEAX0@Z@Z 000000018001def0 f   concurrent_vector_v2.obj
 0001:0001d0a0       ?internal_clear@concurrent_vector_base@internal@tbb@@IEAAXP6AXPEAX_K@Z_N@Z 000000018001e0a0 f   concurrent_vector_v2.obj
 0001:0001d1b0       ??1push_finalizer@micro_queue@internal@tbb@@QEAA@XZ 000000018001e1b0 f i concurrent_queue_v2.obj
 0001:0001d1c0       ??1pop_finalizer@micro_queue@internal@tbb@@QEAA@XZ 000000018001e1c0 f i concurrent_queue_v2.obj
 0001:0001d290       ?push@micro_queue@internal@tbb@@QEAAXPEBX_KAEAVconcurrent_queue_base@23@@Z 000000018001e290 f   concurrent_queue_v2.obj
 0001:0001d3e0       ?pop@micro_queue@internal@tbb@@QEAA_NPEAX_KAEAVconcurrent_queue_base@23@@Z 000000018001e3e0 f   concurrent_queue_v2.obj
 0001:0001d560       ??0concurrent_queue_base@internal@tbb@@IEAA@_K@Z 000000018001e560 f   concurrent_queue_v2.obj
 0001:0001d630       ??_Econcurrent_queue_base@internal@tbb@@MEAAPEAXI@Z 000000018001e630 f i * CIL library *:* CIL module *
 0001:0001d630       ??_Gconcurrent_queue_base@internal@tbb@@MEAAPEAXI@Z 000000018001e630 f i concurrent_queue_v2.obj
 0001:0001d6b0       ??1concurrent_queue_base@internal@tbb@@MEAA@XZ 000000018001e6b0 f   concurrent_queue_v2.obj
 0001:0001d710       ?internal_push@concurrent_queue_base@internal@tbb@@IEAAXPEBX@Z 000000018001e710 f   concurrent_queue_v2.obj
 0001:0001d7e0       ?internal_pop@concurrent_queue_base@internal@tbb@@IEAAXPEAX@Z 000000018001e7e0 f   concurrent_queue_v2.obj
 0001:0001d840       ?internal_pop_if_present@concurrent_queue_base@internal@tbb@@IEAA_NPEAX@Z 000000018001e840 f   concurrent_queue_v2.obj
 0001:0001d900       ?internal_push_if_not_full@concurrent_queue_base@internal@tbb@@IEAA_NPEBX@Z 000000018001e900 f   concurrent_queue_v2.obj
 0001:0001d9d0       ?internal_size@concurrent_queue_base@internal@tbb@@IEBA_JXZ 000000018001e9d0 f   concurrent_queue_v2.obj
 0001:0001d9f0       ??0concurrent_queue_iterator_base@internal@tbb@@IEAA@AEBVconcurrent_queue_base@12@@Z 000000018001e9f0 f   concurrent_queue_v2.obj
 0001:0001dad0       ?assign@concurrent_queue_iterator_base@internal@tbb@@IEAAXAEBV123@@Z 000000018001ead0 f   concurrent_queue_v2.obj
 0001:0001db70       ?advance@concurrent_queue_iterator_base@internal@tbb@@IEAAXXZ 000000018001eb70 f   concurrent_queue_v2.obj
 0001:0001dc10       ??1concurrent_queue_iterator_base@internal@tbb@@IEAA@XZ 000000018001ec10 f   concurrent_queue_v2.obj
 0001:0001dc40       ?internal_itt_releasing@spin_rw_mutex@tbb@@CAXPEAV12@@Z 000000018001ec40 f   spin_rw_mutex_v2.obj
 0001:0001dc50       ?internal_release_writer@spin_rw_mutex@tbb@@CAXPEAV12@@Z 000000018001ec50 f   spin_rw_mutex_v2.obj
 0001:0001dc90       ?internal_acquire_reader@spin_rw_mutex@tbb@@CAXPEAV12@@Z 000000018001ec90 f   spin_rw_mutex_v2.obj
 0001:0001dd40       ?internal_upgrade@spin_rw_mutex@tbb@@CA_NPEAV12@@Z 000000018001ed40 f   spin_rw_mutex_v2.obj
 0001:0001df00       ?internal_downgrade@spin_rw_mutex@tbb@@CAXPEAV12@@Z 000000018001ef00 f   spin_rw_mutex_v2.obj
 0001:0001df40       ?internal_try_acquire_reader@spin_rw_mutex@tbb@@CA_NPEAV12@@Z 000000018001ef40 f   spin_rw_mutex_v2.obj
 0001:0001dfc0       ?destroy@task@tbb@@QEAAXAEAV12@@Z 000000018001efc0 f   task_v2.obj
 0001:0001e130       __TBB_machine_fetchadd1    000000018001f130     atomic_support.obj
 0001:0001e138       __TBB_machine_fetchstore1  000000018001f138     atomic_support.obj
 0001:0001e140       __TBB_machine_cmpswp1      000000018001f140     atomic_support.obj
 0001:0001e148       __TBB_machine_fetchadd2    000000018001f148     atomic_support.obj
 0001:0001e158       __TBB_machine_fetchstore2  000000018001f158     atomic_support.obj
 0001:0001e160       __TBB_machine_cmpswp2      000000018001f160     atomic_support.obj
 0001:0001e170       __TBB_machine_pause        000000018001f170     atomic_support.obj
 0001:0001e180       __TBB_get_cpu_ctl_env      000000018001f180     intel64_misc.obj
 0001:0001e188       __TBB_set_cpu_ctl_env      000000018001f188     intel64_misc.obj
 0001:0001e190       __TBB_machine_try_lock_elided 000000018001f190     itsx.obj
 0001:0001e1a0       __TBB_machine_unlock_elided 000000018001f1a0     itsx.obj
 0001:0001e1a8       __TBB_machine_begin_transaction 000000018001f1a8     itsx.obj
 0001:0001e1b8       __TBB_machine_end_transaction 000000018001f1b8     itsx.obj
 0001:0001e1c0       __TBB_machine_transaction_conflict_abort 000000018001f1c0     itsx.obj
 0001:0001e1c8       __TBB_machine_is_in_transaction 000000018001f1c8     itsx.obj
 0001:0001e1f0       __security_check_cookie    000000018001f1f0 f   MSVCRT:amdsecgs.obj
 0001:0001e210       ??_V@YAXPEAX@Z             000000018001f210 f   MSVCRT:delete_array.obj
 0001:0001e210       ??3@YAXPEAX_K@Z            000000018001f210 f   MSVCRT:delete_scalar_size.obj
 0001:0001e218       ??_Etype_info@@UEAAPEAXI@Z 000000018001f218 f i MSVCRT:std_type_info_static.obj
 0001:0001e218       ??_Gtype_info@@UEAAPEAXI@Z 000000018001f218 f i MSVCRT:std_type_info_static.obj
 0001:0001e244       __raise_securityfailure    000000018001f244 f   MSVCRT:gs_report.obj
 0001:0001e278       __report_gsfailure         000000018001f278 f   MSVCRT:gs_report.obj
 0001:0001e34c       __report_rangecheckfailure 000000018001f34c f   MSVCRT:gs_report.obj
 0001:0001e360       __report_securityfailure   000000018001f360 f   MSVCRT:gs_report.obj
 0001:0001e4e0       ??2@YAPEAX_K@Z             000000018001f4e0 f   MSVCRT:new_scalar.obj
 0001:0001e51c       ?__scrt_initialize_type_info@@YAXXZ 000000018001f51c f   MSVCRT:tncleanup.obj
 0001:0001e52c       ?__scrt_uninitialize_type_info@@YAXXZ 000000018001f52c f   MSVCRT:tncleanup.obj
 0001:0001e630       _Init_thread_abort         000000018001f630 f   MSVCRT:thread_safe_statics.obj
 0001:0001e660       _Init_thread_footer        000000018001f660 f   MSVCRT:thread_safe_statics.obj
 0001:0001e6c0       _Init_thread_header        000000018001f6c0 f   MSVCRT:thread_safe_statics.obj
 0001:0001e728       _Init_thread_notify        000000018001f728 f   MSVCRT:thread_safe_statics.obj
 0001:0001e76c       _Init_thread_wait          000000018001f76c f   MSVCRT:thread_safe_statics.obj
 0001:0001e7d0       ??_V@YAXPEAX_K@Z           000000018001f7d0 f   MSVCRT:delete_array_size.obj
 0001:0001e7d8       ??_M@YAXPEAX_K1P6AX0@Z@Z   000000018001f7d8 f   MSVCRT:ehvecdtr.obj
 0001:0001e844       ?__ArrayUnwind@@YAXPEAX_K1P6AX0@Z@Z 000000018001f844 f   MSVCRT:ehvecdtr.obj
 0001:0001e8a8       ??_U@YAPEAX_K@Z            000000018001f8a8 f   MSVCRT:new_array.obj
 0001:0001e8b0       ??_L@YAXPEAX_K1P6AX0@Z2@Z  000000018001f8b0 f   MSVCRT:ehvecctr.obj
 0001:0001e920       __scrt_acquire_startup_lock 000000018001f920 f   MSVCRT:utility.obj
 0001:0001e95c       __scrt_dllmain_after_initialize_c 000000018001f95c f   MSVCRT:utility.obj
 0001:0001e990       __scrt_dllmain_before_initialize_c 000000018001f990 f   MSVCRT:utility.obj
 0001:0001e9a8       __scrt_dllmain_crt_thread_attach 000000018001f9a8 f   MSVCRT:utility.obj
 0001:0001e9d0       __scrt_dllmain_crt_thread_detach 000000018001f9d0 f   MSVCRT:utility.obj
 0001:0001e9e8       __scrt_dllmain_exception_filter 000000018001f9e8 f   MSVCRT:utility.obj
 0001:0001ea48       __scrt_dllmain_uninitialize_c 000000018001fa48 f   MSVCRT:utility.obj
 0001:0001ea78       __scrt_dllmain_uninitialize_critical 000000018001fa78 f   MSVCRT:utility.obj
 0001:0001ea8c       __scrt_initialize_crt      000000018001fa8c f   MSVCRT:utility.obj
 0001:0001ead8       __scrt_initialize_onexit_tables 000000018001fad8 f   MSVCRT:utility.obj
 0001:0001eb64       __scrt_is_nonwritable_in_current_image 000000018001fb64 f   MSVCRT:utility.obj
 0001:0001ebfc       __scrt_release_startup_lock 000000018001fbfc f   MSVCRT:utility.obj
 0001:0001ec20       __scrt_uninitialize_crt    000000018001fc20 f   MSVCRT:utility.obj
 0001:0001ec4c       _onexit                    000000018001fc4c f   MSVCRT:utility.obj
 0001:0001ec88       atexit                     000000018001fc88 f   MSVCRT:utility.obj
 0001:0001eca0       ??3@YAXPEAX@Z              000000018001fca0 f   MSVCRT:delete_scalar.obj
 0001:0001efc8       _DllMainCRTStartup         000000018001ffc8 f   MSVCRT:dll_dllmain.obj
 0001:0001f008       ??0bad_array_new_length@std@@QEAA@AEBV01@@Z 0000000180020008 f i MSVCRT:throw_bad_alloc.obj
 0001:0001f044       ??0bad_array_new_length@std@@QEAA@XZ 0000000180020044 f i MSVCRT:throw_bad_alloc.obj
 0001:0001f064       ??1bad_array_new_length@std@@UEAA@XZ 0000000180020064 f i MSVCRT:throw_bad_alloc.obj
 0001:0001f078       ??_Ebad_array_new_length@std@@UEAAPEAXI@Z 0000000180020078 f i MSVCRT:throw_bad_alloc.obj
 0001:0001f078       ??_Gbad_array_new_length@std@@UEAAPEAXI@Z 0000000180020078 f i MSVCRT:throw_bad_alloc.obj
 0001:0001f0bc       ?__scrt_throw_std_bad_alloc@@YAXXZ 00000001800200bc f   MSVCRT:throw_bad_alloc.obj
[...]
 0002:0000adc2       $N00098                    000000018002cdc2     tbb.exp
 0002:0000ae17       $N00099                    000000018002ce17     tbb.exp
 0002:0000ae6f       $N00100                    000000018002ce6f     tbb.exp
 0002:0000aea7       $N00101                    000000018002cea7     tbb.exp
 0002:0000aeed       $N00102                    000000018002ceed     tbb.exp
 0002:0000af1e       $N00103                    000000018002cf1e     tbb.exp
 0002:0000af57       $N00104                    000000018002cf57     tbb.exp
 0002:0000af7c       $N00105                    000000018002cf7c     tbb.exp
 0002:0000afb9       $N00106                    000000018002cfb9     tbb.exp
 0002:0000afe8       $N00107                    000000018002cfe8     tbb.exp
 0002:0000b031       $N00108                    000000018002d031     tbb.exp
 0002:0000b07f       $N00109                    000000018002d07f     tbb.exp
 0002:0000b0da       $N00110                    000000018002d0da     tbb.exp
 0002:0000b10e       $N00111                    000000018002d10e     tbb.exp
 0002:0000b140       $N00112                    000000018002d140     tbb.exp
 0002:0000b19c       $N00113                    000000018002d19c     tbb.exp
 0002:0000b1dc       $N00114                    000000018002d1dc     tbb.exp
 0002:0000b22c       $N00115                    000000018002d22c     tbb.exp
 0002:0000b285       $N00116                    000000018002d285     tbb.exp
 0002:0000b2cb       $N00117                    000000018002d2cb     tbb.exp
 0002:0000b319       $N00118                    000000018002d319     tbb.exp
 0002:0000b36f       $N00119                    000000018002d36f     tbb.exp
 0002:0000b3b5       $N00120                    000000018002d3b5     tbb.exp
 0002:0000b40b       $N00121                    000000018002d40b     tbb.exp
 0002:0000b469       $N00122                    000000018002d469     tbb.exp
 0002:0000b4d4       $N00123                    000000018002d4d4     tbb.exp
 0002:0000b51a       $N00124                    000000018002d51a     tbb.exp
 0002:0000b578       $N00125                    000000018002d578     tbb.exp
 0002:0000b5b0       $N00126                    000000018002d5b0     tbb.exp
 0002:0000b60b       $N00127                    000000018002d60b     tbb.exp
 0002:0000b649       $N00128                    000000018002d649     tbb.exp
 0002:0000b68a       $N00129                    000000018002d68a     tbb.exp
 0002:0000b6d4       $N00130                    000000018002d6d4     tbb.exp
 0002:0000b721       $N00131                    000000018002d721     tbb.exp
 0002:0000b760       $N00132                    000000018002d760     tbb.exp
 0002:0000b7a2       $N00133                    000000018002d7a2     tbb.exp
 0002:0000b7ed       $N00134                    000000018002d7ed     tbb.exp
 0002:0000b83b       $N00135                    000000018002d83b     tbb.exp
 0002:0000b887       $N00136                    000000018002d887     tbb.exp
 0002:0000b8d6       $N00137                    000000018002d8d6     tbb.exp
 0002:0000b91d       $N00138                    000000018002d91d     tbb.exp
 0002:0000b971       $N00139                    000000018002d971     tbb.exp
 0002:0000b9a2       $N00140                    000000018002d9a2     tbb.exp
 0002:0000b9dd       $N00141                    000000018002d9dd     tbb.exp
 0002:0000ba13       $N00142                    000000018002da13     tbb.exp
 0002:0000ba6c       $N00143                    000000018002da6c     tbb.exp
 0002:0000baa5       $N00144                    000000018002daa5     tbb.exp
 0002:0000badc       $N00145                    000000018002dadc     tbb.exp
 0002:0000bb15       $N00146                    000000018002db15     tbb.exp
 0002:0000bb4c       $N00147                    000000018002db4c     tbb.exp
 0002:0000bb8f       $N00148                    000000018002db8f     tbb.exp
 0002:0000bbd5       $N00149                    000000018002dbd5     tbb.exp
 0002:0000bc32       $N00150                    000000018002dc32     tbb.exp
 0002:0000bc79       $N00151                    000000018002dc79     tbb.exp
 0002:0000bcc3       $N00152                    000000018002dcc3     tbb.exp
 0002:0000bcee       $N00153                    000000018002dcee     tbb.exp
 0002:0000bd2a       $N00154                    000000018002dd2a     tbb.exp
 0002:0000bd69       $N00155                    000000018002dd69     tbb.exp
 0002:0000bda8       $N00156                    000000018002dda8     tbb.exp
 0002:0000bdef       $N00157                    000000018002ddef     tbb.exp
 0002:0000be34       $N00158                    000000018002de34     tbb.exp
 0002:0000be7d       $N00159                    000000018002de7d     tbb.exp
 0002:0000bec9       $N00160                    000000018002dec9     tbb.exp
 0002:0000bf06       $N00161                    000000018002df06     tbb.exp
 0002:0000bf4d       $N00162                    000000018002df4d     tbb.exp
 0002:0000bf8f       $N00163                    000000018002df8f     tbb.exp
 0002:0000bfcd       $N00164                    000000018002dfcd     tbb.exp
 0002:0000c009       $N00165                    000000018002e009     tbb.exp
 0002:0000c047       $N00166                    000000018002e047     tbb.exp
 0002:0000c083       $N00167                    000000018002e083     tbb.exp
 0002:0000c0e8       $N00168                    000000018002e0e8     tbb.exp
 0002:0000c11b       $N00169                    000000018002e11b     tbb.exp
 0002:0000c14c       $N00170                    000000018002e14c     tbb.exp
 0002:0000c1a6       $N00171                    000000018002e1a6     tbb.exp
 0002:0000c1e6       $N00172                    000000018002e1e6     tbb.exp
 0002:0000c225       $N00173                    000000018002e225     tbb.exp
 0002:0000c24d       $N00174                    000000018002e24d     tbb.exp
 0002:0000c27c       $N00175                    000000018002e27c     tbb.exp
 0002:0000c2c9       $N00176                    000000018002e2c9     tbb.exp
 0002:0000c2f9       $N00177                    000000018002e2f9     tbb.exp
 0002:0000c336       $N00178                    000000018002e336     tbb.exp
 0002:0000c391       $N00179                    000000018002e391     tbb.exp
 0002:0000c3ed       $N00180                    000000018002e3ed     tbb.exp
 0002:0000c44b       $N00181                    000000018002e44b     tbb.exp
 0002:0000c4a3       $N00182                    000000018002e4a3     tbb.exp
 0002:0000c4e5       $N00183                    000000018002e4e5     tbb.exp
 0002:0000c53d       $N00184                    000000018002e53d     tbb.exp
 0002:0000c570       $N00185                    000000018002e570     tbb.exp
 0002:0000c5ac       $N00186                    000000018002e5ac     tbb.exp
 0002:0000c602       $N00187                    000000018002e602     tbb.exp
 0002:0000c63c       $N00188                    000000018002e63c     tbb.exp
 0002:0000c666       $N00189                    000000018002e666     tbb.exp
 0002:0000c697       $N00190                    000000018002e697     tbb.exp
 0002:0000c6cd       $N00191                    000000018002e6cd     tbb.exp
 0002:0000c6f9       $N00192                    000000018002e6f9     tbb.exp
 0002:0000c73e       $N00193                    000000018002e73e     tbb.exp
 0002:0000c771       $N00194                    000000018002e771     tbb.exp
 0002:0000c79a       $N00195                    000000018002e79a     tbb.exp
 0002:0000c7c9       $N00196                    000000018002e7c9     tbb.exp
 0002:0000c7eb       $N00197                    000000018002e7eb     tbb.exp
 0002:0000c827       $N00198                    000000018002e827     tbb.exp
 0002:0000c861       $N00199                    000000018002e861     tbb.exp
 0002:0000c8a2       $N00200                    000000018002e8a2     tbb.exp
 0002:0000c8de       $N00201                    000000018002e8de     tbb.exp
 0002:0000c90e       $N00202                    000000018002e90e     tbb.exp
 0002:0000c941       $N00203                    000000018002e941     tbb.exp
 0002:0000c968       $N00204                    000000018002e968     tbb.exp
 0002:0000c9a4       $N00205                    000000018002e9a4     tbb.exp
 0002:0000c9c1       $N00206                    000000018002e9c1     tbb.exp
 0002:0000c9f7       $N00207                    000000018002e9f7     tbb.exp
 0002:0000ca20       $N00208                    000000018002ea20     tbb.exp
 0002:0000ca3c       $N00209                    000000018002ea3c     tbb.exp
 0002:0000ca66       $N00210                    000000018002ea66     tbb.exp
 0002:0000ca9e       $N00211                    000000018002ea9e     tbb.exp
 0002:0000cac4       $N00212                    000000018002eac4     tbb.exp
 0002:0000cb01       $N00213                    000000018002eb01     tbb.exp
 0002:0000cb3b       $N00214                    000000018002eb3b     tbb.exp
 0002:0000cb67       $N00215                    000000018002eb67     tbb.exp
 0002:0000cba3       $N00216                    000000018002eba3     tbb.exp
 0002:0000cbe4       $N00217                    000000018002ebe4     tbb.exp
 0002:0000cc09       $N00218                    000000018002ec09     tbb.exp
 0002:0000cc40       $N00219                    000000018002ec40     tbb.exp
 0002:0000cc7a       $N00220                    000000018002ec7a     tbb.exp
 0002:0000ccb6       $N00221                    000000018002ecb6     tbb.exp
 0002:0000ccf7       $N00222                    000000018002ecf7     tbb.exp
 0002:0000cd2d       $N00223                    000000018002ed2d     tbb.exp
 0002:0000cd68       $N00224                    000000018002ed68     tbb.exp
 0002:0000cdad       $N00225                    000000018002edad     tbb.exp
 0002:0000cde0       $N00226                    000000018002ede0     tbb.exp
 0002:0000ce1e       $N00227                    000000018002ee1e     tbb.exp
 0002:0000ce43       $N00228                    000000018002ee43     tbb.exp
 0002:0000ce6c       $N00229                    000000018002ee6c     tbb.exp
 0002:0000ce90       $N00230                    000000018002ee90     tbb.exp
 0002:0000cec2       $N00231                    000000018002eec2     tbb.exp
 0002:0000cee5       $N00232                    000000018002eee5     tbb.exp
 0002:0000cf06       $N00233                    000000018002ef06     tbb.exp
 0002:0000cf24       $N00234                    000000018002ef24     tbb.exp
 0002:0000cf3a       $N00235                    000000018002ef3a     tbb.exp
 0002:0000cf50       $N00236                    000000018002ef50     tbb.exp
 0002:0000cf68       $N00237                    000000018002ef68     tbb.exp
 0002:0000cf80       $N00238                    000000018002ef80     tbb.exp
 0002:0000cf9a       $N00239                    000000018002ef9a     tbb.exp
 0002:0000cfb4       $N00240                    000000018002efb4     tbb.exp
 0002:0000cfd4       $N00241                    000000018002efd4     tbb.exp
 0002:0000cfe8       $N00242                    000000018002efe8     tbb.exp
 0002:0000d006       $N00243                    000000018002f006     tbb.exp
 0002:0000d78a       .idata$6                   000000018002f78a     kernel32:KERNEL32.dll
 0002:0000d8aa       .idata$6                   000000018002f8aa     msvcprt:MSVCP140.dll
 0002:0000d9da       .idata$6                   000000018002f9da     vcruntime:VCRUNTIME140_1.dll
 0002:0000d9ee       .idata$6                   000000018002f9ee     vcruntime:VCRUNTIME140.dll
 0002:0000dbc8       .idata$6                   000000018002fbc8     ucrt:api-ms-win-crt-string-l1-1-0.dll
 0002:0000dbea       .idata$6                   000000018002fbea     ucrt:api-ms-win-crt-heap-l1-1-0.dll
 0002:0000dc0a       .idata$6                   000000018002fc0a     ucrt:api-ms-win-crt-runtime-l1-1-0.dll
 0002:0000dc2c       .idata$6                   000000018002fc2c     ucrt:api-ms-win-crt-stdio-l1-1-0.dll
 0002:0000dc4c       .idata$6                   000000018002fc4c     ucrt:api-ms-win-crt-environment-l1-1-0.dll
 0003:00000038       ?dummy@?1??make_invalid@micro_queue@internal@tbb@@QEAAX_K@Z@4Upage@concurrent_queue_base_v3@34@A 0000000180030038     concurrent_queue.obj
 0003:00000240       ?api_list@@3PAU___itt_api_info@@A 0000000180030240     itt_notify.obj
 0003:00002098       ?padded_allocate_handler@internal@tbb@@3P6APEAX_K0@ZEA 0000000180032098     cache_aligned_allocator.obj
 0003:000020a0       ?padded_free_handler@internal@tbb@@3P6AXPEAX@ZEA 00000001800320a0     cache_aligned_allocator.obj
 0003:000020a8       ?MallocHandler@internal@tbb@@3P6APEAX_K@ZEA 00000001800320a8     cache_aligned_allocator.obj
 0003:000020b0       ?FreeHandler@internal@tbb@@3P6AXPEAX@ZEA 00000001800320b0     cache_aligned_allocator.obj
 0003:000020b8       ?__TBB_condvar_wait@internal@tbb@@3P6AHPEAU_RTL_CONDITION_VARIABLE@@PEAU_RTL_CRITICAL_SECTION@@K@ZEA 00000001800320b8     condition_variable.obj
 0003:000020c0       ?__TBB_condvar_notify_one@internal@tbb@@3P6AXPEAU_RTL_CONDITION_VARIABLE@@@ZEA 00000001800320c0     condition_variable.obj
 0003:000020c8       ?__TBB_init_condvar@internal@tbb@@3P6AXPEAU_RTL_CONDITION_VARIABLE@@@ZEA 00000001800320c8     condition_variable.obj
 0003:000020d0       ?__TBB_condvar_notify_all@internal@tbb@@3P6AXPEAU_RTL_CONDITION_VARIABLE@@@ZEA 00000001800320d0     condition_variable.obj
 0003:000020e0       ?group_alias@@3PAU___itt_group_alias@@A 00000001800320e0     itt_notify.obj
 0003:00002120       ?group_list@@3PAU___itt_group_list@@A 0000000180032120     itt_notify.obj
 0003:00002220       ?__TBB_destroy_condvar@internal@tbb@@3P6AXPEAU_RTL_CONDITION_VARIABLE@@@ZEA 0000000180032220     condition_variable.obj
 0003:00002230       ?strings_for_itt@internal@tbb@@3PAUresource_string@12@A 0000000180032230     tbb_main.obj
 0003:000025f0       ?stack_size_ctl@internal@tbb@@3Vstack_size_control@12@A 00000001800325f0     tbb_main.obj
 0003:00002670       ?allowed_parallelism_ctl@internal@tbb@@3Vallowed_parallelism_control@12@A 0000000180032670     tbb_main.obj
 0003:000026f0       ?env_value@?1??__itt_get_env_var@@YAPEBDPEBD@Z@4PEADEA 00000001800326f0     itt_notify.obj
 0003:000026f8       ?dummy_index@?1??initialization_impl@numa_topology@internal@tbb@@YAXXZ@4HA 00000001800326f8     governor.obj
 0003:00003300       GS_ExceptionRecord         0000000180033300     MSVCRT:gs_report.obj
 0003:000033a0       GS_ContextRecord           00000001800333a0     MSVCRT:gs_report.obj
 0003:00003880       ?g_tss_cv@@3U_RTL_CONDITION_VARIABLE@@A 0000000180033880     MSVCRT:thread_safe_statics.obj
 0003:00003888       ?g_tss_event@@3PEAXEA      0000000180033888     MSVCRT:thread_safe_statics.obj
 0003:00003890       ?g_tss_mutex@@3U_RTL_CRITICAL_SECTION@@A 0000000180033890     MSVCRT:thread_safe_statics.obj
 0003:000038b8       ?g_sleep_condition_variable_cs@@3P6AHPEAU_RTL_CONDITION_VARIABLE@@PEAU_RTL_CRITICAL_SECTION@@K@ZEA 00000001800338b8     MSVCRT:thread_safe_statics.obj
 0003:000038c0       ?g_wake_all_condition_variable@@3P6AXPEAU_RTL_CONDITION_VARIABLE@@@ZEA 00000001800338c0     MSVCRT:thread_safe_statics.obj
 0003:000038d8       ?is_initialized_as_dll@@3_NA 00000001800338d8     MSVCRT:utility.obj
 0003:000038d9       ?module_local_atexit_table_initialized@@3_NA 00000001800338d9     MSVCRT:utility.obj
 0003:000038e0       ?module_local_atexit_table@@3U_onexit_table_t@@A 00000001800338e0     MSVCRT:utility.obj
 0003:000038f8       ?module_local_at_quick_exit_table@@3U_onexit_table_t@@A 00000001800338f8     MSVCRT:utility.obj
 0003:00003910       ?__proc_attached@@3HA      0000000180033910     MSVCRT:dll_dllmain.obj
 0003:00003980       ?TBB_GetThreadGroupAffinity@internal@tbb@@3P6AHPEAXPEAUTBB_GROUP_AFFINITY@12@@ZEA 0000000180033980     tbb_misc_ex.obj
 0003:00003988       ?TBB_SetThreadGroupAffinity@internal@tbb@@3P6AHPEAXPEBUTBB_GROUP_AFFINITY@12@PEAU312@@ZEA 0000000180033988     tbb_misc_ex.obj
 0003:00003d90       ?TBB_GetActiveProcessorCount@internal@tbb@@3P6AKG@ZEA 0000000180033d90     tbb_misc_ex.obj
 0003:00003d98       ?TBB_GetActiveProcessorGroupCount@internal@tbb@@3P6AGXZEA 0000000180033d98     tbb_misc_ex.obj
 0003:00003da0       ?restore_affinity_ptr@internal@tbb@@3P6AXPEAVbinding_handler@12@H@ZEA 0000000180033da0     governor.obj
 0003:00003da8       ?initialize_numa_topology_ptr@internal@tbb@@3P6AX_KAEAHAEAPEAH2@ZEA 0000000180033da8     governor.obj
 0003:00003db0       ?allocate_binding_handler_ptr@internal@tbb@@3P6APEAVbinding_handler@12@H@ZEA 0000000180033db0     governor.obj
 0003:00003db8       ?watch_stack_handler@internal@tbb@@3P6AHPEAU__cilk_tbb_unwatch_thunk@@U__cilk_tbb_stack_op_thunk@@@ZEA 0000000180033db8     governor.obj
 0003:00003dc0       ?deallocate_binding_handler_ptr@internal@tbb@@3P6AXPEAVbinding_handler@12@@ZEA 0000000180033dc0     governor.obj
 0003:00003dc8       ?bind_to_node_ptr@internal@tbb@@3P6AXPEAVbinding_handler@12@HH@ZEA 0000000180033dc8     governor.obj
 0003:00003e29       ?static_init_dl_data@internal@tbb@@3Ustatic_init_dl_data_t@12@A 0000000180033e29     dynamic_link.obj
 0003:00003e2c       ?initialization_state@internal@tbb@@3U?$atomic@W4do_once_state@internal@tbb@@@2@A 0000000180033e2c     cache_aligned_allocator.obj
 0003:00003e30       ?the_dummy_context@internal@tbb@@3Vtask_group_context@2@A 0000000180033e30     scheduler.obj
 0003:00003fb0       ?static_invalid_page@internal@tbb@@3PEAXEA 0000000180033fb0     concurrent_queue.obj
 0003:00003fb8       ?condvar_api_state@internal@tbb@@3U?$atomic@W4do_once_state@internal@tbb@@@2@A 0000000180033fb8     condition_variable.obj
 0003:00003fbc       ?PrintVersionFlag@internal@tbb@@3_NA 0000000180033fbc     tbb_misc.obj
 0003:00003fbd       ?ITT_Present@internal@tbb@@3_NA 0000000180033fbd     tbb_main.obj
 0003:00003fbe       ?ITT_InitializationDone@internal@tbb@@3U?$atomic@_N@2@A 0000000180033fbe     tbb_main.obj
 0003:00003fc0       ?ap_data@internal@tbb@@3Uap_data_t@12@A 0000000180033fc0     dynamic_link.obj
 0003:000040d0       ?assertion_handler@tbb@@3P6AXPEBDH00@ZEA 00000001800340d0     tbb_misc.obj
 0003:000040d8       ?hardware_concurrency_info@internal@tbb@@3U?$atomic@W4do_once_state@internal@tbb@@@2@A 00000001800340d8     tbb_misc_ex.obj
 0003:000040dc       ?cilkrts_load_state@internal@tbb@@3U?$atomic@W4do_once_state@internal@tbb@@@2@A 00000001800340dc     governor.obj
 0003:000040e0       ?numa_nodes_count@?A0xacc6fbda@numa_topology@internal@tbb@@3HA 00000001800340e0     governor.obj
 0003:000040e4       ?numa_topology_init_state@?A0xacc6fbda@numa_topology@internal@tbb@@3U?$atomic@W4do_once_state@internal@tbb@@@4@A 00000001800340e4     governor.obj
 0003:000040e8       ?numa_indexes@?A0xacc6fbda@numa_topology@internal@tbb@@3PEAHEA 00000001800340e8     governor.obj
 0003:000040f0       ?default_concurrency_list@?A0xacc6fbda@numa_topology@internal@tbb@@3PEAHEA 00000001800340f0     governor.obj
 0003:000040f8       ?tbb_domains@internal@tbb@@3PAPEAU___itt_domain@@A 00000001800340f8     tbb_main.obj
 0003:00004110       ?current_thread@?1??__itt_init_ittlib@@9@4KC 0000000180034110     itt_notify.obj
 0003:00004114       ?current_thread@?1??__itt_fini_ittlib@@9@4KC 0000000180034114     itt_notify.obj
 0003:00004120       ?env_buff@?1??__itt_get_env_var@@YAPEBDPEBD@Z@4PADA 0000000180034120     itt_notify.obj
 0003:00005120       ?already_failed@?6??assertion_failure@tbb@@YAXPEBDH00@Z@4_NA 0000000180035120     tbb_misc.obj
 0003:00005124       ?$TSS0@?1??initialization_impl@numa_topology@internal@tbb@@YAXXZ@4HA 0000000180035124     governor.obj
 0003:00005128       ?dummy_concurrency@?1??initialization_impl@numa_topology@internal@tbb@@YAXXZ@4HA 0000000180035128     governor.obj
 0005:000000a0       $R000000                   00000001800390a0     tbb_resource.res
 0005:00000480       $R0003E0                   0000000180039480     tbb_resource.res
