 tbbmalloc_proxy

 Timestamp is 631453e9 (Sun Sep  4 15:29:45 2022)

 Preferred load address is 0000000180000000

 Start         Length     Name                   Class
 0001:00000000 00000060H .text$di                CODE
 0001:00000060 00005500H .text$mn                CODE
 0001:00005560 00000036H .text$mn$00             CODE
 0001:00005596 0000009aH .text$x                 CODE
 0001:00005630 00000003H .text$yd                CODE
 0002:00000000 00000280H .idata$5                DATA
 0002:00000280 00000028H .00cfg                  DATA
 0002:000002a8 00000008H .CRT$XCA                DATA
 0002:000002b0 00000008H .CRT$XCU                DATA
 0002:000002b8 00000008H .CRT$XCZ                DATA
 0002:000002c0 00000008H .CRT$XIA                DATA
 0002:000002c8 00000008H .CRT$XIC                DATA
 0002:000002d0 00000008H .CRT$XIZ                DATA
 0002:000002d8 00000008H .CRT$XLA                DATA
 0002:000002e0 00000008H .CRT$XLZ                DATA
 0002:000002e8 00000008H .CRT$XPA                DATA
 0002:000002f0 00000008H .CRT$XPZ                DATA
 0002:000002f8 00000008H .CRT$XTA                DATA
 0002:00000300 00000010H .CRT$XTZ                DATA
 0002:00000308 00000000H .gehcont$y              DATA
 0002:00000308 00000000H .gfids$y                DATA
 0002:00000310 000007f0H .rdata                  DATA
 0002:00000b00 00000000H .rdata$CastGuardVftablesA DATA
 0002:00000b00 00000000H .rdata$CastGuardVftablesC DATA
 0002:00000b00 00000028H .rdata$T                DATA
 0002:00000b28 0000016cH .rdata$r                DATA
 0002:00000c94 00000018H .rdata$voltmd           DATA
 0002:00000cac 000003fcH .rdata$zzzdbg           DATA
 0002:000010a8 00000008H .rtc$IAA                DATA
 0002:000010b0 00000008H .rtc$IZZ                DATA
 0002:000010b8 00000008H .rtc$TAA                DATA
 0002:000010c0 00000008H .rtc$TZZ                DATA
 0002:000010c8 00000004H .tls                    DATA
 0002:000010cc 00000004H .tls$                   DATA
 0002:000010d0 00000008H .tls$ZZZ                DATA
 0002:000010d8 00000370H .xdata                  DATA
 0002:00001448 00000088H .xdata$x                DATA
 0002:000014d0 00000080H .edata                  DATA
 0002:00001550 000000b4H .idata$2                DATA
 0002:00001604 00000014H .idata$3                DATA
 0002:00001618 00000280H .idata$4                DATA
 0002:00001898 000006a2H .idata$6                DATA
 0003:00000000 00000218H .data                   DATA
 0003:00000218 00000050H .data$r                 DATA
 0003:00000268 00000028H .data$rs                DATA
 0003:00000290 000022a8H .bss                    DATA
 0004:00000000 00000468H .pdata                  DATA
 0005:00000000 000000a0H .rsrc$01                DATA
 0005:000000a0 00000548H .rsrc$02                DATA

  Address         Publics by Value              Rva+Base               Lib:Object

 0000:00000000       __dynamic_value_reloc_table 0000000000000000     <absolute>
 0000:00000000       __hybrid_auxiliary_iat     0000000000000000     <absolute>
 0000:00000000       __guard_longjmp_count      0000000000000000     <absolute>
 0000:00000000       __hybrid_auxiliary_iat_copy 0000000000000000     <absolute>
 0000:00000000       __guard_longjmp_table      0000000000000000     <absolute>
 0000:00000000       __x64_code_ranges_to_entry_points 0000000000000000     <absolute>
 0000:00000000       __guard_iat_count          0000000000000000     <absolute>
 0000:00000000       __hybrid_code_map_count    0000000000000000     <absolute>
 0000:00000000       __guard_fids_count         0000000000000000     <absolute>
 0000:00000000       __arm64x_extra_rfe_table   0000000000000000     <absolute>
 0000:00000000       __AbsoluteZero             0000000000000000     <absolute>
 0000:00000000       __hybrid_code_map          0000000000000000     <absolute>
 0000:00000000       __arm64x_extra_rfe_table_size 0000000000000000     <absolute>
 0000:00000000       ___safe_se_handler_count   0000000000000000     <absolute>
 0000:00000000       __x64_code_ranges_to_entry_points_count 0000000000000000     <absolute>
 0000:00000000       ___safe_se_handler_table   0000000000000000     <absolute>
 0000:00000000       __guard_check_icall_a64n_fptr 0000000000000000     <absolute>
 0000:00000000       __guard_fids_table         0000000000000000     <absolute>
 0000:00000000       __arm64x_native_entrypoint 0000000000000000     <absolute>
 0000:00000000       __guard_eh_cont_count      0000000000000000     <absolute>
 0000:00000000       __arm64x_redirection_metadata 0000000000000000     <absolute>
 0000:00000000       __arm64x_redirection_metadata_count 0000000000000000     <absolute>
 0000:00000000       __guard_eh_cont_table      0000000000000000     <absolute>
 0000:00000000       __enclave_config           0000000000000000     <absolute>
 0000:00000000       __guard_iat_table          0000000000000000     <absolute>
 0000:00000100       __guard_flags              0000000000000100     <absolute>
 0000:00000000       __ImageBase                0000000180000000     <linker-defined>
 0001:00000060       ??0exception@std@@QEAA@AEBV01@@Z 0000000180001060 f i proxy.obj
 0001:000000a0       ?what@exception@std@@UEBAPEBDXZ 00000001800010a0 f i proxy.obj
 0001:000000c0       ??_Eexception@std@@UEAAPEAXI@Z 00000001800010c0 f i * CIL library *:* CIL module *
 0001:000000c0       ??_Gbad_alloc@std@@UEAAPEAXI@Z 00000001800010c0 f i proxy.obj
 0001:000000c0       ??_Gexception@std@@UEAAPEAXI@Z 00000001800010c0 f i proxy.obj
 0001:000000c0       ??_Ebad_alloc@std@@UEAAPEAXI@Z 00000001800010c0 f i * CIL library *:* CIL module *
 0001:00000110       ??0bad_alloc@std@@QEAA@XZ  0000000180001110 f i proxy.obj
 0001:00000140       ??1bad_alloc@std@@UEAA@XZ  0000000180001140 f i proxy.obj
 0001:00000160       ??0bad_alloc@std@@QEAA@AEBV01@@Z 0000000180001160 f i proxy.obj
 0001:000001a0       __local_stdio_printf_options 00000001800011a0 f i proxy.obj
 0001:000001b0       fprintf                    00000001800011b0 f i proxy.obj
 0001:00000200       ?safer_aligned_malloc@@YAPEAX_K0@Z 0000000180001200 f   proxy.obj
 0001:00000220       ?safer_expand@@YAPEAXPEAX_K@Z 0000000180001220 f   proxy.obj
 0001:00000220       _is_c_termination_complete 0000000180001220 f   MSVCRT:ucrt_stubs.obj
 0001:00000220       __scrt_stub_for_is_c_termination_complete 0000000180001220 f   MSVCRT:ucrt_stubs.obj
 0001:00000230       ?__TBB_malloc__o_free@@YAXPEAX@Z 0000000180001230 f   proxy.obj
 0001:00000240       ?__TBB_malloc__free_base@@YAXPEAX@Z 0000000180001240 f   proxy.obj
 0001:00000250       ?__TBB_malloc_safer_free_msvcr100d@@YAXPEAX@Z 0000000180001250 f   proxy.obj
 0001:00000260       ?__TBB_malloc_safer__aligned_free_msvcr100d@@YAXPEAX@Z 0000000180001260 f   proxy.obj
 0001:00000270       ?__TBB_malloc_safer__msize_msvcr100d@@YA_KPEAX@Z 0000000180001270 f   proxy.obj
 0001:00000280       ?__TBB_malloc_safer__aligned_msize_msvcr100d@@YA_KPEAX_K1@Z 0000000180001280 f   proxy.obj
 0001:00000290       ?__TBB_malloc_safer_realloc_msvcr100d@@YAPEAXPEAX_K@Z 0000000180001290 f   proxy.obj
 0001:000002c0       ?__TBB_malloc_safer__aligned_realloc_msvcr100d@@YAPEAXPEAX_K1@Z 00000001800012c0 f   proxy.obj
 0001:000002f0       ?__TBB_malloc_safer_free_msvcr100@@YAXPEAX@Z 00000001800012f0 f   proxy.obj
 0001:00000300       ?__TBB_malloc_safer__aligned_free_msvcr100@@YAXPEAX@Z 0000000180001300 f   proxy.obj
 0001:00000310       ?__TBB_malloc_safer__msize_msvcr100@@YA_KPEAX@Z 0000000180001310 f   proxy.obj
 0001:00000320       ?__TBB_malloc_safer__aligned_msize_msvcr100@@YA_KPEAX_K1@Z 0000000180001320 f   proxy.obj
 0001:00000330       ?__TBB_malloc_safer_realloc_msvcr100@@YAPEAXPEAX_K@Z 0000000180001330 f   proxy.obj
 0001:00000360       ?__TBB_malloc_safer__aligned_realloc_msvcr100@@YAPEAXPEAX_K1@Z 0000000180001360 f   proxy.obj
 0001:00000390       ?__TBB_malloc_safer_free_msvcr110d@@YAXPEAX@Z 0000000180001390 f   proxy.obj
 0001:000003a0       ?__TBB_malloc_safer__aligned_free_msvcr110d@@YAXPEAX@Z 00000001800013a0 f   proxy.obj
 0001:000003b0       ?__TBB_malloc_safer__msize_msvcr110d@@YA_KPEAX@Z 00000001800013b0 f   proxy.obj
 0001:000003c0       ?__TBB_malloc_safer__aligned_msize_msvcr110d@@YA_KPEAX_K1@Z 00000001800013c0 f   proxy.obj
 0001:000003d0       ?__TBB_malloc_safer_realloc_msvcr110d@@YAPEAXPEAX_K@Z 00000001800013d0 f   proxy.obj
 0001:00000400       ?__TBB_malloc_safer__aligned_realloc_msvcr110d@@YAPEAXPEAX_K1@Z 0000000180001400 f   proxy.obj
 0001:00000430       ?__TBB_malloc_safer_free_msvcr110@@YAXPEAX@Z 0000000180001430 f   proxy.obj
 0001:00000440       ?__TBB_malloc_safer__aligned_free_msvcr110@@YAXPEAX@Z 0000000180001440 f   proxy.obj
 0001:00000450       ?__TBB_malloc_safer__msize_msvcr110@@YA_KPEAX@Z 0000000180001450 f   proxy.obj
 0001:00000460       ?__TBB_malloc_safer__aligned_msize_msvcr110@@YA_KPEAX_K1@Z 0000000180001460 f   proxy.obj
 0001:00000470       ?__TBB_malloc_safer_realloc_msvcr110@@YAPEAXPEAX_K@Z 0000000180001470 f   proxy.obj
 0001:000004a0       ?__TBB_malloc_safer__aligned_realloc_msvcr110@@YAPEAXPEAX_K1@Z 00000001800014a0 f   proxy.obj
 0001:000004d0       ?__TBB_malloc_safer_free_msvcr120d@@YAXPEAX@Z 00000001800014d0 f   proxy.obj
 0001:000004e0       ?__TBB_malloc_safer__aligned_free_msvcr120d@@YAXPEAX@Z 00000001800014e0 f   proxy.obj
 0001:000004f0       ?__TBB_malloc_safer__msize_msvcr120d@@YA_KPEAX@Z 00000001800014f0 f   proxy.obj
 0001:00000500       ?__TBB_malloc_safer__aligned_msize_msvcr120d@@YA_KPEAX_K1@Z 0000000180001500 f   proxy.obj
 0001:00000510       ?__TBB_malloc_safer_realloc_msvcr120d@@YAPEAXPEAX_K@Z 0000000180001510 f   proxy.obj
 0001:00000540       ?__TBB_malloc_safer__aligned_realloc_msvcr120d@@YAPEAXPEAX_K1@Z 0000000180001540 f   proxy.obj
 0001:00000570       ?__TBB_malloc_safer_free_msvcr120@@YAXPEAX@Z 0000000180001570 f   proxy.obj
 0001:00000580       ?__TBB_malloc_safer__aligned_free_msvcr120@@YAXPEAX@Z 0000000180001580 f   proxy.obj
 0001:00000590       ?__TBB_malloc_safer__msize_msvcr120@@YA_KPEAX@Z 0000000180001590 f   proxy.obj
 0001:000005a0       ?__TBB_malloc_safer__aligned_msize_msvcr120@@YA_KPEAX_K1@Z 00000001800015a0 f   proxy.obj
 0001:000005b0       ?__TBB_malloc_safer_realloc_msvcr120@@YAPEAXPEAX_K@Z 00000001800015b0 f   proxy.obj
 0001:000005e0       ?__TBB_malloc_safer__aligned_realloc_msvcr120@@YAPEAXPEAX_K1@Z 00000001800015e0 f   proxy.obj
 0001:00000610       ?__TBB_malloc_safer_free_ucrtbase@@YAXPEAX@Z 0000000180001610 f   proxy.obj
 0001:00000620       ?__TBB_malloc_safer__aligned_free_ucrtbase@@YAXPEAX@Z 0000000180001620 f   proxy.obj
 0001:00000630       ?__TBB_malloc_safer__msize_ucrtbase@@YA_KPEAX@Z 0000000180001630 f   proxy.obj
 0001:00000640       ?__TBB_malloc_safer__aligned_msize_ucrtbase@@YA_KPEAX_K1@Z 0000000180001640 f   proxy.obj
 0001:00000650       ?__TBB_malloc_safer_realloc_ucrtbase@@YAPEAXPEAX_K@Z 0000000180001650 f   proxy.obj
 0001:00000680       ?__TBB_malloc_safer__aligned_realloc_ucrtbase@@YAPEAXPEAX_K1@Z 0000000180001680 f   proxy.obj
 0001:000006b0       ?operator_new_arr@@YAPEAX_K@Z 00000001800016b0 f   proxy.obj
 0001:000006b0       ?operator_new@@YAPEAX_K@Z  00000001800016b0 f   proxy.obj
 0001:00000710       ?operator_delete_arr@@YAXPEAX@Z 0000000180001710 f   proxy.obj
 0001:00000710       ?operator_delete@@YAXPEAX@Z 0000000180001710 f   proxy.obj
 0001:00000720       ?operator_new_arr_t@@YAPEAX_KAEBUnothrow_t@std@@@Z 0000000180001720 f   proxy.obj
 0001:00000720       ?operator_new_t@@YAPEAX_KAEBUnothrow_t@std@@@Z 0000000180001720 f   proxy.obj
 0001:00000730       ?BytecodesAreKnown@@YA_NPEBD@Z 0000000180001730 f   proxy.obj
 0001:00000810       ?ReplaceFunctionWithStore@@YAXPEBD0P6AXXZPEAPEBDPEAP6AXXZW4FRR_ON_ERROR@@@Z 0000000180001810 f   proxy.obj
 0001:00000930       ?doMallocReplacement@@YAXXZ 0000000180001930 f   proxy.obj
 0001:00003650       DllMain                    0000000180004650 f   proxy.obj
 0001:000036e0       _guard_check_icall_nop     00000001800046e0 f   MSVCRT:guard_support.obj
 0001:000036e0       __TBB_malloc_proxy         00000001800046e0 f   proxy.obj
 0001:000036f0       sprintf                    00000001800046f0 f i tbb_function_replacement.obj
 0001:00003750       snprintf                   0000000180004750 f i tbb_function_replacement.obj
 0001:000037b0       ?GetLocation@MemoryProvider@@QEAA_K_K@Z 00000001800047b0 f i tbb_function_replacement.obj
 0001:00004250       ?IsPrologueKnown@@YA_NPEBD0PEAPEBDPEAUHINSTANCE__@@@Z 0000000180005250 f   tbb_function_replacement.obj
 0001:00004360       TBB_malloc_replacement_log 0000000180005360 f   tbb_function_replacement.obj
 0001:0000438b       scalable_calloc            000000018000538b f   tbbmalloc:tbbmalloc.dll
 0001:00004391       scalable_malloc            0000000180005391 f   tbbmalloc:tbbmalloc.dll
 0001:000043b0       __security_check_cookie    00000001800053b0 f   MSVCRT:amdsecgs.obj
 0001:000043d0       ??3@YAXPEAX_K@Z            00000001800053d0 f   MSVCRT:delete_scalar_size.obj
 0001:000043d8       ??_Etype_info@@UEAAPEAXI@Z 00000001800053d8 f i MSVCRT:std_type_info_static.obj
 0001:000043d8       ??_Gtype_info@@UEAAPEAXI@Z 00000001800053d8 f i MSVCRT:std_type_info_static.obj
 0001:000044fc       _Init_thread_footer        00000001800054fc f   MSVCRT:thread_safe_statics.obj
 0001:0000455c       _Init_thread_header        000000018000555c f   MSVCRT:thread_safe_statics.obj
 0001:000045c4       _Init_thread_notify        00000001800055c4 f   MSVCRT:thread_safe_statics.obj
 0001:00004608       _Init_thread_wait          0000000180005608 f   MSVCRT:thread_safe_statics.obj
 0001:0000466c       __raise_securityfailure    000000018000566c f   MSVCRT:gs_report.obj
 0001:000046a0       __report_gsfailure         00000001800056a0 f   MSVCRT:gs_report.obj
 0001:00004774       __report_rangecheckfailure 0000000180005774 f   MSVCRT:gs_report.obj
 0001:00004788       __report_securityfailure   0000000180005788 f   MSVCRT:gs_report.obj
 0001:00004908       __scrt_acquire_startup_lock 0000000180005908 f   MSVCRT:utility.obj
 0001:00004944       __scrt_dllmain_after_initialize_c 0000000180005944 f   MSVCRT:utility.obj
 0001:00004978       __scrt_dllmain_before_initialize_c 0000000180005978 f   MSVCRT:utility.obj
 0001:00004990       __scrt_dllmain_crt_thread_attach 0000000180005990 f   MSVCRT:utility.obj
 0001:000049b8       __scrt_dllmain_crt_thread_detach 00000001800059b8 f   MSVCRT:utility.obj
 0001:000049d0       __scrt_dllmain_exception_filter 00000001800059d0 f   MSVCRT:utility.obj
 0001:00004a30       __scrt_dllmain_uninitialize_c 0000000180005a30 f   MSVCRT:utility.obj
 0001:00004a60       __scrt_dllmain_uninitialize_critical 0000000180005a60 f   MSVCRT:utility.obj
 0001:00004a74       __scrt_initialize_crt      0000000180005a74 f   MSVCRT:utility.obj
 0001:00004ac0       __scrt_initialize_onexit_tables 0000000180005ac0 f   MSVCRT:utility.obj
 0001:00004b4c       __scrt_is_nonwritable_in_current_image 0000000180005b4c f   MSVCRT:utility.obj
 0001:00004be4       __scrt_release_startup_lock 0000000180005be4 f   MSVCRT:utility.obj
 0001:00004c08       __scrt_uninitialize_crt    0000000180005c08 f   MSVCRT:utility.obj
 0001:00004c34       _onexit                    0000000180005c34 f   MSVCRT:utility.obj
 0001:00004c70       atexit                     0000000180005c70 f   MSVCRT:utility.obj
 0001:00004fa8       _DllMainCRTStartup         0000000180005fa8 f   MSVCRT:dll_dllmain.obj
 0001:00004fe8       ??3@YAXPEAX@Z              0000000180005fe8 f   MSVCRT:delete_scalar.obj
 0001:00004ff0       __crt_debugger_hook        0000000180005ff0 f   MSVCRT:utility_desktop.obj
 0001:00004ff8       __scrt_fastfail            0000000180005ff8 f   MSVCRT:utility_desktop.obj
 0001:00005144       __isa_available_init       0000000180006144 f   MSVCRT:cpu_disp.obj
 0001:000052e8       _get_startup_argv_mode     00000001800062e8 f   MSVCRT:argv_mode.obj
 0001:000052f0       __scrt_is_ucrt_dll_in_use  00000001800062f0 f   MSVCRT:ucrt_detection.obj
 0001:000052fc       __security_init_cookie     00000001800062fc f   MSVCRT:gs_support.obj
 0001:000053a8       ?__scrt_initialize_type_info@@YAXXZ 00000001800063a8 f   MSVCRT:tncleanup.obj
 0001:000053b8       ?__scrt_uninitialize_type_info@@YAXXZ 00000001800063b8 f   MSVCRT:tncleanup.obj
 0001:000053c4       __local_stdio_scanf_options 00000001800063c4 f i MSVCRT:default_local_stdio_options.obj
 0001:000053cc       __scrt_initialize_default_local_stdio_options 00000001800063cc f   MSVCRT:default_local_stdio_options.obj
 0001:000053e8       __scrt_get_dyn_tls_init_callback 00000001800063e8 f   MSVCRT:dyn_tls_init.obj
 0001:000053f0       _RTC_Initialize            00000001800063f0 f   MSVCRT:initsect.obj
 0001:0000542c       _RTC_Terminate             000000018000642c f   MSVCRT:initsect.obj
 0001:00005470       __C_specific_handler       0000000180006470 f   vcruntime:VCRUNTIME140.dll
 0001:00005476       memset                     0000000180006476 f   vcruntime:VCRUNTIME140.dll
 0001:0000547c       __std_type_info_destroy_list 000000018000647c f   vcruntime:VCRUNTIME140.dll
 0001:00005482       _seh_filter_dll            0000000180006482 f   ucrt:api-ms-win-crt-runtime-l1-1-0.dll
 0001:00005488       _configure_narrow_argv     0000000180006488 f   ucrt:api-ms-win-crt-runtime-l1-1-0.dll
 0001:0000548e       _initialize_narrow_environment 000000018000648e f   ucrt:api-ms-win-crt-runtime-l1-1-0.dll
 0001:00005494       _initialize_onexit_table   0000000180006494 f   ucrt:api-ms-win-crt-runtime-l1-1-0.dll
 0001:0000549a       _register_onexit_function  000000018000649a f   ucrt:api-ms-win-crt-runtime-l1-1-0.dll
 0001:000054a0       _execute_onexit_table      00000001800064a0 f   ucrt:api-ms-win-crt-runtime-l1-1-0.dll
 0001:000054a6       _crt_atexit                00000001800064a6 f   ucrt:api-ms-win-crt-runtime-l1-1-0.dll
 0001:000054ac       _cexit                     00000001800064ac f   ucrt:api-ms-win-crt-runtime-l1-1-0.dll
 0001:000054b2       _initterm                  00000001800064b2 f   ucrt:api-ms-win-crt-runtime-l1-1-0.dll
 0001:000054b8       _initterm_e                00000001800064b8 f   ucrt:api-ms-win-crt-runtime-l1-1-0.dll
 0001:000054be       free                       00000001800064be f   ucrt:api-ms-win-crt-heap-l1-1-0.dll
 0001:000054c4       __vcrt_initialize          00000001800064c4 f   MSVCRT:ucrt_stubs.obj
 0001:000054c4       __scrt_stub_for_acrt_thread_detach 00000001800064c4 f   MSVCRT:ucrt_stubs.obj
 0001:000054c4       __acrt_thread_attach       00000001800064c4 f   MSVCRT:ucrt_stubs.obj
 0001:000054c4       __acrt_initialize          00000001800064c4 f   MSVCRT:ucrt_stubs.obj
 0001:000054c4       __acrt_uninitialize_critical 00000001800064c4 f   MSVCRT:ucrt_stubs.obj
 0001:000054c4       __scrt_stub_for_acrt_uninitialize 00000001800064c4 f   MSVCRT:ucrt_stubs.obj
 0001:000054c4       __vcrt_uninitialize        00000001800064c4 f   MSVCRT:ucrt_stubs.obj
 0001:000054c4       __vcrt_thread_detach       00000001800064c4 f   MSVCRT:ucrt_stubs.obj
 0001:000054c4       __scrt_stub_for_acrt_initialize 00000001800064c4 f   MSVCRT:ucrt_stubs.obj
 0001:000054c4       __acrt_thread_detach       00000001800064c4 f   MSVCRT:ucrt_stubs.obj
 0001:000054c4       __vcrt_uninitialize_critical 00000001800064c4 f   MSVCRT:ucrt_stubs.obj
 0001:000054c4       __acrt_uninitialize        00000001800064c4 f   MSVCRT:ucrt_stubs.obj
 0001:000054c4       __scrt_stub_for_acrt_thread_attach 00000001800064c4 f   MSVCRT:ucrt_stubs.obj
 0001:000054c4       __vcrt_thread_attach       00000001800064c4 f   MSVCRT:ucrt_stubs.obj
 0001:000054c4       __scrt_stub_for_acrt_uninitialize_critical 00000001800064c4 f   MSVCRT:ucrt_stubs.obj
 0001:000054c8       __GSHandlerCheck           00000001800064c8 f   MSVCRT:gshandler.obj
 0001:000054e8       __GSHandlerCheckCommon     00000001800064e8 f   MSVCRT:gshandler.obj
 0001:00005543       _CxxThrowException         0000000180006543 f   vcruntime:VCRUNTIME140.dll
 0001:00005549       memcpy                     0000000180006549 f   vcruntime:VCRUNTIME140.dll
 0001:0000554f       strcmp                     000000018000654f f   ucrt:api-ms-win-crt-string-l1-1-0.dll
 0001:00005570       _guard_dispatch_icall_nop  0000000180006570 f   MSVCRT:guard_dispatch.obj
 0001:00005590       _guard_xfg_dispatch_icall_nop 0000000180006590 f   MSVCRT:guard_xfg_dispatch.obj
 0002:00000000       __imp_GetModuleHandleA     0000000180007000     kernel32:KERNEL32.dll
 0002:00000008       __imp_VirtualProtect       0000000180007008     kernel32:KERNEL32.dll
 0002:00000010       __imp_GetCurrentProcess    0000000180007010     kernel32:KERNEL32.dll
 0002:00000018       __imp_VirtualAlloc         0000000180007018     kernel32:KERNEL32.dll
 0002:00000020       __imp_GetSystemInfo        0000000180007020     kernel32:KERNEL32.dll
 0002:00000028       __imp_HeapAlloc            0000000180007028     kernel32:KERNEL32.dll
 0002:00000030       __imp_GetProcAddress       0000000180007030     kernel32:KERNEL32.dll
 0002:00000038       __imp_GetProcessHeap       0000000180007038     kernel32:KERNEL32.dll
 0002:00000040       __imp_GetModuleHandleW     0000000180007040     kernel32:KERNEL32.dll
 0002:00000048       __imp_FlushInstructionCache 0000000180007048     kernel32:KERNEL32.dll
 0002:00000050       __imp_VirtualQuery         0000000180007050     kernel32:KERNEL32.dll
 0002:00000058       __imp_SetUnhandledExceptionFilter 0000000180007058     kernel32:KERNEL32.dll
 0002:00000060       __imp_UnhandledExceptionFilter 0000000180007060     kernel32:KERNEL32.dll
 0002:00000068       __imp_RtlVirtualUnwind     0000000180007068     kernel32:KERNEL32.dll
 0002:00000070       __imp_InitializeSListHead  0000000180007070     kernel32:KERNEL32.dll
 0002:00000078       __imp_GetSystemTimeAsFileTime 0000000180007078     kernel32:KERNEL32.dll
 0002:00000080       __imp_GetCurrentThreadId   0000000180007080     kernel32:KERNEL32.dll
 0002:00000088       __imp_GetCurrentProcessId  0000000180007088     kernel32:KERNEL32.dll
 0002:00000090       __imp_QueryPerformanceCounter 0000000180007090     kernel32:KERNEL32.dll
 0002:00000098       __imp_IsDebuggerPresent    0000000180007098     kernel32:KERNEL32.dll
 0002:000000a0       __imp_RtlLookupFunctionEntry 00000001800070a0     kernel32:KERNEL32.dll
 0002:000000a8       __imp_RtlCaptureContext    00000001800070a8     kernel32:KERNEL32.dll
 0002:000000b0       __imp_CreateEventW         00000001800070b0     kernel32:KERNEL32.dll
 0002:000000b8       __imp_WaitForSingleObjectEx 00000001800070b8     kernel32:KERNEL32.dll
 0002:000000c0       __imp_ResetEvent           00000001800070c0     kernel32:KERNEL32.dll
 0002:000000c8       __imp_SetEvent             00000001800070c8     kernel32:KERNEL32.dll
 0002:000000d0       __imp_DeleteCriticalSection 00000001800070d0     kernel32:KERNEL32.dll
 0002:000000d8       __imp_InitializeCriticalSectionAndSpinCount 00000001800070d8     kernel32:KERNEL32.dll
 0002:000000e0       __imp_LeaveCriticalSection 00000001800070e0     kernel32:KERNEL32.dll
 0002:000000e8       __imp_EnterCriticalSection 00000001800070e8     kernel32:KERNEL32.dll
 0002:000000f0       __imp_CloseHandle          00000001800070f0     kernel32:KERNEL32.dll
 0002:000000f8       __imp_IsProcessorFeaturePresent 00000001800070f8     kernel32:KERNEL32.dll
 0002:00000100       __imp_TerminateProcess     0000000180007100     kernel32:KERNEL32.dll
 0002:00000108       \177KERNEL32_NULL_THUNK_DATA 0000000180007108     kernel32:KERNEL32.dll
 0002:00000110       __imp_?get_new_handler@std@@YAP6AXXZXZ 0000000180007110     msvcprt:MSVCP140.dll
 0002:00000118       \177MSVCP140_NULL_THUNK_DATA 0000000180007118     msvcprt:MSVCP140.dll
 0002:00000120       __imp__CxxThrowException   0000000180007120     vcruntime:VCRUNTIME140.dll
 0002:00000128       __imp_memset               0000000180007128     vcruntime:VCRUNTIME140.dll
 0002:00000130       __imp_memcpy               0000000180007130     vcruntime:VCRUNTIME140.dll
 0002:00000138       __imp___std_exception_destroy 0000000180007138     vcruntime:VCRUNTIME140.dll
 0002:00000140       __imp___std_type_info_destroy_list 0000000180007140     vcruntime:VCRUNTIME140.dll
 0002:00000148       __imp___std_exception_copy 0000000180007148     vcruntime:VCRUNTIME140.dll
 0002:00000150       __imp_strstr               0000000180007150     vcruntime:VCRUNTIME140.dll
 0002:00000158       __imp___C_specific_handler 0000000180007158     vcruntime:VCRUNTIME140.dll
 0002:00000160       \177VCRUNTIME140_NULL_THUNK_DATA 0000000180007160     vcruntime:VCRUNTIME140.dll
 0002:00000168       __imp_getenv               0000000180007168     ucrt:api-ms-win-crt-environment-l1-1-0.dll
 0002:00000170       \177api-ms-win-crt-environment-l1-1-0_NULL_THUNK_DATA 0000000180007170     ucrt:api-ms-win-crt-environment-l1-1-0.dll
 0002:00000178       __imp_free                 0000000180007178     ucrt:api-ms-win-crt-heap-l1-1-0.dll
 0002:00000180       \177api-ms-win-crt-heap-l1-1-0_NULL_THUNK_DATA 0000000180007180     ucrt:api-ms-win-crt-heap-l1-1-0.dll
 0002:00000188       __imp__initterm            0000000180007188     ucrt:api-ms-win-crt-runtime-l1-1-0.dll
 0002:00000190       __imp__execute_onexit_table 0000000180007190     ucrt:api-ms-win-crt-runtime-l1-1-0.dll
 0002:00000198       __imp_abort                0000000180007198     ucrt:api-ms-win-crt-runtime-l1-1-0.dll
 0002:000001a0       __imp__seh_filter_dll      00000001800071a0     ucrt:api-ms-win-crt-runtime-l1-1-0.dll
 0002:000001a8       __imp__register_onexit_function 00000001800071a8     ucrt:api-ms-win-crt-runtime-l1-1-0.dll
 0002:000001b0       __imp__cexit               00000001800071b0     ucrt:api-ms-win-crt-runtime-l1-1-0.dll
 0002:000001b8       __imp__crt_atexit          00000001800071b8     ucrt:api-ms-win-crt-runtime-l1-1-0.dll
 0002:000001c0       __imp__initialize_onexit_table 00000001800071c0     ucrt:api-ms-win-crt-runtime-l1-1-0.dll
 0002:000001c8       __imp__initialize_narrow_environment 00000001800071c8     ucrt:api-ms-win-crt-runtime-l1-1-0.dll
 0002:000001d0       __imp__configure_narrow_argv 00000001800071d0     ucrt:api-ms-win-crt-runtime-l1-1-0.dll
 0002:000001d8       __imp__initterm_e          00000001800071d8     ucrt:api-ms-win-crt-runtime-l1-1-0.dll
 0002:000001e0       \177api-ms-win-crt-runtime-l1-1-0_NULL_THUNK_DATA 00000001800071e0     ucrt:api-ms-win-crt-runtime-l1-1-0.dll
 0002:000001e8       __imp___stdio_common_vsprintf 00000001800071e8     ucrt:api-ms-win-crt-stdio-l1-1-0.dll
 0002:000001f0       __imp___acrt_iob_func      00000001800071f0     ucrt:api-ms-win-crt-stdio-l1-1-0.dll
 0002:000001f8       __imp___stdio_common_vfprintf 00000001800071f8     ucrt:api-ms-win-crt-stdio-l1-1-0.dll
 0002:00000200       __imp_fflush               0000000180007200     ucrt:api-ms-win-crt-stdio-l1-1-0.dll
 0002:00000208       \177api-ms-win-crt-stdio-l1-1-0_NULL_THUNK_DATA 0000000180007208     ucrt:api-ms-win-crt-stdio-l1-1-0.dll
 0002:00000210       __imp_strncpy              0000000180007210     ucrt:api-ms-win-crt-string-l1-1-0.dll
 0002:00000218       __imp_strncmp              0000000180007218     ucrt:api-ms-win-crt-string-l1-1-0.dll
 0002:00000220       __imp_strspn               0000000180007220     ucrt:api-ms-win-crt-string-l1-1-0.dll
 0002:00000228       __imp_strcmp               0000000180007228     ucrt:api-ms-win-crt-string-l1-1-0.dll
 0002:00000230       \177api-ms-win-crt-string-l1-1-0_NULL_THUNK_DATA 0000000180007230     ucrt:api-ms-win-crt-string-l1-1-0.dll
 0002:00000238       __imp_scalable_malloc      0000000180007238     tbbmalloc:tbbmalloc.dll
 0002:00000240       __imp___TBB_malloc_safer_realloc 0000000180007240     tbbmalloc:tbbmalloc.dll
 0002:00000248       __imp___TBB_malloc_safer_free 0000000180007248     tbbmalloc:tbbmalloc.dll
 0002:00000250       __imp___TBB_malloc_safer_aligned_realloc 0000000180007250     tbbmalloc:tbbmalloc.dll
 0002:00000258       __imp_scalable_aligned_malloc 0000000180007258     tbbmalloc:tbbmalloc.dll
 0002:00000260       __imp___TBB_malloc_safer_aligned_msize 0000000180007260     tbbmalloc:tbbmalloc.dll
 0002:00000268       __imp_scalable_calloc      0000000180007268     tbbmalloc:tbbmalloc.dll
 0002:00000270       __imp___TBB_malloc_safer_msize 0000000180007270     tbbmalloc:tbbmalloc.dll
 0002:00000278       \177tbbmalloc_NULL_THUNK_DATA 0000000180007278     tbbmalloc:tbbmalloc.dll
 0002:00000280       __guard_check_icall_fptr   0000000180007280     MSVCRT:guard_support.obj
 0002:00000288       __guard_xfg_check_icall_fptr 0000000180007288     MSVCRT:guard_support.obj
 0002:00000290       __guard_dispatch_icall_fptr 0000000180007290     MSVCRT:guard_support.obj
 0002:00000298       __guard_xfg_dispatch_icall_fptr 0000000180007298     MSVCRT:guard_support.obj
 0002:000002a0       __guard_xfg_table_dispatch_icall_fptr 00000001800072a0     MSVCRT:guard_support.obj
 0002:000002a8       __xc_a                     00000001800072a8     MSVCRT:initializers.obj
 0002:000002b8       __xc_z                     00000001800072b8     MSVCRT:initializers.obj
 0002:000002c0       __xi_a                     00000001800072c0     MSVCRT:initializers.obj
 0002:000002d0       __xi_z                     00000001800072d0     MSVCRT:initializers.obj
 0002:000002d8       __xl_a                     00000001800072d8     MSVCRT:tlssup.obj
 0002:000002e0       __xl_z                     00000001800072e0     MSVCRT:tlssup.obj
 0002:000002e8       __xp_a                     00000001800072e8     MSVCRT:initializers.obj
 0002:000002f0       __xp_z                     00000001800072f0     MSVCRT:initializers.obj
 0002:000002f8       __xt_a                     00000001800072f8     MSVCRT:initializers.obj
 0002:00000300       __xt_z                     0000000180007300     MSVCRT:initializers.obj
 0002:00000318       ??_7type_info@@6B@         0000000180007318     MSVCRT:std_type_info_static.obj
 0002:00000320       ??_C@_1EC@JIJBPKFM@?$AAa?$AAp?$AAi?$AA?9?$AAm?$AAs?$AA?9?$AAw?$AAi?$AAn?$AA?9?$AAc?$AAo?$AAr?$AAe@ 0000000180007320     MSVCRT:thread_safe_statics.obj
 0002:00000368       ??_C@_1BK@MGMFAEKH@?$AAk?$AAe?$AAr?$AAn?$AAe?$AAl?$AA3?$AA2?$AA?4?$AAd?$AAl?$AAl@ 0000000180007368     MSVCRT:thread_safe_statics.obj
 0002:00000388       ??_C@_0BJ@JEBJOJFJ@SleepConditionVariableCS@ 0000000180007388     MSVCRT:thread_safe_statics.obj
 0002:000003a8       ??_C@_0BJ@PGPPEPCC@WakeAllConditionVariable@ 00000001800073a8     MSVCRT:thread_safe_statics.obj
 0002:000003e0       __xmm@ffffffffffffffffffffffffffffffff 00000001800073e0     MSVCRT:utility.obj
 0002:000003f0       _pDefaultRawDllMain        00000001800073f0     MSVCRT:dll_dllmain.obj
 0002:000003f0       _pRawDllMain               00000001800073f0     MSVCRT:dll_dllmain.obj
 0002:000003f8       ??_C@_01CLKCMJKC@?5@       00000001800073f8     proxy.obj
 0002:00000400       ??_C@_0BC@EOODALEL@Unknown?5exception@ 0000000180007400     proxy.obj
 0002:00000418       ??_C@_0P@GHFPNOJB@bad?5allocation@ 0000000180007418     proxy.obj
 0002:00000428       ??_C@_0BB@CELFBCFL@4883EC284885C974@ 0000000180007428     proxy.obj
 0002:00000440       ??_C@_0BB@DNKOCDBK@4883EC284885C975@ 0000000180007440     proxy.obj
 0002:00000458       ??_C@_0P@IIEFCCCK@4885C974375348@ 0000000180007458     proxy.obj
 0002:00000468       ??_C@_0P@MLBOLCNP@E907000000CCCC@ 0000000180007468     proxy.obj
 0002:00000478       ??_C@_0BD@NAGNMPMM@C7442410000000008B@ 0000000180007478     proxy.obj
 0002:00000490       ??_C@_0P@HHPHEEDL@E90B000000CCCC@ 0000000180007490     proxy.obj
 0002:000004a0       ??_C@_0P@HPPIJIBK@48895C24085748@ 00000001800074a0     proxy.obj
 0002:000004b0       ??_C@_0P@MIBIIJKA@E903000000CCCC@ 00000001800074b0     proxy.obj
 0002:000004c0       ??_C@_0BF@LIMEMCBL@48894C24084883EC28BA@ 00000001800074c0     proxy.obj
 0002:000004d8       ??_C@_0BF@PLLHEACO@4C894424184889542410@ 00000001800074d8     proxy.obj
 0002:000004f0       ??_C@_0BF@BGEFBEEG@48894C24084883EC2848@ 00000001800074f0     proxy.obj
 0002:00000508       ??_C@_0BH@EGOPIBNN@488BD1488D0D?$CD?$CK?$CK?$CK?$CK?$CK?$CK?$CKE9@ 0000000180007508     proxy.obj
 0002:00000520       ??_C@_0O@CHBBGAKE@msvcr100d?4dll@ 0000000180007520     proxy.obj
 0002:00000530       ??_C@_0N@LPNMIKAL@msvcr100?4dll@ 0000000180007530     proxy.obj
 0002:00000540       ??_C@_0O@OLLLGADK@msvcr110d?4dll@ 0000000180007540     proxy.obj
 0002:00000550       ??_C@_0N@BJKLIBLP@msvcr110?4dll@ 0000000180007550     proxy.obj
 0002:00000560       ??_C@_0O@GFDEGHNJ@msvcr120d?4dll@ 0000000180007560     proxy.obj
 0002:00000570       ??_C@_0N@CIEDJLCC@msvcr120?4dll@ 0000000180007570     proxy.obj
 0002:00000580       ??_C@_0N@PICNLMEE@ucrtbase?4dll@ 0000000180007580     proxy.obj
 0002:00000590       ??_C@_06GLDDLHNF@malloc@   0000000180007590     proxy.obj
 0002:00000598       ??_C@_06DLAMMMII@calloc@   0000000180007598     proxy.obj
 0002:000005a0       ??_C@_0BA@GMPDBKFG@_aligned_malloc@ 00000001800075a0     proxy.obj
 0002:000005b0       ??_C@_07BBLEBFDC@_expand@  00000001800075b0     proxy.obj
 0002:000005b8       ??_C@_0P@LPJKMICN@?$DP?$DP2?$EAYAPEAX_K?$EAZ@ 00000001800075b8     proxy.obj
 0002:000005c8       ??_C@_0BA@EFNPBGJ@?$DP?$DP_U?$EAYAPEAX_K?$EAZ@ 00000001800075c8     proxy.obj
 0002:000005d8       ??_C@_0O@GLHPPNAM@?$DP?$DP3?$EAYAXPEAX?$EAZ@ 00000001800075d8     proxy.obj
 0002:000005e8       ??_C@_0P@ELDKCECG@?$DP?$DP_V?$EAYAXPEAX?$EAZ@ 00000001800075e8     proxy.obj
 0002:000005f8       ??_C@_0BP@ELHDJJJI@?$DP?$DP2?$EAYAPAXIABUnothrow_t?$EAstd?$EA?$EA?$EAZ@ 00000001800075f8     proxy.obj
 0002:00000618       ??_C@_0CA@OMDEFABD@?$DP?$DP_U?$EAYAPAXIABUnothrow_t?$EAstd?$EA?$EA?$EAZ@ 0000000180007618     proxy.obj
 0002:00000638       ??_C@_04LIAPHEDB@free@     0000000180007638     proxy.obj
 0002:00000640       ??_C@_06LKNEPFKJ@_msize@   0000000180007640     proxy.obj
 0002:00000648       ??_C@_0O@LGBNDGFL@_aligned_free@ 0000000180007648     proxy.obj
 0002:00000658       ??_C@_0P@OOIOIICO@_aligned_msize@ 0000000180007658     proxy.obj
 0002:00000670       ??_C@_0FK@IINPDCOG@TBBmalloc?3?5skip?5allocation?5func@ 0000000180007670     proxy.obj
 0002:000006cc       ??_C@_04CKFJHKAP@find@     00000001800076cc     proxy.obj
 0002:000006d8       ??_C@_07CLEHDIEJ@replace@  00000001800076d8     proxy.obj
 0002:000006e0       ??_C@_0CH@IHGEOMDA@Failed?5to?5?$CFs?5function?5?$CFs?5in?5mod@ 00000001800076e0     proxy.obj
 0002:00000708       ??_C@_07EOOHGPEI@realloc@  0000000180007708     proxy.obj
 0002:00000710       ??_C@_0BB@DKFBHNHP@_aligned_realloc@ 0000000180007710     proxy.obj
 0002:00000728       ??_C@_07BHCPDLAB@_o_free@  0000000180007728     proxy.obj
 0002:00000730       ??_C@_0L@OPJKHCIK@_free_base@ 0000000180007730     proxy.obj
 0002:00000740       ??_C@_0BP@DNEMBMHJ@TBB_MALLOC_DISABLE_REPLACEMENT@ 0000000180007740     proxy.obj
 0002:00000768       ??_7bad_alloc@std@@6B@     0000000180007768     proxy.obj
 0002:00000780       ??_7exception@std@@6B@     0000000180007780     proxy.obj
 0002:00000790       ??_C@_0CL@PHAMFLPE@Assertion?5?$CFs?5failed?5on?5line?5?$CFd?5@ 0000000180007790     tbb_function_replacement.obj
 0002:000007c0       ??_C@_0BK@GNEKDGNN@Detailed?5description?3?5?$CFs?6@ 00000001800077c0     tbb_function_replacement.obj
 0002:000007e0       ??_C@_0BD@LANNGHCK@Log?5was?5truncated?4@ 00000001800077e0     tbb_function_replacement.obj
 0002:000007f4       ??_C@_02DKCKIIND@?$CFs@    00000001800077f4     tbb_function_replacement.obj
 0002:000007f8       ??_C@_07PBILKAFL@Success@  00000001800077f8     tbb_function_replacement.obj
 0002:00000800       ??_C@_04ODLKOBGJ@Fail@     0000000180007800     tbb_function_replacement.obj
 0002:00000808       ??_C@_0CA@OEDCNBOE@?$CFs?3?5?$CFs?5?$CI?$CFs?$CJ?0?5byte?5pattern?3?5?$DM?$CFs?$DO@ 0000000180007808     tbb_function_replacement.obj
 0002:00000828       ??_C@_04CFJMJGDJ@?$CF?42X@ 0000000180007828     tbb_function_replacement.obj
 0002:00000830       ??_C@_0BE@LDGLKLFL@CheckOpcodes?5failed@ 0000000180007830     tbb_function_replacement.obj
 0002:00000844       ??_C@_05LAPONLG@false@     0000000180007844     tbb_function_replacement.obj
 0002:00000850       ??_C@_0GI@DEHGLBGD@F?3?2Project?2Main?2homework?2xiaope@ 0000000180007850     tbb_function_replacement.obj
 0002:000008b8       ??_C@_08BJIJBMMK@?$CD?$CK?$CK?$CK?$CK?$CK?$CK?$CK@ 00000001800078b8     tbb_function_replacement.obj
 0002:000008c8       ??_C@_0BM@OCGNBDGG@Incorrect?5bytecode?5pattern?$DP@ 00000001800078c8     tbb_function_replacement.obj
 0002:000008e8       ??_C@_0BP@BKAKGHJM@bytesToMove?5?$DO?$DN?5SIZE_OF_RELJUMP@ 00000001800078e8     tbb_function_replacement.obj
 0002:00000908       ??_C@_0BP@NFIPJMHG@bytesToMove?5?$DO?$DN?5SIZE_OF_INDJUMP@ 0000000180007908     tbb_function_replacement.obj
 0002:00000928       ??_C@_07CIFAGBMG@unknown@  0000000180007928     tbb_function_replacement.obj
 0002:000009a0       _load_config_used          00000001800079a0     MSVCRT:loadcfg.obj
 0002:00000b00       _tls_used                  0000000180007b00     MSVCRT:tlssup.obj
 0002:00000b28       ??_R4type_info@@6B@        0000000180007b28     MSVCRT:std_type_info_static.obj
 0002:00000b50       ??_R3type_info@@8          0000000180007b50     MSVCRT:std_type_info_static.obj
 0002:00000b68       ??_R2type_info@@8          0000000180007b68     MSVCRT:std_type_info_static.obj
 0002:00000b78       ??_R1A@?0A@EA@type_info@@8 0000000180007b78     MSVCRT:std_type_info_static.obj
 0002:00000ba0       ??_R4exception@std@@6B@    0000000180007ba0     proxy.obj
 0002:00000bc8       ??_R2bad_alloc@std@@8      0000000180007bc8     proxy.obj
 0002:00000be0       ??_R1A@?0A@EA@exception@std@@8 0000000180007be0     proxy.obj
 0002:00000c08       ??_R1A@?0A@EA@bad_alloc@std@@8 0000000180007c08     proxy.obj
 0002:00000c30       ??_R2exception@std@@8      0000000180007c30     proxy.obj
 0002:00000c40       ??_R3exception@std@@8      0000000180007c40     proxy.obj
 0002:00000c58       ??_R4bad_alloc@std@@6B@    0000000180007c58     proxy.obj
 0002:00000c80       ??_R3bad_alloc@std@@8      0000000180007c80     proxy.obj
 0002:00000c94       __volatile_metadata        0000000180007c94     <linker-defined>
 0002:000010a8       __rtc_iaa                  00000001800080a8     MSVCRT:initsect.obj
 0002:000010b0       __rtc_izz                  00000001800080b0     MSVCRT:initsect.obj
 0002:000010b8       __rtc_taa                  00000001800080b8     MSVCRT:initsect.obj
 0002:000010c0       __rtc_tzz                  00000001800080c0     MSVCRT:initsect.obj
 0002:000010c8       _tls_start                 00000001800080c8     MSVCRT:tlssup.obj
 0002:000010cc       _Init_thread_epoch         00000001800080cc     MSVCRT:thread_safe_statics.obj
 0002:000010d0       _tls_end                   00000001800080d0     MSVCRT:tlssup.obj
 0002:00001448       _CTA2?AVbad_alloc@std@@    0000000180008448     proxy.obj
 0002:00001460       _CT??_R0?AVbad_alloc@std@@@8??0bad_alloc@std@@QEAA@AEBV01@@Z24 0000000180008460     proxy.obj
 0002:00001488       _CT??_R0?AVexception@std@@@8??0exception@std@@QEAA@AEBV01@@Z24 0000000180008488     proxy.obj
 0002:000014b0       _TI2?AVbad_alloc@std@@     00000001800084b0     proxy.obj
 0002:00001550       __IMPORT_DESCRIPTOR_KERNEL32 0000000180008550     kernel32:KERNEL32.dll
 0002:00001564       __IMPORT_DESCRIPTOR_tbbmalloc 0000000180008564     tbbmalloc:tbbmalloc.dll
 0002:00001578       __IMPORT_DESCRIPTOR_MSVCP140 0000000180008578     msvcprt:MSVCP140.dll
 0002:0000158c       __IMPORT_DESCRIPTOR_VCRUNTIME140 000000018000858c     vcruntime:VCRUNTIME140.dll
 0002:000015a0       __IMPORT_DESCRIPTOR_api-ms-win-crt-runtime-l1-1-0 00000001800085a0     ucrt:api-ms-win-crt-runtime-l1-1-0.dll
 0002:000015b4       __IMPORT_DESCRIPTOR_api-ms-win-crt-stdio-l1-1-0 00000001800085b4     ucrt:api-ms-win-crt-stdio-l1-1-0.dll
 0002:000015c8       __IMPORT_DESCRIPTOR_api-ms-win-crt-string-l1-1-0 00000001800085c8     ucrt:api-ms-win-crt-string-l1-1-0.dll
 0002:000015dc       __IMPORT_DESCRIPTOR_api-ms-win-crt-environment-l1-1-0 00000001800085dc     ucrt:api-ms-win-crt-environment-l1-1-0.dll
 0002:000015f0       __IMPORT_DESCRIPTOR_api-ms-win-crt-heap-l1-1-0 00000001800085f0     ucrt:api-ms-win-crt-heap-l1-1-0.dll
 0002:00001604       __NULL_IMPORT_DESCRIPTOR   0000000180008604     kernel32:KERNEL32.dll
 0003:00000000       _Init_global_epoch         0000000180009000     MSVCRT:thread_safe_statics.obj
 0003:00000004       __scrt_native_dllmain_reason 0000000180009004     MSVCRT:utility.obj
 0003:00000008       __security_cookie_complement 0000000180009008     MSVCRT:gs_cookie.obj
 0003:00000010       __security_cookie          0000000180009010     MSVCRT:gs_cookie.obj
 0003:00000018       __isa_available            0000000180009018     MSVCRT:cpu_disp.obj
 0003:0000001c       __isa_enabled              000000018000901c     MSVCRT:cpu_disp.obj
 0003:00000020       __memcpy_nt_iters          0000000180009020     MSVCRT:cpu_disp.obj
 0003:00000028       __memset_nt_iters          0000000180009028     MSVCRT:cpu_disp.obj
 0003:00000030       __scrt_ucrt_dll_is_in_use  0000000180009030     MSVCRT:ucrt_stubs.obj
 0003:00000040       ?modules_to_replace@@3PAUModule@@A 0000000180009040     proxy.obj
 0003:000000b0       ?c_routines_to_replace@@3PAUFRData_t@@A 00000001800090b0     proxy.obj
 0003:00000110       ?known_bytecodes@@3PAPEBDA 0000000180009110     proxy.obj
 0003:00000180       ?cxx_routines_to_replace@@3PAUFRData_t@@A 0000000180009180     proxy.obj
 0003:00000218       ??_R0?AVbad_alloc@std@@@8  0000000180009218     proxy.obj
 0003:00000240       ??_R0?AVexception@std@@@8  0000000180009240     proxy.obj
 0003:00000268       ??_R0?AVtype_info@@@8      0000000180009268     MSVCRT:std_type_info_static.obj
 0003:00000850       __scrt_current_native_startup_state 0000000180009850     MSVCRT:utility.obj
 0003:00000858       __scrt_native_startup_lock 0000000180009858     MSVCRT:utility.obj
 0003:0000089c       __scrt_debugger_hook_flag  000000018000989c     MSVCRT:utility_desktop.obj
 0003:000008a0       __castguard_check_failure_os_handled_fptr 00000001800098a0     MSVCRT:guard_support.obj
 0003:000008a8       _tls_index                 00000001800098a8     MSVCRT:tlssup.obj
 0003:000008ac       __favor                    00000001800098ac     MSVCRT:cpu_disp.obj
 0003:000008b0       ?__type_info_root_node@@3U__type_info_node@@A 00000001800098b0     MSVCRT:tncleanup.obj
 0003:000008c0       ?_OptionsStorage@?1??__local_stdio_scanf_options@@9@4_KA 00000001800098c0     MSVCRT:default_local_stdio_options.obj
 0003:000008d0       ?orig__aligned_free_msvcr100@@3P6AXPEAX@ZEA 00000001800098d0     proxy.obj
 0003:000008d8       ?orig_free_msvcr110@@3P6AXPEAX@ZEA 00000001800098d8     proxy.obj
 0003:000008e0       ?orig__msize_msvcr110d@@3P6A_KPEAX@ZEA 00000001800098e0     proxy.obj
 0003:000008e8       ?orig__aligned_msize_msvcr120d@@3P6A_KPEAX_K1@ZEA 00000001800098e8     proxy.obj
 0003:000008f0       ?orig__aligned_msize_msvcr100@@3P6A_KPEAX_K1@ZEA 00000001800098f0     proxy.obj
 0003:000008f8       ?orig_free_msvcr120@@3P6AXPEAX@ZEA 00000001800098f8     proxy.obj
 0003:00000900       ?orig__free_base@@3P6AXPEAX@ZEA 0000000180009900     proxy.obj
 0003:00000908       ?orig__aligned_msize_msvcr100d@@3P6A_KPEAX_K1@ZEA 0000000180009908     proxy.obj
 0003:00000910       ?orig__aligned_free_msvcr120d@@3P6AXPEAX@ZEA 0000000180009910     proxy.obj
 0003:00000918       ?orig__o_free@@3P6AXPEAX@ZEA 0000000180009918     proxy.obj
 0003:00000920       ?orig__aligned_free_msvcr110@@3P6AXPEAX@ZEA 0000000180009920     proxy.obj
 0003:00000928       ?orig_free_msvcr100d@@3P6AXPEAX@ZEA 0000000180009928     proxy.obj
 0003:00000930       ?orig__msize_msvcr120@@3P6A_KPEAX@ZEA 0000000180009930     proxy.obj
 0003:00000938       ?orig_free_msvcr120d@@3P6AXPEAX@ZEA 0000000180009938     proxy.obj
 0003:00000940       ?orig_free_msvcr110d@@3P6AXPEAX@ZEA 0000000180009940     proxy.obj
 0003:00000948       ?orig__aligned_free_msvcr110d@@3P6AXPEAX@ZEA 0000000180009948     proxy.obj
 0003:00000950       ?orig__msize_ucrtbase@@3P6A_KPEAX@ZEA 0000000180009950     proxy.obj
 0003:00000958       ?orig_free_ucrtbase@@3P6AXPEAX@ZEA 0000000180009958     proxy.obj
 0003:00000960       ?orig_free_msvcr100@@3P6AXPEAX@ZEA 0000000180009960     proxy.obj
 0003:00000968       ?orig__aligned_msize_msvcr110d@@3P6A_KPEAX_K1@ZEA 0000000180009968     proxy.obj
 0003:00000970       ?orig__msize_msvcr110@@3P6A_KPEAX@ZEA 0000000180009970     proxy.obj
 0003:00000978       ?orig__msize_msvcr100@@3P6A_KPEAX@ZEA 0000000180009978     proxy.obj
 0003:00000980       ?orig__msize_msvcr120d@@3P6A_KPEAX@ZEA 0000000180009980     proxy.obj
 0003:00000988       ?orig__aligned_free_msvcr120@@3P6AXPEAX@ZEA 0000000180009988     proxy.obj
 0003:00000990       ?orig__aligned_msize_msvcr110@@3P6A_KPEAX_K1@ZEA 0000000180009990     proxy.obj
 0003:00000998       ?orig__aligned_msize_ucrtbase@@3P6A_KPEAX_K1@ZEA 0000000180009998     proxy.obj
 0003:000009a0       ?orig__aligned_free_msvcr100d@@3P6AXPEAX@ZEA 00000001800099a0     proxy.obj
 0003:000009a8       ?orig__aligned_free_ucrtbase@@3P6AXPEAX@ZEA 00000001800099a8     proxy.obj
 0003:000009b0       ?orig__msize_msvcr100d@@3P6A_KPEAX@ZEA 00000001800099b0     proxy.obj
 0003:000009b8       ?orig__aligned_msize_msvcr120@@3P6A_KPEAX_K1@ZEA 00000001800099b8     proxy.obj
 0003:000023f0       ?_OptionsStorage@?1??__local_stdio_printf_options@@9@4_KA 000000018000b3f0     proxy.obj
 0003:00002530       __dyn_tls_init_callback    000000018000b530     <common>

 entry point at        0001:00004fa8

 Static symbols

 0000:ffff1000       .debug$S                   0000000180000000     tbbmalloc_proxy.exp
 0000:ffff1000       .debug$S                   0000000180000000     msvcprt:MSVCP140.dll
 0000:ffff1000       .debug$S                   0000000180000000     vcruntime:VCRUNTIME140.dll
 0000:ffff1000       .debug$S                   0000000180000000     vcruntime:VCRUNTIME140.dll
 0000:ffff1000       .debug$S                   0000000180000000     vcruntime:VCRUNTIME140.dll
 0000:ffff1000       .debug$S                   0000000180000000     vcruntime:VCRUNTIME140.dll
 0000:ffff1000       .debug$S                   0000000180000000     vcruntime:VCRUNTIME140.dll
 0000:ffff1000       .debug$S                   0000000180000000     vcruntime:VCRUNTIME140.dll
 0000:ffff1000       .debug$S                   0000000180000000     vcruntime:VCRUNTIME140.dll
 0000:ffff1000       .debug$S                   0000000180000000     vcruntime:VCRUNTIME140.dll
 0000:ffff1000       .debug$S                   0000000180000000     vcruntime:VCRUNTIME140.dll
 0000:ffff1000       .debug$S                   0000000180000000     vcruntime:VCRUNTIME140.dll
 0000:ffff1000       .debug$S                   0000000180000000     vcruntime:VCRUNTIME140.dll
 0000:ffff1000       .debug$S                   0000000180000000     vcruntime:VCRUNTIME140_1.dll
 0002:ffff9000       .idata$6                   0000000180000000     vcruntime:VCRUNTIME140_1.dll
 0000:ffff1000       .debug$S                   0000000180000000     ucrt:api-ms-win-crt-environment-l1-1-0.dll
 0000:ffff1000       .debug$S                   0000000180000000     ucrt:api-ms-win-crt-heap-l1-1-0.dll
 0000:ffff1000       .debug$S                   0000000180000000     ucrt:api-ms-win-crt-runtime-l1-1-0.dll
 0000:ffff1000       .debug$S                   0000000180000000     ucrt:api-ms-win-crt-runtime-l1-1-0.dll
 0000:ffff1000       .debug$S                   0000000180000000     ucrt:api-ms-win-crt-runtime-l1-1-0.dll
 0000:ffff1000       .debug$S                   0000000180000000     ucrt:api-ms-win-crt-runtime-l1-1-0.dll
 0000:ffff1000       .debug$S                   0000000180000000     ucrt:api-ms-win-crt-runtime-l1-1-0.dll
 0000:ffff1000       .debug$S                   0000000180000000     ucrt:api-ms-win-crt-runtime-l1-1-0.dll
 0000:ffff1000       .debug$S                   0000000180000000     ucrt:api-ms-win-crt-runtime-l1-1-0.dll
 0000:ffff1000       .debug$S                   0000000180000000     ucrt:api-ms-win-crt-runtime-l1-1-0.dll
 0000:ffff1000       .debug$S                   0000000180000000     ucrt:api-ms-win-crt-runtime-l1-1-0.dll
 0000:ffff1000       .debug$S                   0000000180000000     ucrt:api-ms-win-crt-runtime-l1-1-0.dll
 0000:ffff1000       .debug$S                   0000000180000000     ucrt:api-ms-win-crt-runtime-l1-1-0.dll
 0000:ffff1000       .debug$S                   0000000180000000     ucrt:api-ms-win-crt-runtime-l1-1-0.dll
 0000:ffff1000       .debug$S                   0000000180000000     ucrt:api-ms-win-crt-runtime-l1-1-0.dll
 0000:ffff1000       .debug$S                   0000000180000000     ucrt:api-ms-win-crt-stdio-l1-1-0.dll
 0000:ffff1000       .debug$S                   0000000180000000     ucrt:api-ms-win-crt-stdio-l1-1-0.dll
 0000:ffff1000       .debug$S                   0000000180000000     ucrt:api-ms-win-crt-stdio-l1-1-0.dll
 0000:ffff1000       .debug$S                   0000000180000000     ucrt:api-ms-win-crt-stdio-l1-1-0.dll
 0000:ffff1000       .debug$S                   0000000180000000     ucrt:api-ms-win-crt-string-l1-1-0.dll
 0000:ffff1000       .debug$S                   0000000180000000     ucrt:api-ms-win-crt-string-l1-1-0.dll
 0000:ffff1000       .debug$S                   0000000180000000     ucrt:api-ms-win-crt-string-l1-1-0.dll
 0000:ffff1000       .debug$S                   0000000180000000     ucrt:api-ms-win-crt-string-l1-1-0.dll
 0000:ffff1000       .debug$S                   0000000180000000     ucrt:api-ms-win-crt-string-l1-1-0.dll
 0000:ffff1000       .debug$S                   0000000180000000     ucrt:api-ms-win-crt-string-l1-1-0.dll
 0000:ffff1000       .debug$S                   0000000180000000     kernel32:KERNEL32.dll
 0000:ffff1000       .debug$S                   0000000180000000     kernel32:KERNEL32.dll
 0000:ffff1000       .debug$S                   0000000180000000     kernel32:KERNEL32.dll
 0000:ffff1000       .debug$S                   0000000180000000     kernel32:KERNEL32.dll
 0000:ffff1000       .debug$S                   0000000180000000     kernel32:KERNEL32.dll
 0000:ffff1000       .debug$S                   0000000180000000     kernel32:KERNEL32.dll
 0000:ffff1000       .debug$S                   0000000180000000     kernel32:KERNEL32.dll
 0000:ffff1000       .debug$S                   0000000180000000     kernel32:KERNEL32.dll
 0000:ffff1000       .debug$S                   0000000180000000     kernel32:KERNEL32.dll
 0000:ffff1000       .debug$S                   0000000180000000     kernel32:KERNEL32.dll
 0000:ffff1000       .debug$S                   0000000180000000     kernel32:KERNEL32.dll
 0000:ffff1000       .debug$S                   0000000180000000     kernel32:KERNEL32.dll
 0000:ffff1000       .debug$S                   0000000180000000     kernel32:KERNEL32.dll
 0000:ffff1000       .debug$S                   0000000180000000     kernel32:KERNEL32.dll
 0000:ffff1000       .debug$S                   0000000180000000     kernel32:KERNEL32.dll
 0000:ffff1000       .debug$S                   0000000180000000     kernel32:KERNEL32.dll
 0000:ffff1000       .debug$S                   0000000180000000     kernel32:KERNEL32.dll
 0000:ffff1000       .debug$S                   0000000180000000     kernel32:KERNEL32.dll
 0000:ffff1000       .debug$S                   0000000180000000     kernel32:KERNEL32.dll
 0000:ffff1000       .debug$S                   0000000180000000     kernel32:KERNEL32.dll
 0000:ffff1000       .debug$S                   0000000180000000     kernel32:KERNEL32.dll
 0000:ffff1000       .debug$S                   0000000180000000     kernel32:KERNEL32.dll
 0000:ffff1000       .debug$S                   0000000180000000     kernel32:KERNEL32.dll
 0000:ffff1000       .debug$S                   0000000180000000     kernel32:KERNEL32.dll
 0000:ffff1000       .debug$S                   0000000180000000     kernel32:KERNEL32.dll
 0000:ffff1000       .debug$S                   0000000180000000     kernel32:KERNEL32.dll
 0000:ffff1000       .debug$S                   0000000180000000     kernel32:KERNEL32.dll
 0000:ffff1000       .debug$S                   0000000180000000     kernel32:KERNEL32.dll
 0000:ffff1000       .debug$S                   0000000180000000     kernel32:KERNEL32.dll
 0000:ffff1000       .debug$S                   0000000180000000     kernel32:KERNEL32.dll
 0000:ffff1000       .debug$S                   0000000180000000     kernel32:KERNEL32.dll
 0000:ffff1000       .debug$S                   0000000180000000     kernel32:KERNEL32.dll
 0000:ffff1000       .debug$S                   0000000180000000     kernel32:KERNEL32.dll
 0000:ffff1000       .debug$S                   0000000180000000     kernel32:KERNEL32.dll
 0000:ffff1000       .debug$S                   0000000180000000     tbbmalloc:tbbmalloc.dll
 0000:ffff1000       .debug$S                   0000000180000000     tbbmalloc:tbbmalloc.dll
 0000:ffff1000       .debug$S                   0000000180000000     tbbmalloc:tbbmalloc.dll
 0000:ffff1000       .debug$S                   0000000180000000     tbbmalloc:tbbmalloc.dll
 0000:ffff1000       .debug$S                   0000000180000000     tbbmalloc:tbbmalloc.dll
 0000:ffff1000       .debug$S                   0000000180000000     tbbmalloc:tbbmalloc.dll
 0000:ffff1000       .debug$S                   0000000180000000     tbbmalloc:tbbmalloc.dll
 0000:ffff1000       .debug$S                   0000000180000000     tbbmalloc:tbbmalloc.dll
 0001:00000000       ??__EmemProvider@@YAXXZ    0000000180001000 f   tbb_function_replacement.obj
 0001:00003930       ?CheckOpcodes@@YAIPEAPEBDPEAX_NPEBUFunctionInfo@@@Z 0000000180004930 f   tbb_function_replacement.obj
 0001:00003d30       ?InsertTrampoline32@@YAKPEAX0PEBDPEAPEAX@Z 0000000180004d30 f   tbb_function_replacement.obj
 0001:00003f40       ?InsertTrampoline64@@YAKPEAX0PEBDPEAPEAX@Z 0000000180004f40 f   tbb_function_replacement.obj
 0001:00004140       ?InsertTrampoline@@YA_NPEAX0PEAPEBDPEAPEAX@Z 0000000180005140 f   tbb_function_replacement.obj
 0001:000043a0       $$000000                   00000001800053a0     MSVCRT:amdsecgs.obj
 0001:00004404       ?__scrt_initialize_thread_safe_statics@@YAHXZ 0000000180005404 f   MSVCRT:thread_safe_statics.obj
 0001:000044d4       ?__scrt_uninitialize_thread_safe_statics@@YAXXZ 00000001800054d4 f   MSVCRT:thread_safe_statics.obj
 0001:00004824       capture_current_context    0000000180005824 f   MSVCRT:gs_report.obj
 0001:00004894       capture_previous_context   0000000180005894 f   MSVCRT:gs_report.obj
 0001:00004c88       ?dllmain_crt_dispatch@@YAHQEAUHINSTANCE__@@KQEAX@Z 0000000180005c88 f   MSVCRT:dll_dllmain.obj
 0001:00004cd8       ?dllmain_crt_process_attach@@YAHQEAUHINSTANCE__@@QEAX@Z 0000000180005cd8 f   MSVCRT:dll_dllmain.obj
 0001:00004df0       ?dllmain_crt_process_detach@@YAH_N@Z 0000000180005df0 f   MSVCRT:dll_dllmain.obj
 0001:00004e74       ?dllmain_dispatch@@YAHQEAUHINSTANCE__@@KQEAX@Z 0000000180005e74 f   MSVCRT:dll_dllmain.obj
 0001:00005560       $$000000                   0000000180006560     MSVCRT:guard_dispatch.obj
 0001:00005580       $$000000                   0000000180006580     MSVCRT:guard_xfg_dispatch.obj
 0001:00005596       __scrt_is_nonwritable_in_current_image$filt$0 0000000180006596 f   MSVCRT:utility.obj
 0001:000055ae       ?fin$0@?0??dllmain_crt_process_attach@@YAHQEAUHINSTANCE__@@QEAX@Z@4HA 00000001800065ae f   MSVCRT:dll_dllmain.obj
 0001:000055c5       ?fin$0@?0??dllmain_crt_process_detach@@YAH_N@Z@4HA 00000001800065c5 f   MSVCRT:dll_dllmain.obj
 0001:000055de       ?fin$1@?0??dllmain_crt_process_detach@@YAH_N@Z@4HA 00000001800065de f   MSVCRT:dll_dllmain.obj
 0001:000055f2       ?filt$0@?0??dllmain_dispatch@@YAHQEAUHINSTANCE__@@KQEAX@Z@4HA 00000001800065f2 f   MSVCRT:dll_dllmain.obj
 0001:00005630       ??__FmemProvider@@YAXXZ    0000000180006630 f   tbb_function_replacement.obj
 0002:000002b0       ?memProvider$initializer$@@3P6AXXZEA 00000001800072b0     tbb_function_replacement.obj
 0002:000002c8       ?__scrt_initialize_tss_var@@3P6AHXZEA 00000001800072c8     MSVCRT:thread_safe_statics.obj
 0002:000003c8       GS_ExceptionPointers       00000001800073c8     MSVCRT:gs_report.obj
 0002:000010d8       $unwind$??0bad_alloc@std@@QEAA@AEBV01@@Z 00000001800080d8     proxy.obj
 0002:000010d8       $unwind$??0exception@std@@QEAA@AEBV01@@Z 00000001800080d8     proxy.obj
 0002:000010d8       $unwind$__raise_securityfailure 00000001800080d8     MSVCRT:gs_report.obj
 0002:000010d8       $unwind$??_Gtype_info@@UEAAPEAXI@Z 00000001800080d8     MSVCRT:std_type_info_static.obj
 0002:000010d8       $unwind$_Init_thread_footer 00000001800080d8     MSVCRT:thread_safe_statics.obj
 0002:000010d8       $unwind$_Init_thread_header 00000001800080d8     MSVCRT:thread_safe_statics.obj
 0002:000010d8       $unwind$_Init_thread_wait  00000001800080d8     MSVCRT:thread_safe_statics.obj
 0002:000010d8       $unwind$__scrt_initialize_crt 00000001800080d8     MSVCRT:utility.obj
 0002:000010d8       $unwind$__scrt_initialize_onexit_tables 00000001800080d8     MSVCRT:utility.obj
 0002:000010d8       $unwind$__scrt_release_startup_lock 00000001800080d8     MSVCRT:utility.obj
 0002:000010d8       $unwind$__scrt_uninitialize_crt 00000001800080d8     MSVCRT:utility.obj
 0002:000010d8       $unwind$_onexit            00000001800080d8     MSVCRT:utility.obj
 0002:000010e0       $unwind$??_Gbad_alloc@std@@UEAAPEAXI@Z 00000001800080e0     proxy.obj
 0002:000010e0       $unwind$??_Gexception@std@@UEAAPEAXI@Z 00000001800080e0     proxy.obj
 0002:000010e0       $unwind$_RTC_Initialize    00000001800080e0     MSVCRT:initsect.obj
 0002:000010e0       $unwind$_RTC_Terminate     00000001800080e0     MSVCRT:initsect.obj
 0002:000010e0       $unwind$?__scrt_initialize_thread_safe_statics@@YAHXZ 00000001800080e0     MSVCRT:thread_safe_statics.obj
 0002:000010ec       $unwind$fprintf            00000001800080ec     proxy.obj
 0002:000010ec       $unwind$sprintf            00000001800080ec     tbb_function_replacement.obj
 0002:000010f8       $unwind$?__TBB_malloc_safer__aligned_realloc_msvcr100@@YAPEAXPEAX_K1@Z 00000001800080f8     proxy.obj
 0002:000010f8       $unwind$?__TBB_malloc_safer__aligned_realloc_msvcr100d@@YAPEAXPEAX_K1@Z 00000001800080f8     proxy.obj
 0002:000010f8       $unwind$?__TBB_malloc_safer__aligned_realloc_msvcr110@@YAPEAXPEAX_K1@Z 00000001800080f8     proxy.obj
 0002:000010f8       $unwind$?__TBB_malloc_safer__aligned_realloc_msvcr110d@@YAPEAXPEAX_K1@Z 00000001800080f8     proxy.obj
 0002:000010f8       $unwind$?__TBB_malloc_safer__aligned_realloc_msvcr120@@YAPEAXPEAX_K1@Z 00000001800080f8     proxy.obj
 0002:000010f8       $unwind$?__TBB_malloc_safer__aligned_realloc_msvcr120d@@YAPEAXPEAX_K1@Z 00000001800080f8     proxy.obj
 0002:000010f8       $unwind$?__TBB_malloc_safer__aligned_realloc_ucrtbase@@YAPEAXPEAX_K1@Z 00000001800080f8     proxy.obj
 0002:000010f8       $unwind$?__TBB_malloc_safer_realloc_msvcr100@@YAPEAXPEAX_K@Z 00000001800080f8     proxy.obj
 0002:000010f8       $unwind$?__TBB_malloc_safer_realloc_msvcr100d@@YAPEAXPEAX_K@Z 00000001800080f8     proxy.obj
 0002:000010f8       $unwind$?__TBB_malloc_safer_realloc_msvcr110@@YAPEAXPEAX_K@Z 00000001800080f8     proxy.obj
 0002:000010f8       $unwind$?__TBB_malloc_safer_realloc_msvcr110d@@YAPEAXPEAX_K@Z 00000001800080f8     proxy.obj
 0002:000010f8       $unwind$?__TBB_malloc_safer_realloc_msvcr120@@YAPEAXPEAX_K@Z 00000001800080f8     proxy.obj
 0002:000010f8       $unwind$?__TBB_malloc_safer_realloc_msvcr120d@@YAPEAXPEAX_K@Z 00000001800080f8     proxy.obj
 0002:000010f8       $unwind$?__TBB_malloc_safer_realloc_ucrtbase@@YAPEAXPEAX_K@Z 00000001800080f8     proxy.obj
 0002:00001100       $unwind$?operator_new@@YAPEAX_K@Z 0000000180008100     proxy.obj
 0002:00001100       $unwind$?operator_new_arr@@YAPEAX_K@Z 0000000180008100     proxy.obj
 0002:00001108       $unwind$?BytecodesAreKnown@@YA_NPEBD@Z 0000000180008108     proxy.obj
 0002:00001124       $unwind$?ReplaceFunctionWithStore@@YAXPEBD0P6AXXZPEAPEBDPEAP6AXXZW4FRR_ON_ERROR@@@Z 0000000180008124     proxy.obj
 0002:00001138       $unwind$?doMallocReplacement@@YAXXZ 0000000180008138     proxy.obj
 0002:0000114c       $chain$0$?doMallocReplacement@@YAXXZ 000000018000814c     proxy.obj
 0002:00001160       $chain$2$?doMallocReplacement@@YAXXZ 0000000180008160     proxy.obj
 0002:00001174       $unwind$DllMain            0000000180008174     proxy.obj
 0002:00001174       $unwind$__scrt_initialize_default_local_stdio_options 0000000180008174     MSVCRT:default_local_stdio_options.obj
 0002:00001174       $unwind$?dllmain_crt_dispatch@@YAHQEAUHINSTANCE__@@KQEAX@Z 0000000180008174     MSVCRT:dll_dllmain.obj
 0002:00001174       $unwind$__report_rangecheckfailure 0000000180008174     MSVCRT:gs_report.obj
 0002:00001174       $unwind$__GSHandlerCheck   0000000180008174     MSVCRT:gshandler.obj
 0002:00001174       $unwind$?__scrt_uninitialize_thread_safe_statics@@YAXXZ 0000000180008174     MSVCRT:thread_safe_statics.obj
 0002:00001174       $unwind$_Init_thread_notify 0000000180008174     MSVCRT:thread_safe_statics.obj
 0002:00001174       $unwind$__scrt_acquire_startup_lock 0000000180008174     MSVCRT:utility.obj
 0002:00001174       $unwind$__scrt_dllmain_after_initialize_c 0000000180008174     MSVCRT:utility.obj
 0002:00001174       $unwind$__scrt_dllmain_before_initialize_c 0000000180008174     MSVCRT:utility.obj
 0002:00001174       $unwind$__scrt_dllmain_crt_thread_attach 0000000180008174     MSVCRT:utility.obj
 0002:00001174       $unwind$__scrt_dllmain_crt_thread_detach 0000000180008174     MSVCRT:utility.obj
 0002:00001174       $unwind$__scrt_dllmain_uninitialize_c 0000000180008174     MSVCRT:utility.obj
 0002:00001174       $unwind$__scrt_dllmain_uninitialize_critical 0000000180008174     MSVCRT:utility.obj
 0002:00001174       $unwind$atexit             0000000180008174     MSVCRT:utility.obj
 0002:0000117c       $chain$1$DllMain           000000018000817c     proxy.obj
 0002:00001194       $chain$2$DllMain           0000000180008194     proxy.obj
 0002:000011a4       $unwind$snprintf           00000001800081a4     tbb_function_replacement.obj
 0002:000011b4       $unwind$?GetLocation@MemoryProvider@@QEAA_K_K@Z 00000001800081b4     tbb_function_replacement.obj
 0002:000011bc       $chain$0$?GetLocation@MemoryProvider@@QEAA_K_K@Z 00000001800081bc     tbb_function_replacement.obj
 0002:000011d0       $chain$1$?GetLocation@MemoryProvider@@QEAA_K_K@Z 00000001800081d0     tbb_function_replacement.obj
 0002:000011e0       $chain$2$?GetLocation@MemoryProvider@@QEAA_K_K@Z 00000001800081e0     tbb_function_replacement.obj
 0002:000011f4       $unwind$??__EmemProvider@@YAXXZ 00000001800081f4     tbb_function_replacement.obj
 0002:000011fc       $unwind$?CheckOpcodes@@YAIPEAPEBDPEAX_NPEBUFunctionInfo@@@Z 00000001800081fc     tbb_function_replacement.obj
 0002:00001218       $chain$0$?CheckOpcodes@@YAIPEAPEBDPEAX_NPEBUFunctionInfo@@@Z 0000000180008218     tbb_function_replacement.obj
 0002:0000122c       $chain$1$?CheckOpcodes@@YAIPEAPEBDPEAX_NPEBUFunctionInfo@@@Z 000000018000822c     tbb_function_replacement.obj
 0002:00001240       $chain$2$?CheckOpcodes@@YAIPEAPEBDPEAX_NPEBUFunctionInfo@@@Z 0000000180008240     tbb_function_replacement.obj
 0002:00001250       $chain$3$?CheckOpcodes@@YAIPEAPEBDPEAX_NPEBUFunctionInfo@@@Z 0000000180008250     tbb_function_replacement.obj
 0002:00001260       $unwind$?InsertTrampoline32@@YAKPEAX0PEBDPEAPEAX@Z 0000000180008260     tbb_function_replacement.obj
 0002:00001260       $unwind$?InsertTrampoline64@@YAKPEAX0PEBDPEAPEAX@Z 0000000180008260     tbb_function_replacement.obj
 0002:00001278       $unwind$?InsertTrampoline@@YA_NPEAX0PEAPEBDPEAPEAX@Z 0000000180008278     tbb_function_replacement.obj
 0002:00001290       $unwind$?IsPrologueKnown@@YA_NPEBD0PEAPEBDPEAUHINSTANCE__@@@Z 0000000180008290     tbb_function_replacement.obj
 0002:0000129c       $chain$0$?IsPrologueKnown@@YA_NPEBD0PEAPEBDPEAUHINSTANCE__@@@Z 000000018000829c     tbb_function_replacement.obj
 0002:000012b0       $chain$1$?IsPrologueKnown@@YA_NPEBD0PEAPEBDPEAUHINSTANCE__@@@Z 00000001800082b0     tbb_function_replacement.obj
 0002:000012c0       $xdatasym                  00000001800082c0     MSVCRT:amdsecgs.obj
 0002:000012c4       $unwind$__report_securityfailure 00000001800082c4     MSVCRT:gs_report.obj
 0002:000012cc       $unwind$__report_gsfailure 00000001800082cc     MSVCRT:gs_report.obj
 0002:000012d4       $unwind$capture_current_context 00000001800082d4     MSVCRT:gs_report.obj
 0002:000012e0       $unwind$capture_previous_context 00000001800082e0     MSVCRT:gs_report.obj
 0002:000012ec       $unwind$__scrt_is_nonwritable_in_current_image 00000001800082ec     MSVCRT:utility.obj
 0002:0000130c       $unwind$__scrt_is_nonwritable_in_current_image$filt$0 000000018000830c     MSVCRT:utility.obj
 0002:00001314       $unwind$__scrt_dllmain_exception_filter 0000000180008314     MSVCRT:utility.obj
 0002:00001328       $unwind$?dllmain_crt_process_attach@@YAHQEAUHINSTANCE__@@QEAX@Z 0000000180008328     MSVCRT:dll_dllmain.obj
 0002:00001364       $unwind$?fin$0@?0??dllmain_crt_process_attach@@YAHQEAUHINSTANCE__@@QEAX@Z@4HA 0000000180008364     MSVCRT:dll_dllmain.obj
 0002:00001364       $unwind$?fin$0@?0??dllmain_crt_process_detach@@YAH_N@Z@4HA 0000000180008364     MSVCRT:dll_dllmain.obj
 0002:00001364       $unwind$?fin$1@?0??dllmain_crt_process_detach@@YAH_N@Z@4HA 0000000180008364     MSVCRT:dll_dllmain.obj
 0002:0000136c       $unwind$?dllmain_crt_process_detach@@YAH_N@Z 000000018000836c     MSVCRT:dll_dllmain.obj
 0002:000013c0       $unwind$?dllmain_dispatch@@YAHQEAUHINSTANCE__@@KQEAX@Z 00000001800083c0     MSVCRT:dll_dllmain.obj
 0002:000013e8       $unwind$?filt$0@?0??dllmain_dispatch@@YAHQEAUHINSTANCE__@@KQEAX@Z@4HA 00000001800083e8     MSVCRT:dll_dllmain.obj
 0002:000013f0       $unwind$_DllMainCRTStartup 00000001800083f0     MSVCRT:dll_dllmain.obj
 0002:00001400       $unwind$__scrt_fastfail    0000000180008400     MSVCRT:utility_desktop.obj
 0002:00001410       $unwind$__isa_available_init 0000000180008410     MSVCRT:cpu_disp.obj
 0002:00001420       $unwind$__security_init_cookie 0000000180008420     MSVCRT:gs_support.obj
 0002:00001430       $xdatasym                  0000000180008430     MSVCRT:guard_dispatch.obj
 0002:00001438       $xdatasym                  0000000180008438     MSVCRT:guard_xfg_dispatch.obj
 0002:0000143c       $unwind$__GSHandlerCheckCommon 000000018000843c     MSVCRT:gshandler.obj
 0002:000014d0       .edata                     00000001800084d0     tbbmalloc_proxy.exp
 0002:000014f8       rgpv                       00000001800084f8     tbbmalloc_proxy.exp
 0002:00001500       rgszName                   0000000180008500     tbbmalloc_proxy.exp
 0002:00001508       rgwOrd                     0000000180008508     tbbmalloc_proxy.exp
 0002:0000150c       szName                     000000018000850c     tbbmalloc_proxy.exp
 0002:00001520       $N00001                    0000000180008520     tbbmalloc_proxy.exp
 0002:0000153b       $N00002                    000000018000853b     tbbmalloc_proxy.exp
 0002:0000195e       .idata$6                   000000018000895e     kernel32:KERNEL32.dll
 0002:00001a48       .idata$6                   0000000180008a48     tbbmalloc:tbbmalloc.dll
 0002:00001a7a       .idata$6                   0000000180008a7a     msvcprt:MSVCP140.dll
 0002:00001b06       .idata$6                   0000000180008b06     vcruntime:VCRUNTIME140.dll
 0002:00001c70       .idata$6                   0000000180008c70     ucrt:api-ms-win-crt-runtime-l1-1-0.dll
 0002:00001c92       .idata$6                   0000000180008c92     ucrt:api-ms-win-crt-stdio-l1-1-0.dll
 0002:00001cb2       .idata$6                   0000000180008cb2     ucrt:api-ms-win-crt-string-l1-1-0.dll
 0002:00001cd4       .idata$6                   0000000180008cd4     ucrt:api-ms-win-crt-environment-l1-1-0.dll
 0002:00001cfa       .idata$6                   0000000180008cfa     ucrt:api-ms-win-crt-heap-l1-1-0.dll
 0003:00000210       ?replacement_status@Log@@3_NA 0000000180009210     tbb_function_replacement.obj
 0003:00000290       ?g_tss_cv@@3U_RTL_CONDITION_VARIABLE@@A 0000000180009290     MSVCRT:thread_safe_statics.obj
 0003:00000298       ?g_tss_event@@3PEAXEA      0000000180009298     MSVCRT:thread_safe_statics.obj
 0003:000002a0       ?g_tss_mutex@@3U_RTL_CRITICAL_SECTION@@A 00000001800092a0     MSVCRT:thread_safe_statics.obj
 0003:000002c8       ?g_sleep_condition_variable_cs@@3P6AHPEAU_RTL_CONDITION_VARIABLE@@PEAU_RTL_CRITICAL_SECTION@@K@ZEA 00000001800092c8     MSVCRT:thread_safe_statics.obj
 0003:000002d0       ?g_wake_all_condition_variable@@3P6AXPEAU_RTL_CONDITION_VARIABLE@@@ZEA 00000001800092d0     MSVCRT:thread_safe_statics.obj
 0003:000002e0       GS_ExceptionRecord         00000001800092e0     MSVCRT:gs_report.obj
 0003:00000380       GS_ContextRecord           0000000180009380     MSVCRT:gs_report.obj
 0003:00000860       ?is_initialized_as_dll@@3_NA 0000000180009860     MSVCRT:utility.obj
 0003:00000861       ?module_local_atexit_table_initialized@@3_NA 0000000180009861     MSVCRT:utility.obj
 0003:00000868       ?module_local_atexit_table@@3U_onexit_table_t@@A 0000000180009868     MSVCRT:utility.obj
 0003:00000880       ?module_local_at_quick_exit_table@@3U_onexit_table_t@@A 0000000180009880     MSVCRT:utility.obj
 0003:00000898       ?__proc_attached@@3HA      0000000180009898     MSVCRT:dll_dllmain.obj
 0003:000009c0       ?memProvider@@3VMemoryProvider@@A 00000001800099c0     tbb_function_replacement.obj
 0003:000021d0       ?record_number@Log@@3IA    000000018000b1d0     tbb_function_replacement.obj
 0003:000021e0       ?records@Log@@3PAPEADA     000000018000b1e0     tbb_function_replacement.obj
 0003:000023e8       ?assertion_handler@internal@rml@@3P6AXPEBDH00@ZEA 000000018000b3e8     tbb_function_replacement.obj
 0003:000023f8       ?cachedHM@?1??ReplaceFunctionA@@YA?AW4FRR_TYPE@@PEBD0P6AXXZPEAPEBDPEAP6AXXZ@Z@4PEAUHINSTANCE__@@EA 000000018000b3f8     tbb_function_replacement.obj
 0003:00002400       ?maxOpcodesLength@?1??CheckOpcodes@@YAIPEAPEBDPEAX_NPEBUFunctionInfo@@@Z@4_KA 000000018000b400     tbb_function_replacement.obj
 0003:00002408       ?opcodesStringsCount@?1??CheckOpcodes@@YAIPEAPEBDPEAX_NPEBUFunctionInfo@@@Z@4_KA 000000018000b408     tbb_function_replacement.obj
 0003:00002410       ?opcodes_pointer@?1??CheckOpcodes@@YAIPEAPEBDPEAX_NPEBUFunctionInfo@@@Z@4_KA 000000018000b410     tbb_function_replacement.obj
 0003:00002418       ?already_failed@?6??assertion_failure@internal@rml@@YAXPEBDH00@Z@4_NA 000000018000b418     tbb_function_replacement.obj
 0003:00002420       ?cachedName@?1??ReplaceFunctionA@@YA?AW4FRR_TYPE@@PEBD0P6AXXZPEAPEBDPEAP6AXXZ@Z@4PADA 000000018000b420     tbb_function_replacement.obj
 0003:00002528       ?$TSS0@?1??CheckOpcodes@@YAIPEAPEBDPEAX_NPEBUFunctionInfo@@@Z@4HA 000000018000b528     tbb_function_replacement.obj
 0005:000000a0       $R000000                   000000018000d0a0     tbbmalloc.res
 0005:00000468       $R0003C8                   000000018000d468     tbbmalloc.res
