 tbbmalloc

 Timestamp is 631453e7 (Sun Sep  4 15:29:43 2022)

 Preferred load address is 0000000180000000

 Start         Length     Name                   Class
 0001:00000000 0000f9d0H .text$mn                CODE
 0001:0000f9d0 00000040H .text$mn$00             CODE
 0001:0000fa10 000000b2H .text$x                 CODE
 0002:00000000 00000218H .idata$5                DATA
 0002:00000218 00000028H .00cfg                  DATA
 0002:00000240 00000008H .CRT$XCA                DATA
 0002:00000248 00000008H .CRT$XCZ                DATA
 0002:00000250 00000008H .CRT$XIA                DATA
 0002:00000258 00000008H .CRT$XIZ                DATA
 0002:00000260 00000008H .CRT$XPA                DATA
 0002:00000268 00000008H .CRT$XPZ                DATA
 0002:00000270 00000008H .CRT$XTA                DATA
 0002:00000278 00000008H .CRT$XTZ                DATA
 0002:00000280 00000000H .gehcont$y              DATA
 0002:00000280 00000000H .gfids$y                DATA
 0002:00000280 00001800H .rdata                  DATA
 0002:00001a80 00000000H .rdata$CastGuardVftablesA DATA
 0002:00001a80 00000000H .rdata$CastGuardVftablesC DATA
 0002:00001a80 00000018H .rdata$voltmd           DATA
 0002:00001a98 000002e8H .rdata$zzzdbg           DATA
 0002:00001d80 00000008H .rtc$IAA                DATA
 0002:00001d88 00000008H .rtc$IZZ                DATA
 0002:00001d90 00000008H .rtc$TAA                DATA
 0002:00001d98 00000008H .rtc$TZZ                DATA
 0002:00001da0 00000e80H .xdata                  DATA
 0002:00002c20 000004fcH .edata                  DATA
 0002:0000311c 000000b4H .idata$2                DATA
 0002:000031d0 00000018H .idata$3                DATA
 0002:000031e8 00000218H .idata$4                DATA
 0002:00003400 00000520H .idata$6                DATA
 0003:00000000 000022b0H .data                   DATA
 0003:000022b0 00020950H .bss                    DATA
 0004:00000000 0000129cH .pdata                  DATA
 0005:00000000 000000a0H .rsrc$01                DATA
 0005:000000a0 00000548H .rsrc$02                DATA

  Address         Publics by Value              Rva+Base               Lib:Object

 0000:00000000       __arm64x_redirection_metadata 0000000000000000     <absolute>
 0000:00000000       __guard_iat_table          0000000000000000     <absolute>
 0000:00000000       ___safe_se_handler_table   0000000000000000     <absolute>
 0000:00000000       __guard_iat_count          0000000000000000     <absolute>
 0000:00000000       __guard_longjmp_count      0000000000000000     <absolute>
 0000:00000000       __guard_longjmp_table      0000000000000000     <absolute>
 0000:00000000       __dynamic_value_reloc_table 0000000000000000     <absolute>
 0000:00000000       __x64_code_ranges_to_entry_points 0000000000000000     <absolute>
 0000:00000000       __hybrid_auxiliary_iat     0000000000000000     <absolute>
 0000:00000000       __hybrid_auxiliary_iat_copy 0000000000000000     <absolute>
 0000:00000000       __x64_code_ranges_to_entry_points_count 0000000000000000     <absolute>
 0000:00000000       __guard_fids_count         0000000000000000     <absolute>
 0000:00000000       __arm64x_extra_rfe_table   0000000000000000     <absolute>
 0000:00000000       __hybrid_code_map          0000000000000000     <absolute>
 0000:00000000       __arm64x_extra_rfe_table_size 0000000000000000     <absolute>
 0000:00000000       __AbsoluteZero             0000000000000000     <absolute>
 0000:00000000       ___safe_se_handler_count   0000000000000000     <absolute>
 0000:00000000       __hybrid_code_map_count    0000000000000000     <absolute>
 0000:00000000       __guard_check_icall_a64n_fptr 0000000000000000     <absolute>
 0000:00000000       __guard_fids_table         0000000000000000     <absolute>
 0000:00000000       __guard_eh_cont_count      0000000000000000     <absolute>
 0000:00000000       __arm64x_redirection_metadata_count 0000000000000000     <absolute>
 0000:00000000       __enclave_config           0000000000000000     <absolute>
 0000:00000000       __guard_eh_cont_table      0000000000000000     <absolute>
 0000:00000000       __arm64x_native_entrypoint 0000000000000000     <absolute>
 0000:00000100       __guard_flags              0000000000000100     <absolute>
 0000:00000000       __ImageBase                0000000180000000     <linker-defined>
 0001:00000000       ??1scoped_lock@MallocMutex@@QEAA@XZ 0000000180001000 f i backend.obj
 0001:00000010       ?waitTillBlockReleased@BackendSync@internal@rml@@QEAA_N_J@Z 0000000180001010 f i backend.obj
 0001:00000100       ?getFromBin@IndexedBins@Backend@internal@rml@@AEAAPEAVFreeBlock@34@HPEAVBackendSync@34@_K_N22PEAH@Z 0000000180001100 f   backend.obj
 0001:000002f0       ?tryReleaseRegions@IndexedBins@Backend@internal@rml@@QEAA_NHPEAV234@@Z 00000001800012f0 f   backend.obj
 0001:00000450       ?addBlock@IndexedBins@Backend@internal@rml@@QEAAXHPEAVFreeBlock@34@_K_N@Z 0000000180001450 f   backend.obj
 0001:00000560       ?lockRemoveBlock@IndexedBins@Backend@internal@rml@@QEAAXHPEAVFreeBlock@34@@Z 0000000180001560 f   backend.obj
 0001:00000650       ?splitBlock@Backend@internal@rml@@AEAAPEAVFreeBlock@23@PEAV423@H_K_N2@Z 0000000180001650 f   backend.obj
 0001:000007e0       ?askMemFromOS@Backend@internal@rml@@AEAAPEAVFreeBlock@23@_K_JPEAHHPEA_N_N@Z 00000001800017e0 f   backend.obj
 0001:00000a30       ?releaseCachesToLimit@Backend@internal@rml@@AEAAXXZ 0000000180001a30 f   backend.obj
 0001:00000b50       ?findBlock@IndexedBins@Backend@internal@rml@@QEAAPEAVFreeBlock@34@HPEAVBackendSync@34@_K_N2PEAH@Z 0000000180001b50 f   backend.obj
 0001:00000ce0       ?genericGetBlock@Backend@internal@rml@@AEAAPEAVFreeBlock@23@H_K_N@Z 0000000180001ce0 f   backend.obj
 0001:00001050       ?returnLargeObject@Backend@internal@rml@@QEAAXPEAULargeMemoryBlock@23@@Z 0000000180002050 f   backend.obj
 0001:00001170       ?doCoalesc@Backend@internal@rml@@AEAAPEAVFreeBlock@23@PEAV423@PEAPEAUMemRegion@23@@Z 0000000180002170 f   backend.obj
 0001:00001430       ?coalescAndPutList@Backend@internal@rml@@AEAA_NPEAVFreeBlock@23@_N1@Z 0000000180002430 f   backend.obj
 0001:00001820       ?startUseBlock@Backend@internal@rml@@AEAAXPEAUMemRegion@23@PEAVFreeBlock@23@_N@Z 0000000180002820 f   backend.obj
 0001:00001a80       ?addNewRegion@Backend@internal@rml@@AEAAPEAVFreeBlock@23@_KW4MemRegionType@23@_N@Z 0000000180002a80 f   backend.obj
 0001:00001d50       ?clean@Backend@internal@rml@@QEAA_NXZ 0000000180002d50 f   backend.obj
 0001:00001fc0       ?setHugeSizeThreshold@LargeObjectCache@internal@rml@@QEAAX_K@Z 0000000180002fc0 f   large_objects.obj
 0001:00002050       ?doCleanup@LargeObjectCache@internal@rml@@QEAA_N_K_N@Z 0000000180003050 f   large_objects.obj
 0001:00002110       ?reset@LargeObjectCache@internal@rml@@QEAAXXZ 0000000180003110 f   large_objects.obj
 0001:00002210       ?updateCacheState@LargeObjectCache@internal@rml@@QEAAXW4DecreaseOrIncrease@23@_K@Z 0000000180003210 f   large_objects.obj
 0001:00002300       ?mallocLargeObject@ExtMemoryPool@internal@rml@@QEAAPEAULargeMemoryBlock@23@PEAVMemoryPool@23@_K@Z 0000000180003300 f   large_objects.obj
 0001:00002590       ?freeLargeObjectList@ExtMemoryPool@internal@rml@@QEAAXPEAULargeMemoryBlock@23@@Z 0000000180003590 f   large_objects.obj
 0001:00002750       ?softCachesCleanup@ExtMemoryPool@internal@rml@@QEAA_NXZ 0000000180003750 f   large_objects.obj
 0001:00002800       ?hardCachesCleanup@ExtMemoryPool@internal@rml@@QEAA_NXZ 0000000180003800 f   large_objects.obj
 0001:000029f0       ?putList@?$LargeObjectCacheImpl@U?$LargeObjectCacheProps@U?$LargeBinStructureProps@$0CAAA@$0IAAAAA@@internal@rml@@$01$01$0BA@@internal@rml@@@internal@rml@@QEAAXPEAUExtMemoryPool@23@PEAULargeMemoryBlock@23@@Z 00000001800039f0 f i large_objects.obj
 0001:00002aa0       ?regularCleanup@?$LargeObjectCacheImpl@U?$LargeObjectCacheProps@U?$LargeBinStructureProps@$0CAAA@$0IAAAAA@@internal@rml@@$01$01$0BA@@internal@rml@@@internal@rml@@QEAA_NPEAUExtMemoryPool@23@_K_N@Z 0000000180003aa0 f i large_objects.obj
 0001:00002e30       ?putList@?$LargeObjectCacheImpl@U?$LargeObjectCacheProps@U?$HugeBinStructureProps@$0IAAAAA@$0BAAAAAAAAAA@@internal@rml@@$00$00$03@internal@rml@@@internal@rml@@QEAAXPEAUExtMemoryPool@23@PEAULargeMemoryBlock@23@@Z 0000000180003e30 f i large_objects.obj
 0001:00002f00       ?regularCleanup@?$LargeObjectCacheImpl@U?$LargeObjectCacheProps@U?$HugeBinStructureProps@$0IAAAAA@$0BAAAAAAAAAA@@internal@rml@@$00$00$03@internal@rml@@@internal@rml@@QEAA_NPEAUExtMemoryPool@23@_K_N@Z 0000000180003f00 f i large_objects.obj
 0001:00003270       ?ExecuteOperation@CacheBin@?$LargeObjectCacheImpl@U?$LargeObjectCacheProps@U?$HugeBinStructureProps@$0IAAAAA@$0BAAAAAAAAAA@@internal@rml@@$00$00$03@internal@rml@@@internal@rml@@AEAAXPEAUCacheBinOperation@34@PEAUExtMemoryPool@34@PEAV?$BitMaskMax@$0II@@34@H_N@Z 0000000180004270 f i large_objects.obj
 0001:00003430       ?ExecuteOperation@CacheBin@?$LargeObjectCacheImpl@U?$LargeObjectCacheProps@U?$LargeBinStructureProps@$0CAAA@$0IAAAAA@@internal@rml@@$01$01$0BA@@internal@rml@@@internal@rml@@AEAAXPEAUCacheBinOperation@34@PEAUExtMemoryPool@34@PEAV?$BitMaskMax@$0DPP@@34@H_N@Z 0000000180004430 f i large_objects.obj
 0001:00003580       ??R?$CacheBinFunctor@U?$LargeObjectCacheProps@U?$HugeBinStructureProps@$0IAAAAA@$0BAAAAAAAAAA@@internal@rml@@$00$00$03@internal@rml@@@internal@rml@@QEAAXPEAUCacheBinOperation@12@@Z 0000000180004580 f i large_objects.obj
 0001:00003af0       ??R?$CacheBinFunctor@U?$LargeObjectCacheProps@U?$LargeBinStructureProps@$0CAAA@$0IAAAAA@@internal@rml@@$01$01$0BA@@internal@rml@@@internal@rml@@QEAAXPEAUCacheBinOperation@12@@Z 0000000180004af0 f i large_objects.obj
 0001:00004060       ??ROperationPreprocessor@?$CacheBinFunctor@U?$LargeObjectCacheProps@U?$HugeBinStructureProps@$0IAAAAA@$0BAAAAAAAAAA@@internal@rml@@$00$00$03@internal@rml@@@internal@rml@@QEAAXPEAUCacheBinOperation@23@@Z 0000000180005060 f i large_objects.obj
 0001:00004060       ??ROperationPreprocessor@?$CacheBinFunctor@U?$LargeObjectCacheProps@U?$LargeBinStructureProps@$0CAAA@$0IAAAAA@@internal@rml@@$01$01$0BA@@internal@rml@@@internal@rml@@QEAAXPEAUCacheBinOperation@23@@Z 0000000180005060 f i large_objects.obj
 0001:00004270       ?requestNewSpace@BackRefMaster@internal@rml@@QEAA_NXZ 0000000180005270 f   backref.obj
 0001:000044c0       ?newBackRef@BackRefIdx@internal@rml@@SA?AV123@_N@Z 00000001800054c0 f   backref.obj
 0001:000046d0       ?removeBackRef@internal@rml@@YAXVBackRefIdx@12@@Z 00000001800056d0 f   backref.obj
 0001:000047e0       __local_stdio_printf_options 00000001800057e0 f i tbbmalloc.obj
 0001:000047f0       fprintf                    00000001800057f0 f i tbbmalloc.obj
 0001:00004840       DllMain                    0000000180005840 f   tbbmalloc.obj
 0001:00009b70       _guard_check_icall_nop     000000018000ab70 f   MSVCRT:guard_support.obj
 0001:00009ed0       __itt_fini_ittlib          000000018000aed0 f   itt_notify.obj
 0001:0000a000       __itt_init_ittlib          000000018000b000 f   itt_notify.obj
 0001:0000a420       ?externalCleanup@TLSData@internal@rml@@QEAA_N_N0@Z 000000018000b420 f i frontend.obj
 0001:0000a550       ?createTLS@TLSKey@internal@rml@@QEAAPEAVTLSData@23@PEAVMemoryPool@23@PEAVBackend@23@@Z 000000018000b550 f   frontend.obj
 0001:0000a710       ?cleanupBlockBins@TLSData@internal@rml@@QEAA_NXZ 000000018000b710 f   frontend.obj
 0001:0000a860       ?cleanup@AllLocalCaches@internal@rml@@QEAA_N_N@Z 000000018000b860 f   frontend.obj
 0001:0000a920       ?getTLS@MemoryPool@internal@rml@@QEAAPEAVTLSData@23@_N@Z 000000018000b920 f i frontend.obj
 0001:0000a970       ?getAllocationBin@TLSData@internal@rml@@QEAAPEAVBin@23@_K@Z 000000018000b970 f i frontend.obj
 0001:0000aa50       ?getEmptyBlock@MemoryPool@internal@rml@@QEAAPEAVBlock@23@_K@Z 000000018000ba50 f   frontend.obj
 0001:0000ad00       ?returnEmptyBlock@MemoryPool@internal@rml@@QEAAXPEAVBlock@23@_N@Z 000000018000bd00 f   frontend.obj
 0001:0000ade0       ?init@ExtMemoryPool@internal@rml@@QEAA_N_JP6APEAX0AEA_K@ZP6AH0PEAX_K@Z4_N6@Z 000000018000bde0 f   frontend.obj
 0001:0000af80       ?reset@MemoryPool@internal@rml@@QEAA_NXZ 000000018000bf80 f   frontend.obj
 0001:0000b1c0       ?destroy@MemoryPool@internal@rml@@QEAA_NXZ 000000018000c1c0 f   frontend.obj
 0001:0000b440       ?onThreadShutdown@MemoryPool@internal@rml@@QEAAXPEAVTLSData@23@@Z 000000018000c440 f   frontend.obj
 0001:0000b4f0       ?cleanPublicFreeLists@Bin@internal@rml@@QEAA_NXZ 000000018000c4f0 f   frontend.obj
 0001:0000b6b0       ?adjustPositionInBin@Block@internal@rml@@QEAAXPEAVBin@23@@Z 000000018000c6b0 f   frontend.obj
 0001:0000b780       ?freeOwnObject@Block@internal@rml@@QEAAXPEAX@Z 000000018000c780 f i frontend.obj
 0001:0000b920       ?initEmptyBlock@Block@internal@rml@@QEAAXPEAVTLSData@23@_K@Z 000000018000c920 f   frontend.obj
 0001:0000ba90       ?get@OrphanedBlocks@internal@rml@@QEAAPEAVBlock@23@PEAVTLSData@23@I@Z 000000018000ca90 f   frontend.obj
 0001:0000bce0       ?put@OrphanedBlocks@internal@rml@@QEAAX_JPEAVBlock@23@@Z 000000018000cce0 f   frontend.obj
 0001:0000be60       ?reset@OrphanedBlocks@internal@rml@@QEAAXXZ 000000018000ce60 f   frontend.obj
 0001:0000bfd0       ?cleanup@OrphanedBlocks@internal@rml@@QEAA_NPEAVBackend@23@@Z 000000018000cfd0 f   frontend.obj
 0001:0000c240       ?returnBlock@FreeBlockPool@internal@rml@@QEAAXPEAVBlock@23@@Z 000000018000d240 f   frontend.obj
 0001:0000c360       ?release@TLSData@internal@rml@@QEAAXXZ 000000018000d360 f   frontend.obj
 0001:0000cb60       ?getFromLLOCache@MemoryPool@internal@rml@@QEAAPEAXPEAVTLSData@23@_K1@Z 000000018000db60 f   frontend.obj
 0001:0000cd40       ?putToLLOCache@MemoryPool@internal@rml@@QEAAXPEAVTLSData@23@PEAX@Z 000000018000dd40 f   frontend.obj
 0001:0000d820       ?pool_create@rml@@YAPEAVMemoryPool@1@_JPEBUMemPoolPolicy@1@@Z 000000018000e820 f   frontend.obj
 0001:0000d860       ?pool_create_v1@rml@@YA?AW4MemPoolError@1@_JPEBUMemPoolPolicy@1@PEAPEAVMemoryPool@1@@Z 000000018000e860 f   frontend.obj
 0001:0000da70       ?pool_destroy@rml@@YA_NPEAVMemoryPool@1@@Z 000000018000ea70 f   frontend.obj
 0001:0000db00       ?pool_reset@rml@@YA_NPEAVMemoryPool@1@@Z 000000018000eb00 f   frontend.obj
 0001:0000db10       ?pool_malloc@rml@@YAPEAXPEAVMemoryPool@1@_K@Z 000000018000eb10 f   frontend.obj
 0001:0000db20       ?pool_realloc@rml@@YAPEAXPEAVMemoryPool@1@PEAX_K@Z 000000018000eb20 f   frontend.obj
 0001:0000dbb0       ?pool_aligned_malloc@rml@@YAPEAXPEAVMemoryPool@1@_K1@Z 000000018000ebb0 f   frontend.obj
 0001:0000dbd0       ?pool_aligned_realloc@rml@@YAPEAXPEAVMemoryPool@1@PEAX_K2@Z 000000018000ebd0 f   frontend.obj
 0001:0000dc70       ?pool_free@rml@@YA_NPEAVMemoryPool@1@PEAX@Z 000000018000ec70 f   frontend.obj
 0001:0000dce0       ?pool_identify@rml@@YAPEAVMemoryPool@1@PEAX@Z 000000018000ece0 f   frontend.obj
 0001:0000ddc0       ?pool_msize@rml@@YA_KPEAVMemoryPool@1@PEAX@Z 000000018000edc0 f   frontend.obj
 0001:0000ded0       ?doThreadShutdownNotification@@YAXPEAVTLSData@internal@rml@@_N@Z 000000018000eed0 f   frontend.obj
 0001:0000dfb0       scalable_malloc            000000018000efb0 f   frontend.obj
 0001:0000dfe0       scalable_free              000000018000efe0 f   frontend.obj
 0001:0000dfe0       scalable_aligned_free      000000018000efe0 f   frontend.obj
 0001:0000e040       __TBB_malloc_safer_free    000000018000f040 f   frontend.obj
 0001:0000e0d0       scalable_realloc           000000018000f0d0 f   frontend.obj
 0001:0000e1b0       __TBB_malloc_safer_realloc 000000018000f1b0 f   frontend.obj
 0001:0000e340       scalable_calloc            000000018000f340 f   frontend.obj
 0001:0000e410       scalable_posix_memalign    000000018000f410 f   frontend.obj
 0001:0000e470       scalable_aligned_malloc    000000018000f470 f   frontend.obj
 0001:0000e4e0       scalable_aligned_realloc   000000018000f4e0 f   frontend.obj
 0001:0000e5c0       __TBB_malloc_safer_aligned_realloc 000000018000f5c0 f   frontend.obj
 0001:0000e760       scalable_msize             000000018000f760 f   frontend.obj
 0001:0000e790       __TBB_malloc_safer_msize   000000018000f790 f   frontend.obj
 0001:0000e810       __TBB_malloc_safer_aligned_msize 000000018000f810 f   frontend.obj
 0001:0000e8a0       scalable_allocation_mode   000000018000f8a0 f   frontend.obj
 0001:0000e900       scalable_allocation_command 000000018000f900 f   frontend.obj
 0001:0000e980       ??$isLargeObject@$0A@@internal@rml@@YA_NPEAX@Z 000000018000f980 f i frontend.obj
 0001:0000ea10       ??$isLargeObject@$00@internal@rml@@YA_NPEAX@Z 000000018000fa10 f i frontend.obj
 0001:0000ead0       __TBB_machine_fetchadd1    000000018000fad0     atomic_support.obj
 0001:0000ead8       __TBB_machine_fetchstore1  000000018000fad8     atomic_support.obj
 0001:0000eae0       __TBB_machine_cmpswp1      000000018000fae0     atomic_support.obj
 0001:0000eae8       __TBB_machine_fetchadd2    000000018000fae8     atomic_support.obj
 0001:0000eaf8       __TBB_machine_fetchstore2  000000018000faf8     atomic_support.obj
 0001:0000eb00       __TBB_machine_cmpswp2      000000018000fb00     atomic_support.obj
 0001:0000eb10       __TBB_machine_pause        000000018000fb10     atomic_support.obj
 0001:0000eb30       __security_check_cookie    000000018000fb30 f   MSVCRT:amdsecgs.obj
 0001:0000eb50       __raise_securityfailure    000000018000fb50 f   MSVCRT:gs_report.obj
 0001:0000eb84       __report_gsfailure         000000018000fb84 f   MSVCRT:gs_report.obj
 0001:0000ec58       __report_rangecheckfailure 000000018000fc58 f   MSVCRT:gs_report.obj
 0001:0000ec6c       __report_securityfailure   000000018000fc6c f   MSVCRT:gs_report.obj
 0001:0000f10c       _DllMainCRTStartup         000000018001010c f   MSVCRT:dll_dllmain.obj
 0001:0000f14c       __security_init_cookie     000000018001014c f   MSVCRT:gs_support.obj
 0001:0000f1f8       ?__scrt_initialize_type_info@@YAXXZ 00000001800101f8 f   MSVCRT:tncleanup.obj
 0001:0000f208       ?__scrt_uninitialize_type_info@@YAXXZ 0000000180010208 f   MSVCRT:tncleanup.obj
 0001:0000f214       __local_stdio_scanf_options 0000000180010214 f i MSVCRT:default_local_stdio_options.obj
 0001:0000f21c       __scrt_initialize_default_local_stdio_options 000000018001021c f   MSVCRT:default_local_stdio_options.obj
 0001:0000f238       __scrt_acquire_startup_lock 0000000180010238 f   MSVCRT:utility.obj
 0001:0000f274       __scrt_dllmain_after_initialize_c 0000000180010274 f   MSVCRT:utility.obj
 0001:0000f2a8       __scrt_dllmain_before_initialize_c 00000001800102a8 f   MSVCRT:utility.obj
 0001:0000f2c0       __scrt_dllmain_crt_thread_attach 00000001800102c0 f   MSVCRT:utility.obj
 0001:0000f2e8       __scrt_dllmain_crt_thread_detach 00000001800102e8 f   MSVCRT:utility.obj
 0001:0000f300       __scrt_dllmain_exception_filter 0000000180010300 f   MSVCRT:utility.obj
 0001:0000f360       __scrt_dllmain_uninitialize_c 0000000180010360 f   MSVCRT:utility.obj
 0001:0000f390       __scrt_dllmain_uninitialize_critical 0000000180010390 f   MSVCRT:utility.obj
 0001:0000f3a4       __scrt_initialize_crt      00000001800103a4 f   MSVCRT:utility.obj
 0001:0000f3f0       __scrt_initialize_onexit_tables 00000001800103f0 f   MSVCRT:utility.obj
 0001:0000f47c       __scrt_is_nonwritable_in_current_image 000000018001047c f   MSVCRT:utility.obj
 0001:0000f514       __scrt_release_startup_lock 0000000180010514 f   MSVCRT:utility.obj
 0001:0000f538       __scrt_uninitialize_crt    0000000180010538 f   MSVCRT:utility.obj
 0001:0000f564       __scrt_get_dyn_tls_init_callback 0000000180010564 f   MSVCRT:dyn_tls_init.obj
 0001:0000f56c       __crt_debugger_hook        000000018001056c f   MSVCRT:utility_desktop.obj
 0001:0000f574       __scrt_fastfail            0000000180010574 f   MSVCRT:utility_desktop.obj
 0001:0000f6c0       _RTC_Initialize            00000001800106c0 f   MSVCRT:initsect.obj
 0001:0000f6fc       _RTC_Terminate             00000001800106fc f   MSVCRT:initsect.obj
 0001:0000f738       __isa_available_init       0000000180010738 f   MSVCRT:cpu_disp.obj
 0001:0000f8dc       _get_startup_argv_mode     00000001800108dc f   MSVCRT:argv_mode.obj
 0001:0000f8e4       __scrt_is_ucrt_dll_in_use  00000001800108e4 f   MSVCRT:ucrt_detection.obj
 0001:0000f8f0       __CxxFrameHandler4         00000001800108f0 f   vcruntime:VCRUNTIME140_1.dll
 0001:0000f8f6       __C_specific_handler       00000001800108f6 f   vcruntime:VCRUNTIME140.dll
 0001:0000f8fc       __std_type_info_destroy_list 00000001800108fc f   vcruntime:VCRUNTIME140.dll
 0001:0000f902       memset                     0000000180010902 f   vcruntime:VCRUNTIME140.dll
 0001:0000f908       _initterm                  0000000180010908 f   ucrt:api-ms-win-crt-runtime-l1-1-0.dll
 0001:0000f90e       _initterm_e                000000018001090e f   ucrt:api-ms-win-crt-runtime-l1-1-0.dll
 0001:0000f914       _seh_filter_dll            0000000180010914 f   ucrt:api-ms-win-crt-runtime-l1-1-0.dll
 0001:0000f91a       _configure_narrow_argv     000000018001091a f   ucrt:api-ms-win-crt-runtime-l1-1-0.dll
 0001:0000f920       _initialize_narrow_environment 0000000180010920 f   ucrt:api-ms-win-crt-runtime-l1-1-0.dll
 0001:0000f926       _initialize_onexit_table   0000000180010926 f   ucrt:api-ms-win-crt-runtime-l1-1-0.dll
 0001:0000f92c       _execute_onexit_table      000000018001092c f   ucrt:api-ms-win-crt-runtime-l1-1-0.dll
 0001:0000f932       _cexit                     0000000180010932 f   ucrt:api-ms-win-crt-runtime-l1-1-0.dll
 0001:0000f938       __acrt_thread_detach       0000000180010938 f   MSVCRT:ucrt_stubs.obj
 0001:0000f938       __scrt_stub_for_acrt_thread_detach 0000000180010938 f   MSVCRT:ucrt_stubs.obj
 0001:0000f938       __scrt_stub_for_acrt_thread_attach 0000000180010938 f   MSVCRT:ucrt_stubs.obj
 0001:0000f938       __scrt_stub_for_acrt_uninitialize_critical 0000000180010938 f   MSVCRT:ucrt_stubs.obj
 0001:0000f938       __vcrt_uninitialize_critical 0000000180010938 f   MSVCRT:ucrt_stubs.obj
 0001:0000f938       __acrt_initialize          0000000180010938 f   MSVCRT:ucrt_stubs.obj
 0001:0000f938       __vcrt_uninitialize        0000000180010938 f   MSVCRT:ucrt_stubs.obj
 0001:0000f938       __vcrt_thread_attach       0000000180010938 f   MSVCRT:ucrt_stubs.obj
 0001:0000f938       __acrt_uninitialize        0000000180010938 f   MSVCRT:ucrt_stubs.obj
 0001:0000f938       __scrt_stub_for_acrt_uninitialize 0000000180010938 f   MSVCRT:ucrt_stubs.obj
 0001:0000f938       __vcrt_thread_detach       0000000180010938 f   MSVCRT:ucrt_stubs.obj
 0001:0000f938       __vcrt_initialize          0000000180010938 f   MSVCRT:ucrt_stubs.obj
 0001:0000f938       __acrt_uninitialize_critical 0000000180010938 f   MSVCRT:ucrt_stubs.obj
 0001:0000f938       __scrt_stub_for_acrt_initialize 0000000180010938 f   MSVCRT:ucrt_stubs.obj
 0001:0000f938       __acrt_thread_attach       0000000180010938 f   MSVCRT:ucrt_stubs.obj
 0001:0000f93c       _is_c_termination_complete 000000018001093c f   MSVCRT:ucrt_stubs.obj
 0001:0000f93c       __scrt_stub_for_is_c_termination_complete 000000018001093c f   MSVCRT:ucrt_stubs.obj
 0001:0000f940       __GSHandlerCheck           0000000180010940 f   MSVCRT:gshandler.obj
 0001:0000f960       __GSHandlerCheckCommon     0000000180010960 f   MSVCRT:gshandler.obj
 0001:0000f9bb       memcpy                     00000001800109bb f   vcruntime:VCRUNTIME140.dll
 0001:0000f9e0       _guard_dispatch_icall_nop  00000001800109e0 f   MSVCRT:guard_dispatch.obj
 0001:0000fa00       _guard_xfg_dispatch_icall_nop 0000000180010a00 f   MSVCRT:guard_xfg_dispatch.obj
 0002:00000000       __imp_VirtualFree          0000000180011000     kernel32:KERNEL32.dll
 0002:00000008       __imp_VirtualAlloc         0000000180011008     kernel32:KERNEL32.dll
 0002:00000010       __imp_SwitchToThread       0000000180011010     kernel32:KERNEL32.dll
 0002:00000018       __imp_SetErrorMode         0000000180011018     kernel32:KERNEL32.dll
 0002:00000020       __imp_GetModuleHandleExA   0000000180011020     kernel32:KERNEL32.dll
 0002:00000028       __imp_EnterCriticalSection 0000000180011028     kernel32:KERNEL32.dll
 0002:00000030       __imp_LeaveCriticalSection 0000000180011030     kernel32:KERNEL32.dll
 0002:00000038       __imp_InitializeCriticalSection 0000000180011038     kernel32:KERNEL32.dll
 0002:00000040       __imp_GetEnvironmentVariableA 0000000180011040     kernel32:KERNEL32.dll
 0002:00000048       __imp_GetCurrentThreadId   0000000180011048     kernel32:KERNEL32.dll
 0002:00000050       __imp_lstrcmpA             0000000180011050     kernel32:KERNEL32.dll
 0002:00000058       __imp_GetLastError         0000000180011058     kernel32:KERNEL32.dll
 0002:00000060       __imp_LoadLibraryA         0000000180011060     kernel32:KERNEL32.dll
 0002:00000068       __imp_GetProcAddress       0000000180011068     kernel32:KERNEL32.dll
 0002:00000070       __imp_TlsSetValue          0000000180011070     kernel32:KERNEL32.dll
 0002:00000078       __imp_TlsAlloc             0000000180011078     kernel32:KERNEL32.dll
 0002:00000080       __imp_TlsGetValue          0000000180011080     kernel32:KERNEL32.dll
 0002:00000088       __imp_TlsFree              0000000180011088     kernel32:KERNEL32.dll
 0002:00000090       __imp_RtlLookupFunctionEntry 0000000180011090     kernel32:KERNEL32.dll
 0002:00000098       __imp_RtlCaptureContext    0000000180011098     kernel32:KERNEL32.dll
 0002:000000a0       __imp_RtlVirtualUnwind     00000001800110a0     kernel32:KERNEL32.dll
 0002:000000a8       __imp_UnhandledExceptionFilter 00000001800110a8     kernel32:KERNEL32.dll
 0002:000000b0       __imp_SetUnhandledExceptionFilter 00000001800110b0     kernel32:KERNEL32.dll
 0002:000000b8       __imp_GetCurrentProcess    00000001800110b8     kernel32:KERNEL32.dll
 0002:000000c0       __imp_TerminateProcess     00000001800110c0     kernel32:KERNEL32.dll
 0002:000000c8       __imp_IsDebuggerPresent    00000001800110c8     kernel32:KERNEL32.dll
 0002:000000d0       __imp_InitializeSListHead  00000001800110d0     kernel32:KERNEL32.dll
 0002:000000d8       __imp_GetSystemTimeAsFileTime 00000001800110d8     kernel32:KERNEL32.dll
 0002:000000e0       __imp_GetCurrentProcessId  00000001800110e0     kernel32:KERNEL32.dll
 0002:000000e8       __imp_QueryPerformanceCounter 00000001800110e8     kernel32:KERNEL32.dll
 0002:000000f0       __imp_IsProcessorFeaturePresent 00000001800110f0     kernel32:KERNEL32.dll
 0002:000000f8       \177KERNEL32_NULL_THUNK_DATA 00000001800110f8     kernel32:KERNEL32.dll
 0002:00000100       __imp___std_type_info_destroy_list 0000000180011100     vcruntime:VCRUNTIME140.dll
 0002:00000108       __imp___C_specific_handler 0000000180011108     vcruntime:VCRUNTIME140.dll
 0002:00000110       __imp_memcpy               0000000180011110     vcruntime:VCRUNTIME140.dll
 0002:00000118       __imp_memset               0000000180011118     vcruntime:VCRUNTIME140.dll
 0002:00000120       \177VCRUNTIME140_NULL_THUNK_DATA 0000000180011120     vcruntime:VCRUNTIME140.dll
 0002:00000128       __imp___CxxFrameHandler4   0000000180011128     vcruntime:VCRUNTIME140_1.dll
 0002:00000130       \177VCRUNTIME140_1_NULL_THUNK_DATA 0000000180011130     vcruntime:VCRUNTIME140_1.dll
 0002:00000138       __imp_strtol               0000000180011138     ucrt:api-ms-win-crt-convert-l1-1-0.dll
 0002:00000140       \177api-ms-win-crt-convert-l1-1-0_NULL_THUNK_DATA 0000000180011140     ucrt:api-ms-win-crt-convert-l1-1-0.dll
 0002:00000148       __imp_getenv               0000000180011148     ucrt:api-ms-win-crt-environment-l1-1-0.dll
 0002:00000150       \177api-ms-win-crt-environment-l1-1-0_NULL_THUNK_DATA 0000000180011150     ucrt:api-ms-win-crt-environment-l1-1-0.dll
 0002:00000158       __imp_malloc               0000000180011158     ucrt:api-ms-win-crt-heap-l1-1-0.dll
 0002:00000160       \177api-ms-win-crt-heap-l1-1-0_NULL_THUNK_DATA 0000000180011160     ucrt:api-ms-win-crt-heap-l1-1-0.dll
 0002:00000168       __imp__cexit               0000000180011168     ucrt:api-ms-win-crt-runtime-l1-1-0.dll
 0002:00000170       __imp__initialize_onexit_table 0000000180011170     ucrt:api-ms-win-crt-runtime-l1-1-0.dll
 0002:00000178       __imp__execute_onexit_table 0000000180011178     ucrt:api-ms-win-crt-runtime-l1-1-0.dll
 0002:00000180       __imp__initialize_narrow_environment 0000000180011180     ucrt:api-ms-win-crt-runtime-l1-1-0.dll
 0002:00000188       __imp__initterm_e          0000000180011188     ucrt:api-ms-win-crt-runtime-l1-1-0.dll
 0002:00000190       __imp__errno               0000000180011190     ucrt:api-ms-win-crt-runtime-l1-1-0.dll
 0002:00000198       __imp__seh_filter_dll      0000000180011198     ucrt:api-ms-win-crt-runtime-l1-1-0.dll
 0002:000001a0       __imp__initterm            00000001800111a0     ucrt:api-ms-win-crt-runtime-l1-1-0.dll
 0002:000001a8       __imp__configure_narrow_argv 00000001800111a8     ucrt:api-ms-win-crt-runtime-l1-1-0.dll
 0002:000001b0       __imp_abort                00000001800111b0     ucrt:api-ms-win-crt-runtime-l1-1-0.dll
 0002:000001b8       \177api-ms-win-crt-runtime-l1-1-0_NULL_THUNK_DATA 00000001800111b8     ucrt:api-ms-win-crt-runtime-l1-1-0.dll
 0002:000001c0       __imp___stdio_common_vfprintf 00000001800111c0     ucrt:api-ms-win-crt-stdio-l1-1-0.dll
 0002:000001c8       __imp___acrt_iob_func      00000001800111c8     ucrt:api-ms-win-crt-stdio-l1-1-0.dll
 0002:000001d0       __imp_fputs                00000001800111d0     ucrt:api-ms-win-crt-stdio-l1-1-0.dll
 0002:000001d8       __imp_fflush               00000001800111d8     ucrt:api-ms-win-crt-stdio-l1-1-0.dll
 0002:000001e0       \177api-ms-win-crt-stdio-l1-1-0_NULL_THUNK_DATA 00000001800111e0     ucrt:api-ms-win-crt-stdio-l1-1-0.dll
 0002:000001e8       __imp_strspn               00000001800111e8     ucrt:api-ms-win-crt-string-l1-1-0.dll
 0002:000001f0       __imp_strncpy_s            00000001800111f0     ucrt:api-ms-win-crt-string-l1-1-0.dll
 0002:000001f8       __imp__strdup              00000001800111f8     ucrt:api-ms-win-crt-string-l1-1-0.dll
 0002:00000200       __imp_isspace              0000000180011200     ucrt:api-ms-win-crt-string-l1-1-0.dll
 0002:00000208       __imp__wcsdup              0000000180011208     ucrt:api-ms-win-crt-string-l1-1-0.dll
 0002:00000210       \177api-ms-win-crt-string-l1-1-0_NULL_THUNK_DATA 0000000180011210     ucrt:api-ms-win-crt-string-l1-1-0.dll
 0002:00000218       __guard_check_icall_fptr   0000000180011218     MSVCRT:guard_support.obj
 0002:00000220       __guard_xfg_check_icall_fptr 0000000180011220     MSVCRT:guard_support.obj
 0002:00000228       __guard_dispatch_icall_fptr 0000000180011228     MSVCRT:guard_support.obj
 0002:00000230       __guard_xfg_dispatch_icall_fptr 0000000180011230     MSVCRT:guard_support.obj
 0002:00000238       __guard_xfg_table_dispatch_icall_fptr 0000000180011238     MSVCRT:guard_support.obj
 0002:00000240       __xc_a                     0000000180011240     MSVCRT:initializers.obj
 0002:00000248       __xc_z                     0000000180011248     MSVCRT:initializers.obj
 0002:00000250       __xi_a                     0000000180011250     MSVCRT:initializers.obj
 0002:00000258       __xi_z                     0000000180011258     MSVCRT:initializers.obj
 0002:00000260       __xp_a                     0000000180011260     MSVCRT:initializers.obj
 0002:00000268       __xp_z                     0000000180011268     MSVCRT:initializers.obj
 0002:00000270       __xt_a                     0000000180011270     MSVCRT:initializers.obj
 0002:00000278       __xt_z                     0000000180011278     MSVCRT:initializers.obj
 0002:00000290       _pRawDllMain               0000000180011290     MSVCRT:dll_dllmain.obj
 0002:00000290       _pDefaultRawDllMain        0000000180011290     MSVCRT:dll_dllmain.obj
 0002:000002a0       __xmm@ffffffffffffffffffffffffffffffff 00000001800112a0     MSVCRT:utility.obj
 0002:000002b0       ??_C@_0CD@LHKONAKE@TBB_MALLOC_SET_HUGE_SIZE_THRESH@ 00000001800112b0     large_objects.obj
 0002:000002d8       ??_C@_0CL@PHAMFLPE@Assertion?5?$CFs?5failed?5on?5line?5?$CFd?5@ 00000001800112d8     tbbmalloc.obj
 0002:00000308       ??_C@_0BK@GNEKDGNN@Detailed?5description?3?5?$CFs?6@ 0000000180011308     tbbmalloc.obj
 0002:00000328       ??_C@_0BB@GHDLJDEE@libittnotify?4dll@ 0000000180011328     itt_notify.obj
 0002:0000033c       ??_C@_03NFKEKGGK@all@      000000018001133c     itt_notify.obj
 0002:00000340       ??_C@_07MMBOFDEG@control@  0000000180011340     itt_notify.obj
 0002:00000348       ??_C@_06FJHNOCKE@thread@   0000000180011348     itt_notify.obj
 0002:00000350       ??_C@_04KJJCFCK@mark@      0000000180011350     itt_notify.obj
 0002:00000358       ??_C@_04JNABKDKF@sync@     0000000180011358     itt_notify.obj
 0002:00000360       ??_C@_05DEEMBJFM@fsync@    0000000180011360     itt_notify.obj
 0002:00000368       ??_C@_03IGHFHLNJ@jit@      0000000180011368     itt_notify.obj
 0002:0000036c       ??_C@_05NCCFOPHA@model@    000000018001136c     itt_notify.obj
 0002:00000378       ??_C@_07HDOCMLOI@counter@  0000000180011378     itt_notify.obj
 0002:00000380       ??_C@_05MIJNFGED@frame@    0000000180011380     itt_notify.obj
 0002:00000388       ??_C@_06LIGKBDMB@stitch@   0000000180011388     itt_notify.obj
 0002:00000390       ??_C@_04PKENOLLO@heap@     0000000180011390     itt_notify.obj
 0002:00000398       ??_C@_09GNENBKCD@structure@ 0000000180011398     itt_notify.obj
 0002:000003a8       ??_C@_08OGNBOPN@suppress@  00000001800113a8     itt_notify.obj
 0002:000003b4       ??_C@_06FGACJBDJ@arrays@   00000001800113b4     itt_notify.obj
 0002:000003c0       ??_C@_0BB@MEEBFJKA@KMP_FOR_TPROFILE@ 00000001800113c0     itt_notify.obj
 0002:000003d8       ??_C@_0P@PHKFPIJA@KMP_FOR_TCHECK@ 00000001800113d8     itt_notify.obj
 0002:000003e8       ??_C@_0BF@PJOOOGND@__itt_domain_createA@ 00000001800113e8     itt_notify.obj
 0002:00000400       ??_C@_0BF@OFHGFDAE@__itt_domain_createW@ 0000000180011400     itt_notify.obj
 0002:00000418       ??_C@_0BM@KLFLEJAJ@__itt_string_handle_createA@ 0000000180011418     itt_notify.obj
 0002:00000438       ??_C@_0BM@LHMDPMNO@__itt_string_handle_createW@ 0000000180011438     itt_notify.obj
 0002:00000458       ??_C@_0BG@EMALNLPB@__itt_counter_createA@ 0000000180011458     itt_notify.obj
 0002:00000470       ??_C@_0BG@FAJDGOCG@__itt_counter_createW@ 0000000180011470     itt_notify.obj
 0002:00000488       ??_C@_0BM@IAMHAGDP@__itt_counter_create_typedA@ 0000000180011488     itt_notify.obj
 0002:000004a8       ??_C@_0BM@JMFPLDOI@__itt_counter_create_typedW@ 00000001800114a8     itt_notify.obj
 0002:000004c8       ??_C@_0M@OBBFCECB@__itt_pause@ 00000001800114c8     itt_notify.obj
 0002:000004d8       ??_C@_0N@PMDEDCGD@__itt_resume@ 00000001800114d8     itt_notify.obj
 0002:000004e8       ??_C@_0BH@NLDAAGM@__itt_thread_set_nameA@ 00000001800114e8     itt_notify.obj
 0002:00000500       ??_C@_0BH@BBCLLFLL@__itt_thread_set_nameW@ 0000000180011500     itt_notify.obj
 0002:00000518       ??_C@_0BE@GBGGMKDN@__itt_thread_ignore@ 0000000180011518     itt_notify.obj
 0002:00000530       ??_C@_0BE@PKPGFCJA@__itt_thr_name_setA@ 0000000180011530     itt_notify.obj
 0002:00000548       ??_C@_0BE@OGGOOHEH@__itt_thr_name_setW@ 0000000180011548     itt_notify.obj
 0002:00000560       ??_C@_0BB@NAOEIHEA@__itt_thr_ignore@ 0000000180011560     itt_notify.obj
 0002:00000578       ??_C@_0BE@FOGOAMMO@__itt_enable_attach@ 0000000180011578     itt_notify.obj
 0002:00000590       ??_C@_0N@CKFBNEAI@__itt_detach@ 0000000180011590     itt_notify.obj
 0002:000005a0       ??_C@_0BD@PFHNCEK@__itt_sync_createA@ 00000001800115a0     itt_notify.obj
 0002:000005b8       ??_C@_0BD@BDMPGHJN@__itt_sync_createW@ 00000001800115b8     itt_notify.obj
 0002:000005d0       ??_C@_0BD@FKOJKJGJ@__itt_sync_renameA@ 00000001800115d0     itt_notify.obj
 0002:000005e8       ??_C@_0BD@EGHBBMLO@__itt_sync_renameW@ 00000001800115e8     itt_notify.obj
 0002:00000600       ??_C@_0BD@OFAHOGJG@__itt_sync_destroy@ 0000000180011600     itt_notify.obj
 0002:00000618       ??_C@_0BD@CPKFKJEO@__itt_sync_prepare@ 0000000180011618     itt_notify.obj
 0002:00000630       ??_C@_0BC@MCENPEOO@__itt_sync_cancel@ 0000000180011630     itt_notify.obj
 0002:00000648       ??_C@_0BE@GIFMGCLF@__itt_sync_acquired@ 0000000180011648     itt_notify.obj
 0002:00000660       ??_C@_0BF@DIEOIMOH@__itt_sync_releasing@ 0000000180011660     itt_notify.obj
 0002:00000678       ??_C@_0BE@MOLOMFNM@__itt_suppress_push@ 0000000180011678     itt_notify.obj
 0002:00000690       ??_C@_0BD@KGNENPHI@__itt_suppress_pop@ 0000000180011690     itt_notify.obj
 0002:000006a8       ??_C@_0BK@EJIICLPM@__itt_suppress_mark_range@ 00000001800116a8     itt_notify.obj
 0002:000006c8       ??_C@_0BL@GLLGHEDD@__itt_suppress_clear_range@ 00000001800116c8     itt_notify.obj
 0002:000006e8       ??_C@_0BH@IDPLHABA@__itt_model_site_begin@ 00000001800116e8     itt_notify.obj
 0002:00000700       ??_C@_0BF@HJKONEDB@__itt_model_site_end@ 0000000180011700     itt_notify.obj
 0002:00000718       ??_C@_0BH@MIPMFKJM@__itt_model_task_begin@ 0000000180011718     itt_notify.obj
 0002:00000730       ??_C@_0BF@DBIHPNLD@__itt_model_task_end@ 0000000180011730     itt_notify.obj
 0002:00000748       ??_C@_0BJ@LAGBGFNL@__itt_model_lock_acquire@ 0000000180011748     itt_notify.obj
 0002:00000768       ??_C@_0BJ@DKFLKCDG@__itt_model_lock_release@ 0000000180011768     itt_notify.obj
 0002:00000788       ??_C@_0BO@CMNEKAED@__itt_model_record_allocation@ 0000000180011788     itt_notify.obj
 0002:000007a8       ??_C@_0CA@BLKMEFKM@__itt_model_record_deallocation@ 00000001800117a8     itt_notify.obj
 0002:000007c8       ??_C@_0BL@EMIILPPM@__itt_model_induction_uses@ 00000001800117c8     itt_notify.obj
 0002:000007e8       ??_C@_0BL@JJCGLNKA@__itt_model_reduction_uses@ 00000001800117e8     itt_notify.obj
 0002:00000808       ??_C@_0BJ@ECNIEHOA@__itt_model_observe_uses@ 0000000180011808     itt_notify.obj
 0002:00000828       ??_C@_0BH@KLLGKJEK@__itt_model_clear_uses@ 0000000180011828     itt_notify.obj
 0002:00000840       ??_C@_0BI@OIMOCAIH@__itt_model_site_beginW@ 0000000180011840     itt_notify.obj
 0002:00000858       ??_C@_0BI@MILOIKG@__itt_model_task_beginW@ 0000000180011858     itt_notify.obj
 0002:00000870       ??_C@_0BM@NIKMILDP@__itt_model_iteration_taskW@ 0000000180011870     itt_notify.obj
 0002:00000890       ??_C@_0BI@PEFGJFFA@__itt_model_site_beginA@ 0000000180011890     itt_notify.obj
 0002:000008a8       ??_C@_0BJ@DHFDAHGI@__itt_model_site_beginAL@ 00000001800118a8     itt_notify.obj
 0002:000008c8       ??_C@_0BI@BABDFNHB@__itt_model_task_beginA@ 00000001800118c8     itt_notify.obj
 0002:000008e0       ??_C@_0BJ@HLNOFCPO@__itt_model_task_beginAL@ 00000001800118e0     itt_notify.obj
 0002:00000900       ??_C@_0BM@MEDEDOOI@__itt_model_iteration_taskA@ 0000000180011900     itt_notify.obj
 0002:00000920       ??_C@_0BN@PCNJFOHN@__itt_model_iteration_taskAL@ 0000000180011920     itt_notify.obj
 0002:00000940       ??_C@_0BH@MNHDFFCN@__itt_model_site_end_2@ 0000000180011940     itt_notify.obj
 0002:00000958       ??_C@_0BH@IGHEHPKB@__itt_model_task_end_2@ 0000000180011958     itt_notify.obj
 0002:00000970       ??_C@_0BL@NFIEAEJO@__itt_model_lock_acquire_2@ 0000000180011970     itt_notify.obj
 0002:00000990       ??_C@_0BL@DLFEFEBG@__itt_model_lock_release_2@ 0000000180011990     itt_notify.obj
 0002:000009b0       ??_C@_0BL@FOHNDHC@__itt_model_aggregate_task@ 00000001800119b0     itt_notify.obj
 0002:000009d0       ??_C@_0BJ@MAMFFHFB@__itt_model_disable_push@ 00000001800119d0     itt_notify.obj
 0002:000009f0       ??_C@_0BI@GMOGAHA@__itt_model_disable_pop@ 00000001800119f0     itt_notify.obj
 0002:00000a08       ??_C@_0BM@JODLENCC@__itt_heap_function_createA@ 0000000180011a08     itt_notify.obj
 0002:00000a28       ??_C@_0BM@ICKDPIPF@__itt_heap_function_createW@ 0000000180011a28     itt_notify.obj
 0002:00000a48       ??_C@_0BK@DMCMAEMK@__itt_heap_allocate_begin@ 0000000180011a48     itt_notify.obj
 0002:00000a68       ??_C@_0BI@BKGPODF@__itt_heap_allocate_end@ 0000000180011a68     itt_notify.obj
 0002:00000a80       ??_C@_0BG@NCFEDJCH@__itt_heap_free_begin@ 0000000180011a80     itt_notify.obj
 0002:00000a98       ??_C@_0BE@IBCGGMHF@__itt_heap_free_end@ 0000000180011a98     itt_notify.obj
 0002:00000ab0       ??_C@_0BM@DNPPEBNN@__itt_heap_reallocate_begin@ 0000000180011ab0     itt_notify.obj
 0002:00000ad0       ??_C@_0BK@FIIKJCHI@__itt_heap_reallocate_end@ 0000000180011ad0     itt_notify.obj
 0002:00000af0       ??_C@_0CB@KBHILEOD@__itt_heap_internal_access_begi@ 0000000180011af0     itt_notify.obj
 0002:00000b18       ??_C@_0BP@BFPCKPOF@__itt_heap_internal_access_end@ 0000000180011b18     itt_notify.obj
 0002:00000b38       ??_C@_0CG@NEGAEGJL@__itt_heap_record_memory_growth@ 0000000180011b38     itt_notify.obj
 0002:00000b60       ??_C@_0CE@EDHBOICD@__itt_heap_record_memory_growth@ 0000000180011b60     itt_notify.obj
 0002:00000b88       ??_C@_0BL@IHEFPDEL@__itt_heap_reset_detection@ 0000000180011b88     itt_notify.obj
 0002:00000ba8       ??_C@_0BC@EGKDFPLB@__itt_heap_record@ 0000000180011ba8     itt_notify.obj
 0002:00000bc0       ??_C@_0BA@NONPBKLG@__itt_id_create@ 0000000180011bc0     itt_notify.obj
 0002:00000bd0       ??_C@_0BB@CBOOIDDL@__itt_id_destroy@ 0000000180011bd0     itt_notify.obj
 0002:00000be8       ??_C@_0BE@FLOGCMMH@__itt_get_timestamp@ 0000000180011be8     itt_notify.obj
 0002:00000c00       ??_C@_0BD@BNMNCHKB@__itt_region_begin@ 0000000180011c00     itt_notify.obj
 0002:00000c18       ??_C@_0BB@NDFOOFIC@__itt_region_end@ 0000000180011c18     itt_notify.obj
 0002:00000c30       ??_C@_0BF@DPIEHAGN@__itt_frame_begin_v3@ 0000000180011c30     itt_notify.obj
 0002:00000c48       ??_C@_0BD@EHKFFIBH@__itt_frame_end_v3@ 0000000180011c48     itt_notify.obj
 0002:00000c60       ??_C@_0BG@BPCLPPEH@__itt_frame_submit_v3@ 0000000180011c60     itt_notify.obj
 0002:00000c78       ??_C@_0BB@GGFEPPDE@__itt_task_group@ 0000000180011c78     itt_notify.obj
 0002:00000c90       ??_C@_0BB@OAJAGIDB@__itt_task_begin@ 0000000180011c90     itt_notify.obj
 0002:00000ca8       ??_C@_0BE@FMMIBDOD@__itt_task_begin_fn@ 0000000180011ca8     itt_notify.obj
 0002:00000cc0       ??_C@_0P@NALCCCCE@__itt_task_end@ 0000000180011cc0     itt_notify.obj
 0002:00000cd0       ??_C@_0BF@MDKFBHAH@__itt_counter_inc_v3@ 0000000180011cd0     itt_notify.obj
 0002:00000ce8       ??_C@_0BL@HIGIHDCP@__itt_counter_inc_delta_v3@ 0000000180011ce8     itt_notify.obj
 0002:00000d08       ??_C@_0BF@MILFIGAE@__itt_counter_dec_v3@ 0000000180011d08     itt_notify.obj
 0002:00000d20       ??_C@_0BL@EONGLHFP@__itt_counter_dec_delta_v3@ 0000000180011d20     itt_notify.obj
 0002:00000d40       ??_C@_0N@HAAFEAGA@__itt_marker@ 0000000180011d40     itt_notify.obj
 0002:00000d50       ??_C@_0BD@IGOPKBOL@__itt_metadata_add@ 0000000180011d50     itt_notify.obj
 0002:00000d68       ??_C@_0BI@NEEFELOF@__itt_metadata_str_addA@ 0000000180011d68     itt_notify.obj
 0002:00000d80       ??_C@_0BI@MINNPODC@__itt_metadata_str_addW@ 0000000180011d80     itt_notify.obj
 0002:00000d98       ??_C@_0BO@OPDDBKND@__itt_relation_add_to_current@ 0000000180011d98     itt_notify.obj
 0002:00000db8       ??_C@_0BD@OKAHNEKP@__itt_relation_add@ 0000000180011db8     itt_notify.obj
 0002:00000dd0       ??_C@_0BE@PFMCBGMI@__itt_event_createA@ 0000000180011dd0     itt_notify.obj
 0002:00000de8       ??_C@_0BE@OJFKKDBP@__itt_event_createW@ 0000000180011de8     itt_notify.obj
 0002:00000e00       ??_C@_0BC@CFNFCMCG@__itt_event_start@ 0000000180011e00     itt_notify.obj
 0002:00000e18       ??_C@_0BA@IJAPHNDA@__itt_event_end@ 0000000180011e18     itt_notify.obj
 0002:00000e28       ??_C@_0BF@NPFOLKPO@__itt_sync_set_nameA@ 0000000180011e28     itt_notify.obj
 0002:00000e40       ??_C@_0BF@MDMGAPCJ@__itt_sync_set_nameW@ 0000000180011e40     itt_notify.obj
 0002:00000e58       ??_C@_0BI@CHABHBNF@__itt_notify_sync_nameA@ 0000000180011e58     itt_notify.obj
 0002:00000e70       ??_C@_0BI@DLJJMEAC@__itt_notify_sync_nameW@ 0000000180011e70     itt_notify.obj
 0002:00000e88       ??_C@_0BK@EPNEOEMG@__itt_notify_sync_prepare@ 0000000180011e88     itt_notify.obj
 0002:00000ea8       ??_C@_0BJ@DIOKJHB@__itt_notify_sync_cancel@ 0000000180011ea8     itt_notify.obj
 0002:00000ec8       ??_C@_0BL@ILFPBIOK@__itt_notify_sync_acquired@ 0000000180011ec8     itt_notify.obj
 0002:00000ee8       ??_C@_0BM@MDHJMDPI@__itt_notify_sync_releasing@ 0000000180011ee8     itt_notify.obj
 0002:00000f08       ??_C@_0BC@FOINABEG@__itt_memory_read@ 0000000180011f08     itt_notify.obj
 0002:00000f20       ??_C@_0BD@NMPEKHPI@__itt_memory_write@ 0000000180011f20     itt_notify.obj
 0002:00000f38       ??_C@_0BE@PDNEALBC@__itt_memory_update@ 0000000180011f38     itt_notify.obj
 0002:00000f50       ??_C@_0BA@OOLJINGG@__itt_state_get@ 0000000180011f50     itt_notify.obj
 0002:00000f60       ??_C@_0BA@DBMCENKO@__itt_state_set@ 0000000180011f60     itt_notify.obj
 0002:00000f70       ??_C@_0BD@OMOHDNKK@__itt_obj_mode_set@ 0000000180011f70     itt_notify.obj
 0002:00000f88       ??_C@_0BD@EBCLOJDM@__itt_thr_mode_set@ 0000000180011f88     itt_notify.obj
 0002:00000fa0       ??_C@_0BE@BLJCOOCN@__itt_frame_createA@ 0000000180011fa0     itt_notify.obj
 0002:00000fb8       ??_C@_0BE@HAKFLPK@__itt_frame_createW@ 0000000180011fb8     itt_notify.obj
 0002:00000fd0       ??_C@_0BI@BNNKGPIB@__itt_pt_region_createA@ 0000000180011fd0     itt_notify.obj
 0002:00000fe8       ??_C@_0BI@BECNKFG@__itt_pt_region_createW@ 0000000180011fe8     itt_notify.obj
 0002:00001000       ??_C@_0BC@HCNKKGME@__itt_frame_begin@ 0000000180012000     itt_notify.obj
 0002:00001018       ??_C@_0BA@ECPMFCGG@__itt_frame_end@ 0000000180012018     itt_notify.obj
 0002:00001028       ??_C@_0BG@KGFLOPCN@__itt_counter_destroy@ 0000000180012028     itt_notify.obj
 0002:00001040       ??_C@_0BC@JMKIDDKB@__itt_counter_inc@ 0000000180012040     itt_notify.obj
 0002:00001058       ??_C@_0BI@BNDIOJN@__itt_counter_inc_delta@ 0000000180012058     itt_notify.obj
 0002:00001070       ??_C@_0BC@GCJHAEJN@__itt_counter_dec@ 0000000180012070     itt_notify.obj
 0002:00001088       ??_C@_0BI@HGHIJLPA@__itt_counter_dec_delta@ 0000000180012088     itt_notify.obj
 0002:000010a0       ??_C@_0BI@BLEEJDDA@__itt_counter_set_value@ 00000001800120a0     itt_notify.obj
 0002:000010b8       ??_C@_0BL@DFCCFMBK@__itt_counter_set_value_ex@ 00000001800120b8     itt_notify.obj
 0002:000010d8       ??_C@_0BD@PMJJPFNK@__itt_mark_createA@ 00000001800120d8     itt_notify.obj
 0002:000010f0       ??_C@_0BD@OAABEAAN@__itt_mark_createW@ 00000001800120f0     itt_notify.obj
 0002:00001108       ??_C@_0M@CAFHBOLD@__itt_markA@ 0000000180012108     itt_notify.obj
 0002:00001118       ??_C@_0M@DMMPKLGE@__itt_markW@ 0000000180012118     itt_notify.obj
 0002:00001128       ??_C@_0P@CFDOAOOE@__itt_mark_off@ 0000000180012128     itt_notify.obj
 0002:00001138       ??_C@_0BD@MBBPNJCH@__itt_mark_globalA@ 0000000180012138     itt_notify.obj
 0002:00001150       ??_C@_0BD@NNIHGMPA@__itt_mark_globalW@ 0000000180012150     itt_notify.obj
 0002:00001168       ??_C@_0BG@CDJIJGAC@__itt_mark_global_off@ 0000000180012168     itt_notify.obj
 0002:00001180       ??_C@_0BK@EPFIOCIO@__itt_stack_caller_create@ 0000000180012180     itt_notify.obj
 0002:000011a0       ??_C@_0BL@JHNLMFN@__itt_stack_caller_destroy@ 00000001800121a0     itt_notify.obj
 0002:000011c0       ??_C@_0BJ@GAJNHHI@__itt_stack_callee_enter@ 00000001800121c0     itt_notify.obj
 0002:000011e0       ??_C@_0BJ@CKPCIJLD@__itt_stack_callee_leave@ 00000001800121e0     itt_notify.obj
 0002:00001200       ??_C@_0BK@DDICILFO@__itt_clock_domain_create@ 0000000180012200     itt_notify.obj
 0002:00001220       ??_C@_0BJ@NEHPBEIJ@__itt_clock_domain_reset@ 0000000180012220     itt_notify.obj
 0002:00001240       ??_C@_0BD@FNAGFCCD@__itt_id_create_ex@ 0000000180012240     itt_notify.obj
 0002:00001258       ??_C@_0BE@EFLGOLGG@__itt_id_destroy_ex@ 0000000180012258     itt_notify.obj
 0002:00001270       ??_C@_0BE@ECBGBIGN@__itt_task_begin_ex@ 0000000180012270     itt_notify.obj
 0002:00001288       ??_C@_0BH@GFGAIAHE@__itt_task_begin_fn_ex@ 0000000180012288     itt_notify.obj
 0002:000012a0       ??_C@_0BC@IHANJPKN@__itt_task_end_ex@ 00000001800122a0     itt_notify.obj
 0002:000012b8       ??_C@_0BM@LOFKKKAI@__itt_task_begin_overlapped@ 00000001800122b8     itt_notify.obj
 0002:000012d8       ??_C@_0BP@OLNBFIEO@__itt_task_begin_overlapped_ex@ 00000001800122d8     itt_notify.obj
 0002:000012f8       ??_C@_0BK@MBKJKMLA@__itt_task_end_overlapped@ 00000001800122f8     itt_notify.obj
 0002:00001318       ??_C@_0BN@FCHCPDLJ@__itt_task_end_overlapped_ex@ 0000000180012318     itt_notify.obj
 0002:00001338       ??_C@_0BA@PCFAJFBL@__itt_marker_ex@ 0000000180012338     itt_notify.obj
 0002:00001348       ??_C@_0BO@IBJHPIEA@__itt_metadata_add_with_scope@ 0000000180012348     itt_notify.obj
 0002:00001368       ??_C@_0CD@DBMMAEJ@__itt_metadata_str_add_with_sco@ 0000000180012368     itt_notify.obj
 0002:00001390       ??_C@_0CD@BPIEHFJO@__itt_metadata_str_add_with_sco@ 0000000180012390     itt_notify.obj
 0002:000013b8       ??_C@_0CB@LKKGPFIK@__itt_relation_add_to_current_e@ 00000001800123b8     itt_notify.obj
 0002:000013e0       ??_C@_0BG@JDIAGKMO@__itt_relation_add_ex@ 00000001800123e0     itt_notify.obj
 0002:000013f8       ??_C@_0BJ@DABHBHOM@__itt_track_group_create@ 00000001800123f8     itt_notify.obj
 0002:00001418       ??_C@_0BD@JAMANPOD@__itt_track_create@ 0000000180012418     itt_notify.obj
 0002:00001430       ??_C@_0BA@LBIEJOAG@__itt_set_track@ 0000000180012430     itt_notify.obj
 0002:00001440       ??_C@_0BC@LLDNPJMG@__itt_api_version@ 0000000180012440     itt_notify.obj
 0002:00001458       ??_C@_0P@BPBIAPKG@__itt_av_saveA@ 0000000180012458     itt_notify.obj
 0002:00001468       ??_C@_0P@DIALKHB@__itt_av_saveW@ 0000000180012468     itt_notify.obj
 0002:00001478       ??_C@_0BD@OLAPBGOI@__itt_module_loadA@ 0000000180012478     itt_notify.obj
 0002:00001490       ??_C@_0BD@PHJHKDDP@__itt_module_loadW@ 0000000180012490     itt_notify.obj
 0002:000014a8       ??_C@_0BF@DALCJNFN@INTEL_LIBITTNOTIFY64@ 00000001800124a8     itt_notify.obj
 0002:000014c0       ??_C@_0BH@BCIELMCH@INTEL_ITTNOTIFY_GROUPS@ 00000001800124c0     itt_notify.obj
 0002:000014d8       ??_C@_03IJOFBOLG@?0?$DL?5@ 00000001800124d8     itt_notify.obj
 0002:000014e0       ??_C@_0P@GMFMFMGH@__itt_api_init@ 00000001800124e0     itt_notify.obj
 0002:000014f0       ??_C@_0P@IJPIIJJG@__itt_api_fini@ 00000001800124f0     itt_notify.obj
 0002:00001750       ??_C@_0BH@JJMOKBLI@TBBmalloc?3?5huge?5pages?7@ 0000000180012750     frontend.obj
 0002:00001768       ??_C@_04LKOGMCLF@not?5@    0000000180012768     frontend.obj
 0002:00001770       ??_C@_01EEMJAFIK@?6@       0000000180012770     frontend.obj
 0002:00001778       ??_C@_0BK@BDLDLJON@TBB_MALLOC_USE_HUGE_PAGES@ 0000000180012778     frontend.obj
 0002:00001798       ??_C@_09GLAMPMBA@requested@ 0000000180012798     frontend.obj
 0002:000017a8       ??_C@_09LAIKOIHJ@available@ 00000001800127a8     frontend.obj
 0002:000017b4       ??_C@_01CLKCMJKC@?5@       00000001800127b4     frontend.obj
 0002:000017b8       ??_C@_0M@EKHIKCEO@TBB_VERSION@ 00000001800127b8     frontend.obj
 0002:000017d0       ??_C@_0EG@OMMIMALF@rml?3?3pool_identify?$CI?$CJ?5can?8t?5be?5u@ 00000001800127d0     frontend.obj
 0002:00001818       ??_C@_0BF@HNAOMHEC@pool?$CB?$DNdefaultMemPool@ 0000000180012818     frontend.obj
 0002:00001830       ??_C@_0FI@CHGIBGII@F?3?2Project?2Main?2homework?2xiaope@ 0000000180012830     frontend.obj
 0002:00001888       __real@463e8000            0000000180012888     frontend.obj
 0002:00001900       _load_config_used          0000000180012900     MSVCRT:loadcfg.obj
 0002:00001a80       __volatile_metadata        0000000180012a80     <linker-defined>
 0002:00001d80       __rtc_iaa                  0000000180012d80     MSVCRT:initsect.obj
 0002:00001d88       __rtc_izz                  0000000180012d88     MSVCRT:initsect.obj
 0002:00001d90       __rtc_taa                  0000000180012d90     MSVCRT:initsect.obj
 0002:00001d98       __rtc_tzz                  0000000180012d98     MSVCRT:initsect.obj
 0002:0000311c       __IMPORT_DESCRIPTOR_KERNEL32 000000018001411c     kernel32:KERNEL32.dll
 0002:00003130       __IMPORT_DESCRIPTOR_VCRUNTIME140_1 0000000180014130     vcruntime:VCRUNTIME140_1.dll
 0002:00003144       __IMPORT_DESCRIPTOR_VCRUNTIME140 0000000180014144     vcruntime:VCRUNTIME140.dll
 0002:00003158       __IMPORT_DESCRIPTOR_api-ms-win-crt-runtime-l1-1-0 0000000180014158     ucrt:api-ms-win-crt-runtime-l1-1-0.dll
 0002:0000316c       __IMPORT_DESCRIPTOR_api-ms-win-crt-heap-l1-1-0 000000018001416c     ucrt:api-ms-win-crt-heap-l1-1-0.dll
 0002:00003180       __IMPORT_DESCRIPTOR_api-ms-win-crt-convert-l1-1-0 0000000180014180     ucrt:api-ms-win-crt-convert-l1-1-0.dll
 0002:00003194       __IMPORT_DESCRIPTOR_api-ms-win-crt-string-l1-1-0 0000000180014194     ucrt:api-ms-win-crt-string-l1-1-0.dll
 0002:000031a8       __IMPORT_DESCRIPTOR_api-ms-win-crt-environment-l1-1-0 00000001800141a8     ucrt:api-ms-win-crt-environment-l1-1-0.dll
 0002:000031bc       __IMPORT_DESCRIPTOR_api-ms-win-crt-stdio-l1-1-0 00000001800141bc     ucrt:api-ms-win-crt-stdio-l1-1-0.dll
 0002:000031d0       __NULL_IMPORT_DESCRIPTOR   00000001800141d0     kernel32:KERNEL32.dll
 0003:00000000       __security_cookie_complement 0000000180015000     MSVCRT:gs_cookie.obj
 0003:00000008       __security_cookie          0000000180015008     MSVCRT:gs_cookie.obj
 0003:00000010       __scrt_native_dllmain_reason 0000000180015010     MSVCRT:utility.obj
 0003:00000018       __isa_available            0000000180015018     MSVCRT:cpu_disp.obj
 0003:0000001c       __isa_enabled              000000018001501c     MSVCRT:cpu_disp.obj
 0003:00000020       __memcpy_nt_iters          0000000180015020     MSVCRT:cpu_disp.obj
 0003:00000028       __memset_nt_iters          0000000180015028     MSVCRT:cpu_disp.obj
 0003:00000030       __scrt_ucrt_dll_is_in_use  0000000180015030     MSVCRT:ucrt_stubs.obj
 0003:00000040       __itt_sync_releasing_ptr__3_0 0000000180015040     itt_notify.obj
 0003:00000048       __itt_sync_acquired_ptr__3_0 0000000180015048     itt_notify.obj
 0003:00000050       __itt_counter_inc_v3_ptr__3_0 0000000180015050     itt_notify.obj
 0003:00000058       __itt_counter_dec_delta_ptr__3_0 0000000180015058     itt_notify.obj
 0003:00000060       __itt_fsync_acquired_ptr__3_0 0000000180015060     itt_notify.obj
 0003:00000068       __itt_heap_internal_access_begin_ptr__3_0 0000000180015068     itt_notify.obj
 0003:00000070       __itt_counter_dec_delta_v3_ptr__3_0 0000000180015070     itt_notify.obj
 0003:00000078       __itt_memory_write_ptr__3_0 0000000180015078     itt_notify.obj
 0003:00000080       __itt_model_iteration_taskW_ptr__3_0 0000000180015080     itt_notify.obj
 0003:00000088       __itt_mark_off_ptr__3_0    0000000180015088     itt_notify.obj
 0003:00000090       __itt_heap_function_createW_ptr__3_0 0000000180015090     itt_notify.obj
 0003:00000098       __itt_id_destroy_ex_ptr__3_0 0000000180015098     itt_notify.obj
 0003:000000a0       __itt_memory_read_ptr__3_0 00000001800150a0     itt_notify.obj
 0003:000000a8       __itt_task_group_ptr__3_0  00000001800150a8     itt_notify.obj
 0003:000000b0       __itt_mark_createW_ptr__3_0 00000001800150b0     itt_notify.obj
 0003:000000b8       __itt_counter_destroy_ptr__3_0 00000001800150b8     itt_notify.obj
 0003:000000c0       __itt_heap_reallocate_end_ptr__3_0 00000001800150c0     itt_notify.obj
 0003:000000c8       __itt_heap_record_memory_growth_begin_ptr__3_0 00000001800150c8     itt_notify.obj
 0003:000000d0       __itt_id_create_ptr__3_0   00000001800150d0     itt_notify.obj
 0003:000000d8       __itt_event_createA_ptr__3_0 00000001800150d8     itt_notify.obj
 0003:000000e0       __itt_module_loadA_ptr__3_0 00000001800150e0     itt_notify.obj
 0003:000000e8       __itt_task_end_overlapped_ex_ptr__3_0 00000001800150e8     itt_notify.obj
 0003:000000f0       __itt_heap_allocate_end_ptr__3_0 00000001800150f0     itt_notify.obj
 0003:000000f8       __itt_model_iteration_taskA_ptr__3_0 00000001800150f8     itt_notify.obj
 0003:00000100       __itt_av_saveA_ptr__3_0    0000000180015100     itt_notify.obj
 0003:00000108       __itt_task_end_ptr__3_0    0000000180015108     itt_notify.obj
 0003:00000110       __itt_get_timestamp_ptr__3_0 0000000180015110     itt_notify.obj
 0003:00000118       __itt_notify_sync_nameA_ptr__3_0 0000000180015118     itt_notify.obj
 0003:00000120       __itt_task_begin_ptr__3_0  0000000180015120     itt_notify.obj
 0003:00000128       __itt_mark_globalW_ptr__3_0 0000000180015128     itt_notify.obj
 0003:00000130       __itt_task_begin_fn_ex_ptr__3_0 0000000180015130     itt_notify.obj
 0003:00000138       __itt_thread_set_nameA_ptr__3_0 0000000180015138     itt_notify.obj
 0003:00000140       __itt_pt_region_createA_ptr__3_0 0000000180015140     itt_notify.obj
 0003:00000148       __itt_id_create_ex_ptr__3_0 0000000180015148     itt_notify.obj
 0003:00000150       __itt_model_observe_uses_ptr__3_0 0000000180015150     itt_notify.obj
 0003:00000158       __itt_model_lock_release_ptr__3_0 0000000180015158     itt_notify.obj
 0003:00000160       __itt_model_reduction_uses_ptr__3_0 0000000180015160     itt_notify.obj
 0003:00000168       __itt_resume_ptr__3_0      0000000180015168     itt_notify.obj
 0003:00000170       __itt_suppress_push_ptr__3_0 0000000180015170     itt_notify.obj
 0003:00000178       __itt_model_lock_acquire_ptr__3_0 0000000180015178     itt_notify.obj
 0003:00000180       __itt_counter_set_value_ptr__3_0 0000000180015180     itt_notify.obj
 0003:00000188       __itt_id_destroy_ptr__3_0  0000000180015188     itt_notify.obj
 0003:00000190       __itt_task_begin_fn_ptr__3_0 0000000180015190     itt_notify.obj
 0003:00000198       __itt_event_start_ptr__3_0 0000000180015198     itt_notify.obj
 0003:000001a0       __itt_string_handle_createA_ptr__3_0 00000001800151a0     itt_notify.obj
 0003:000001a8       __itt_counter_createA_ptr__3_0 00000001800151a8     itt_notify.obj
 0003:000001b0       __itt_sync_createW_ptr__3_0 00000001800151b0     itt_notify.obj
 0003:000001b8       __itt_marker_ptr__3_0      00000001800151b8     itt_notify.obj
 0003:000001c0       __itt_model_disable_pop_ptr__3_0 00000001800151c0     itt_notify.obj
 0003:000001c8       __itt_model_site_begin_ptr__3_0 00000001800151c8     itt_notify.obj
 0003:000001d0       __itt_marker_ex_ptr__3_0   00000001800151d0     itt_notify.obj
 0003:000001d8       __itt_heap_function_createA_ptr__3_0 00000001800151d8     itt_notify.obj
 0003:000001e0       __itt_markW_ptr__3_0       00000001800151e0     itt_notify.obj
 0003:000001e8       __itt_track_group_create_ptr__3_0 00000001800151e8     itt_notify.obj
 0003:000001f0       __itt_thr_name_setA_ptr__3_0 00000001800151f0     itt_notify.obj
 0003:000001f8       __itt_model_task_beginAL_ptr__3_0 00000001800151f8     itt_notify.obj
 0003:00000200       __itt_frame_end_ptr__3_0   0000000180015200     itt_notify.obj
 0003:00000208       __itt_heap_internal_access_end_ptr__3_0 0000000180015208     itt_notify.obj
 0003:00000210       __itt_region_end_ptr__3_0  0000000180015210     itt_notify.obj
 0003:00000218       __itt_notify_sync_releasing_ptr__3_0 0000000180015218     itt_notify.obj
 0003:00000220       __itt_frame_begin_v3_ptr__3_0 0000000180015220     itt_notify.obj
 0003:00000228       __itt_metadata_add_ptr__3_0 0000000180015228     itt_notify.obj
 0003:00000230       __itt_thread_ignore_ptr__3_0 0000000180015230     itt_notify.obj
 0003:00000238       __itt_counter_dec_ptr__3_0 0000000180015238     itt_notify.obj
 0003:00000240       __itt_heap_allocate_begin_ptr__3_0 0000000180015240     itt_notify.obj
 0003:00000248       __itt_heap_reset_detection_ptr__3_0 0000000180015248     itt_notify.obj
 0003:00000250       __itt_stack_callee_leave_ptr__3_0 0000000180015250     itt_notify.obj
 0003:00000258       __itt_heap_reallocate_begin_ptr__3_0 0000000180015258     itt_notify.obj
 0003:00000260       __itt_counter_inc_delta_ptr__3_0 0000000180015260     itt_notify.obj
 0003:00000268       __itt_stack_caller_destroy_ptr__3_0 0000000180015268     itt_notify.obj
 0003:00000270       __itt_model_disable_push_ptr__3_0 0000000180015270     itt_notify.obj
 0003:00000278       __itt_thr_name_setW_ptr__3_0 0000000180015278     itt_notify.obj
 0003:00000280       __itt_model_task_beginW_ptr__3_0 0000000180015280     itt_notify.obj
 0003:00000288       __itt_thr_mode_set_ptr__3_0 0000000180015288     itt_notify.obj
 0003:00000290       __itt_metadata_str_addA_ptr__3_0 0000000180015290     itt_notify.obj
 0003:00000298       __itt_mark_global_off_ptr__3_0 0000000180015298     itt_notify.obj
 0003:000002a0       __itt_suppress_clear_range_ptr__3_0 00000001800152a0     itt_notify.obj
 0003:000002a8       __itt_notify_sync_nameW_ptr__3_0 00000001800152a8     itt_notify.obj
 0003:000002b0       __itt_sync_set_nameA_ptr__3_0 00000001800152b0     itt_notify.obj
 0003:000002b8       __itt_metadata_str_addW_ptr__3_0 00000001800152b8     itt_notify.obj
 0003:000002c0       __itt_model_record_deallocation_ptr__3_0 00000001800152c0     itt_notify.obj
 0003:000002c8       __itt_suppress_pop_ptr__3_0 00000001800152c8     itt_notify.obj
 0003:000002d0       __itt_stack_callee_enter_ptr__3_0 00000001800152d0     itt_notify.obj
 0003:000002d8       __itt_model_site_beginA_ptr__3_0 00000001800152d8     itt_notify.obj
 0003:000002e0       __itt_state_set_ptr__3_0   00000001800152e0     itt_notify.obj
 0003:000002e8       __itt_counter_create_typedW_ptr__3_0 00000001800152e8     itt_notify.obj
 0003:000002f0       __itt_notify_sync_prepare_ptr__3_0 00000001800152f0     itt_notify.obj
 0003:000002f8       __itt_state_get_ptr__3_0   00000001800152f8     itt_notify.obj
 0003:00000300       __itt_model_lock_release_2_ptr__3_0 0000000180015300     itt_notify.obj
 0003:00000308       __itt_domain_createW_ptr__3_0 0000000180015308     itt_notify.obj
 0003:00000310       __itt_sync_prepare_ptr__3_0 0000000180015310     itt_notify.obj
 0003:00000318       __itt_obj_mode_set_ptr__3_0 0000000180015318     itt_notify.obj
 0003:00000320       __itt_heap_free_end_ptr__3_0 0000000180015320     itt_notify.obj
 0003:00000328       __itt_sync_set_nameW_ptr__3_0 0000000180015328     itt_notify.obj
 0003:00000330       __itt_metadata_str_add_with_scopeA_ptr__3_0 0000000180015330     itt_notify.obj
 0003:00000338       __itt_model_record_allocation_ptr__3_0 0000000180015338     itt_notify.obj
 0003:00000340       __itt_fsync_releasing_ptr__3_0 0000000180015340     itt_notify.obj
 0003:00000348       __itt_notify_sync_acquired_ptr__3_0 0000000180015348     itt_notify.obj
 0003:00000350       __itt_frame_createA_ptr__3_0 0000000180015350     itt_notify.obj
 0003:00000358       __itt_memory_update_ptr__3_0 0000000180015358     itt_notify.obj
 0003:00000360       __itt_counter_createW_ptr__3_0 0000000180015360     itt_notify.obj
 0003:00000368       __itt_domain_createA_ptr__3_0 0000000180015368     itt_notify.obj
 0003:00000370       __itt_module_loadW_ptr__3_0 0000000180015370     itt_notify.obj
 0003:00000378       __itt_pause_ptr__3_0       0000000180015378     itt_notify.obj
 0003:00000380       __itt_clock_domain_create_ptr__3_0 0000000180015380     itt_notify.obj
 0003:00000388       __itt_notify_sync_cancel_ptr__3_0 0000000180015388     itt_notify.obj
 0003:00000390       __itt_task_begin_overlapped_ptr__3_0 0000000180015390     itt_notify.obj
 0003:00000398       __itt_model_site_end_ptr__3_0 0000000180015398     itt_notify.obj
 0003:000003a0       __itt_thread_set_nameW_ptr__3_0 00000001800153a0     itt_notify.obj
 0003:000003a8       __itt_frame_end_v3_ptr__3_0 00000001800153a8     itt_notify.obj
 0003:00001e18       __itt_task_begin_overlapped_ex_ptr__3_0 0000000180016e18     itt_notify.obj
 0003:00001e20       __itt_sync_createA_ptr__3_0 0000000180016e20     itt_notify.obj
 0003:00001e28       __itt_task_end_overlapped_ptr__3_0 0000000180016e28     itt_notify.obj
 0003:00001e30       __itt_string_handle_createW_ptr__3_0 0000000180016e30     itt_notify.obj
 0003:00001e38       __itt_stack_caller_create_ptr__3_0 0000000180016e38     itt_notify.obj
 0003:00001e40       __itt_model_task_begin_ptr__3_0 0000000180016e40     itt_notify.obj
 0003:00001e48       __itt_fsync_cancel_ptr__3_0 0000000180016e48     itt_notify.obj
 0003:00001e50       __itt_model_clear_uses_ptr__3_0 0000000180016e50     itt_notify.obj
 0003:00001e58       __itt_model_iteration_taskAL_ptr__3_0 0000000180016e58     itt_notify.obj
 0003:00001e60       __itt_frame_createW_ptr__3_0 0000000180016e60     itt_notify.obj
 0003:00001e68       __itt_set_track_ptr__3_0   0000000180016e68     itt_notify.obj
 0003:00001e70       __itt_sync_renameW_ptr__3_0 0000000180016e70     itt_notify.obj
 0003:00001e78       __itt_model_task_end_ptr__3_0 0000000180016e78     itt_notify.obj
 0003:00001e80       __itt_counter_dec_v3_ptr__3_0 0000000180016e80     itt_notify.obj
 0003:00001e88       __itt_counter_set_value_ex_ptr__3_0 0000000180016e88     itt_notify.obj
 0003:00001e90       __itt_counter_create_typedA_ptr__3_0 0000000180016e90     itt_notify.obj
 0003:00001e98       __itt_frame_begin_ptr__3_0 0000000180016e98     itt_notify.obj
 0003:00001ea0       __itt_fsync_prepare_ptr__3_0 0000000180016ea0     itt_notify.obj
 0003:00001ea8       __itt_mark_createA_ptr__3_0 0000000180016ea8     itt_notify.obj
 0003:00001eb0       __itt_model_induction_uses_ptr__3_0 0000000180016eb0     itt_notify.obj
 0003:00001eb8       __itt_clock_domain_reset_ptr__3_0 0000000180016eb8     itt_notify.obj
 0003:00001ec0       __itt_pt_region_createW_ptr__3_0 0000000180016ec0     itt_notify.obj
 0003:00001ec8       __itt_heap_record_ptr__3_0 0000000180016ec8     itt_notify.obj
 0003:00001ed0       __itt_sync_destroy_ptr__3_0 0000000180016ed0     itt_notify.obj
 0003:00001ed8       __itt_model_task_end_2_ptr__3_0 0000000180016ed8     itt_notify.obj
 0003:00001ee0       __itt_sync_cancel_ptr__3_0 0000000180016ee0     itt_notify.obj
 0003:00001ee8       __itt_enable_attach_ptr__3_0 0000000180016ee8     itt_notify.obj
 0003:00001ef0       __itt_model_lock_acquire_2_ptr__3_0 0000000180016ef0     itt_notify.obj
 0003:00001ef8       __itt_track_create_ptr__3_0 0000000180016ef8     itt_notify.obj
 0003:00001f00       __itt_model_site_beginAL_ptr__3_0 0000000180016f00     itt_notify.obj
 0003:00001f08       __itt_relation_add_ex_ptr__3_0 0000000180016f08     itt_notify.obj
 0003:00001f10       __itt_task_end_ex_ptr__3_0 0000000180016f10     itt_notify.obj
 0003:00001f18       __itt_mark_globalA_ptr__3_0 0000000180016f18     itt_notify.obj
 0003:00001f20       __itt_model_aggregate_task_ptr__3_0 0000000180016f20     itt_notify.obj
 0003:00001f28       __itt_api_version_ptr__3_0 0000000180016f28     itt_notify.obj
 0003:00001f30       ?__itt__ittapi_global@@3U___itt_global@@A 0000000180016f30     itt_notify.obj
 0003:00001fd0       __itt_heap_record_memory_growth_end_ptr__3_0 0000000180016fd0     itt_notify.obj
 0003:00001fd8       __itt_region_begin_ptr__3_0 0000000180016fd8     itt_notify.obj
 0003:00001fe0       __itt_model_site_beginW_ptr__3_0 0000000180016fe0     itt_notify.obj
 0003:00001fe8       __itt_event_createW_ptr__3_0 0000000180016fe8     itt_notify.obj
 0003:00001ff0       __itt_event_end_ptr__3_0   0000000180016ff0     itt_notify.obj
 0003:00001ff8       __itt_task_begin_ex_ptr__3_0 0000000180016ff8     itt_notify.obj
 0003:00002000       __itt_relation_add_to_current_ex_ptr__3_0 0000000180017000     itt_notify.obj
 0003:00002008       __itt_counter_inc_delta_v3_ptr__3_0 0000000180017008     itt_notify.obj
 0003:00002010       __itt_av_saveW_ptr__3_0    0000000180017010     itt_notify.obj
 0003:00002018       __itt_metadata_str_add_with_scopeW_ptr__3_0 0000000180017018     itt_notify.obj
 0003:00002020       __itt_heap_free_begin_ptr__3_0 0000000180017020     itt_notify.obj
 0003:00002028       __itt_markA_ptr__3_0       0000000180017028     itt_notify.obj
 0003:00002030       __itt_model_task_beginA_ptr__3_0 0000000180017030     itt_notify.obj
 0003:00002038       __itt_suppress_mark_range_ptr__3_0 0000000180017038     itt_notify.obj
 0003:00002040       __itt_detach_ptr__3_0      0000000180017040     itt_notify.obj
 0003:00002048       __itt_relation_add_to_current_ptr__3_0 0000000180017048     itt_notify.obj
 0003:00002050       __itt_thr_ignore_ptr__3_0  0000000180017050     itt_notify.obj
 0003:00002058       __itt_counter_inc_ptr__3_0 0000000180017058     itt_notify.obj
 0003:00002060       __itt_frame_submit_v3_ptr__3_0 0000000180017060     itt_notify.obj
 0003:00002068       __itt_metadata_add_with_scope_ptr__3_0 0000000180017068     itt_notify.obj
 0003:00002070       __itt_model_site_end_2_ptr__3_0 0000000180017070     itt_notify.obj
 0003:00002078       __itt_relation_add_ptr__3_0 0000000180017078     itt_notify.obj
 0003:00002080       __itt_sync_renameA_ptr__3_0 0000000180017080     itt_notify.obj
 0003:000022a0       _fltused                   00000001800172a0     MSVCRT:fltused.obj
 0003:00002830       ?__type_info_root_node@@3U__type_info_node@@A 0000000180017830     MSVCRT:tncleanup.obj
 0003:00002840       ?_OptionsStorage@?1??__local_stdio_scanf_options@@9@4_KA 0000000180017840     MSVCRT:default_local_stdio_options.obj
 0003:00002848       __scrt_current_native_startup_state 0000000180017848     MSVCRT:utility.obj
 0003:00002850       __scrt_native_startup_lock 0000000180017850     MSVCRT:utility.obj
 0003:00002890       __scrt_debugger_hook_flag  0000000180017890     MSVCRT:utility_desktop.obj
 0003:00002898       __castguard_check_failure_os_handled_fptr 0000000180017898     MSVCRT:guard_support.obj
 0003:000028a0       __favor                    00000001800178a0     MSVCRT:cpu_disp.obj
 0003:000028a8       ?_OptionsStorage@?1??__local_stdio_printf_options@@9@4_KA 00000001800178a8     tbbmalloc.obj
 0003:000038b0       ?hugePages@internal@rml@@3VHugePagesStatus@12@A 00000001800188b0     frontend.obj
 0003:000038e0       ?memPoolListLock@MemoryPool@internal@rml@@2VMallocMutex@@A 00000001800188e0     frontend.obj
 0003:00022bf8       __dyn_tls_init_callback    0000000180037bf8     <common>

 entry point at        0001:0000f10c

 Static symbols

 0000:fffc4000       .debug$S                   0000000180000000     tbbmalloc.exp
 0000:fffc4000       .debug$S                   0000000180000000     vcruntime:VCRUNTIME140.dll
 0000:fffc4000       .debug$S                   0000000180000000     vcruntime:VCRUNTIME140.dll
 0000:fffc4000       .debug$S                   0000000180000000     vcruntime:VCRUNTIME140.dll
 0000:fffc4000       .debug$S                   0000000180000000     vcruntime:VCRUNTIME140.dll
 0000:fffc4000       .debug$S                   0000000180000000     vcruntime:VCRUNTIME140.dll
 0000:fffc4000       .debug$S                   0000000180000000     vcruntime:VCRUNTIME140.dll
 0000:fffc4000       .debug$S                   0000000180000000     vcruntime:VCRUNTIME140.dll
 0000:fffc4000       .debug$S                   0000000180000000     vcruntime:VCRUNTIME140_1.dll
 0000:fffc4000       .debug$S                   0000000180000000     ucrt:api-ms-win-crt-convert-l1-1-0.dll
 0000:fffc4000       .debug$S                   0000000180000000     ucrt:api-ms-win-crt-environment-l1-1-0.dll
 0000:fffc4000       .debug$S                   0000000180000000     ucrt:api-ms-win-crt-heap-l1-1-0.dll
 0000:fffc4000       .debug$S                   0000000180000000     ucrt:api-ms-win-crt-runtime-l1-1-0.dll
 0000:fffc4000       .debug$S                   0000000180000000     ucrt:api-ms-win-crt-runtime-l1-1-0.dll
 0000:fffc4000       .debug$S                   0000000180000000     ucrt:api-ms-win-crt-runtime-l1-1-0.dll
 0000:fffc4000       .debug$S                   0000000180000000     ucrt:api-ms-win-crt-runtime-l1-1-0.dll
 0000:fffc4000       .debug$S                   0000000180000000     ucrt:api-ms-win-crt-runtime-l1-1-0.dll
 0000:fffc4000       .debug$S                   0000000180000000     ucrt:api-ms-win-crt-runtime-l1-1-0.dll
 0000:fffc4000       .debug$S                   0000000180000000     ucrt:api-ms-win-crt-runtime-l1-1-0.dll
 0000:fffc4000       .debug$S                   0000000180000000     ucrt:api-ms-win-crt-runtime-l1-1-0.dll
 0000:fffc4000       .debug$S                   0000000180000000     ucrt:api-ms-win-crt-runtime-l1-1-0.dll
 0000:fffc4000       .debug$S                   0000000180000000     ucrt:api-ms-win-crt-runtime-l1-1-0.dll
 0000:fffc4000       .debug$S                   0000000180000000     ucrt:api-ms-win-crt-runtime-l1-1-0.dll
 0000:fffc4000       .debug$S                   0000000180000000     ucrt:api-ms-win-crt-runtime-l1-1-0.dll
 0000:fffc4000       .debug$S                   0000000180000000     ucrt:api-ms-win-crt-runtime-l1-1-0.dll
 0000:fffc4000       .debug$S                   0000000180000000     ucrt:api-ms-win-crt-runtime-l1-1-0.dll
 0000:fffc4000       .debug$S                   0000000180000000     ucrt:api-ms-win-crt-stdio-l1-1-0.dll
 0000:fffc4000       .debug$S                   0000000180000000     ucrt:api-ms-win-crt-stdio-l1-1-0.dll
 0000:fffc4000       .debug$S                   0000000180000000     ucrt:api-ms-win-crt-stdio-l1-1-0.dll
 0000:fffc4000       .debug$S                   0000000180000000     ucrt:api-ms-win-crt-stdio-l1-1-0.dll
 0000:fffc4000       .debug$S                   0000000180000000     ucrt:api-ms-win-crt-string-l1-1-0.dll
 0000:fffc4000       .debug$S                   0000000180000000     ucrt:api-ms-win-crt-string-l1-1-0.dll
 0000:fffc4000       .debug$S                   0000000180000000     ucrt:api-ms-win-crt-string-l1-1-0.dll
 0000:fffc4000       .debug$S                   0000000180000000     ucrt:api-ms-win-crt-string-l1-1-0.dll
 0000:fffc4000       .debug$S                   0000000180000000     ucrt:api-ms-win-crt-string-l1-1-0.dll
 0000:fffc4000       .debug$S                   0000000180000000     kernel32:KERNEL32.dll
 0000:fffc4000       .debug$S                   0000000180000000     kernel32:KERNEL32.dll
 0000:fffc4000       .debug$S                   0000000180000000     kernel32:KERNEL32.dll
 0000:fffc4000       .debug$S                   0000000180000000     kernel32:KERNEL32.dll
 0000:fffc4000       .debug$S                   0000000180000000     kernel32:KERNEL32.dll
 0000:fffc4000       .debug$S                   0000000180000000     kernel32:KERNEL32.dll
 0000:fffc4000       .debug$S                   0000000180000000     kernel32:KERNEL32.dll
 0000:fffc4000       .debug$S                   0000000180000000     kernel32:KERNEL32.dll
 0000:fffc4000       .debug$S                   0000000180000000     kernel32:KERNEL32.dll
 0000:fffc4000       .debug$S                   0000000180000000     kernel32:KERNEL32.dll
 0000:fffc4000       .debug$S                   0000000180000000     kernel32:KERNEL32.dll
 0000:fffc4000       .debug$S                   0000000180000000     kernel32:KERNEL32.dll
 0000:fffc4000       .debug$S                   0000000180000000     kernel32:KERNEL32.dll
 0000:fffc4000       .debug$S                   0000000180000000     kernel32:KERNEL32.dll
 0000:fffc4000       .debug$S                   0000000180000000     kernel32:KERNEL32.dll
 0000:fffc4000       .debug$S                   0000000180000000     kernel32:KERNEL32.dll
 0000:fffc4000       .debug$S                   0000000180000000     kernel32:KERNEL32.dll
 0000:fffc4000       .debug$S                   0000000180000000     kernel32:KERNEL32.dll
 0000:fffc4000       .debug$S                   0000000180000000     kernel32:KERNEL32.dll
 0000:fffc4000       .debug$S                   0000000180000000     kernel32:KERNEL32.dll
 0000:fffc4000       .debug$S                   0000000180000000     kernel32:KERNEL32.dll
 0000:fffc4000       .debug$S                   0000000180000000     kernel32:KERNEL32.dll
 0000:fffc4000       .debug$S                   0000000180000000     kernel32:KERNEL32.dll
 0000:fffc4000       .debug$S                   0000000180000000     kernel32:KERNEL32.dll
 0000:fffc4000       .debug$S                   0000000180000000     kernel32:KERNEL32.dll
 0000:fffc4000       .debug$S                   0000000180000000     kernel32:KERNEL32.dll
 0000:fffc4000       .debug$S                   0000000180000000     kernel32:KERNEL32.dll
 0000:fffc4000       .debug$S                   0000000180000000     kernel32:KERNEL32.dll
 0000:fffc4000       .debug$S                   0000000180000000     kernel32:KERNEL32.dll
 0000:fffc4000       .debug$S                   0000000180000000     kernel32:KERNEL32.dll
 0000:fffc4000       .debug$S                   0000000180000000     kernel32:KERNEL32.dll
 0000:fffc4000       .debug$S                   0000000180000000     kernel32:KERNEL32.dll
 0000:fffc4000       .debug$S                   0000000180000000     kernel32:KERNEL32.dll
 0001:00004920       ?__itt_detach_init_3_0@@YAXXZ 0000000180005920 f   itt_notify.obj
 0001:00004970       ?__itt_sync_createA_init_3_0@@YAXPEAXPEBD1H@Z 0000000180005970 f   itt_notify.obj
 0001:000049f0       ?__itt_sync_createW_init_3_0@@YAXPEAXPEB_W1H@Z 00000001800059f0 f   itt_notify.obj
 0001:00004a70       ?__itt_sync_renameA_init_3_0@@YAXPEAXPEBD@Z 0000000180005a70 f   itt_notify.obj
 0001:00004ad0       ?__itt_sync_renameW_init_3_0@@YAXPEAXPEB_W@Z 0000000180005ad0 f   itt_notify.obj
 0001:00004b30       ?__itt_sync_destroy_init_3_0@@YAXPEAX@Z 0000000180005b30 f   itt_notify.obj
 0001:00004b90       ?__itt_sync_prepare_init_3_0@@YAXPEAX@Z 0000000180005b90 f   itt_notify.obj
 0001:00004bf0       ?__itt_sync_cancel_init_3_0@@YAXPEAX@Z 0000000180005bf0 f   itt_notify.obj
 0001:00004c50       ?__itt_sync_acquired_init_3_0@@YAXPEAX@Z 0000000180005c50 f   itt_notify.obj
 0001:00004cb0       ?__itt_sync_releasing_init_3_0@@YAXPEAX@Z 0000000180005cb0 f   itt_notify.obj
 0001:00004d10       ?__itt_suppress_push_init_3_0@@YAXI@Z 0000000180005d10 f   itt_notify.obj
 0001:00004d70       ?__itt_suppress_pop_init_3_0@@YAXXZ 0000000180005d70 f   itt_notify.obj
 0001:00004dc0       ?__itt_suppress_mark_range_init_3_0@@YAXW4__itt_suppress_mode@@IPEAX_K@Z 0000000180005dc0 f   itt_notify.obj
 0001:00004e40       ?__itt_suppress_clear_range_init_3_0@@YAXW4__itt_suppress_mode@@IPEAX_K@Z 0000000180005e40 f   itt_notify.obj
 0001:00004ec0       ?__itt_fsync_prepare_init_3_0@@YAXPEAX@Z 0000000180005ec0 f   itt_notify.obj
 0001:00004f20       ?__itt_fsync_cancel_init_3_0@@YAXPEAX@Z 0000000180005f20 f   itt_notify.obj
 0001:00004f80       ?__itt_fsync_acquired_init_3_0@@YAXPEAX@Z 0000000180005f80 f   itt_notify.obj
 0001:00004fe0       ?__itt_fsync_releasing_init_3_0@@YAXPEAX@Z 0000000180005fe0 f   itt_notify.obj
 0001:00005040       ?__itt_model_site_begin_init_3_0@@YAXPEAPEAX0PEBD@Z 0000000180006040 f   itt_notify.obj
 0001:000050b0       ?__itt_model_site_end_init_3_0@@YAXPEAPEAX0@Z 00000001800060b0 f   itt_notify.obj
 0001:00005110       ?__itt_model_task_begin_init_3_0@@YAXPEAPEAX0PEBD@Z 0000000180006110 f   itt_notify.obj
 0001:00005180       ?__itt_model_task_end_init_3_0@@YAXPEAPEAX0@Z 0000000180006180 f   itt_notify.obj
 0001:000051e0       ?__itt_model_lock_acquire_init_3_0@@YAXPEAX@Z 00000001800061e0 f   itt_notify.obj
 0001:00005240       ?__itt_model_lock_release_init_3_0@@YAXPEAX@Z 0000000180006240 f   itt_notify.obj
 0001:000052a0       ?__itt_model_record_allocation_init_3_0@@YAXPEAX_K@Z 00000001800062a0 f   itt_notify.obj
 0001:00005300       ?__itt_model_record_deallocation_init_3_0@@YAXPEAX@Z 0000000180006300 f   itt_notify.obj
 0001:00005360       ?__itt_model_induction_uses_init_3_0@@YAXPEAX_K@Z 0000000180006360 f   itt_notify.obj
 0001:000053c0       ?__itt_model_reduction_uses_init_3_0@@YAXPEAX_K@Z 00000001800063c0 f   itt_notify.obj
 0001:00005420       ?__itt_model_observe_uses_init_3_0@@YAXPEAX_K@Z 0000000180006420 f   itt_notify.obj
[...]
 0002:00002408       $unwind$?__itt_report_error_impl@@YAXHZZ 0000000180013408     itt_notify.obj
 0002:00002410       $unwind$?__itt_domain_createA_init_3_0@@YAPEAU___itt_domain@@PEBD@Z 0000000180013410     itt_notify.obj
 0002:00002410       $unwind$?__itt_domain_createW_init_3_0@@YAPEAU___itt_domain@@PEB_W@Z 0000000180013410     itt_notify.obj
 0002:00002410       $unwind$?__itt_string_handle_createA_init_3_0@@YAPEAU___itt_string_handle@@PEBD@Z 0000000180013410     itt_notify.obj
 0002:00002410       $unwind$?__itt_string_handle_createW_init_3_0@@YAPEAU___itt_string_handle@@PEB_W@Z 0000000180013410     itt_notify.obj
 0002:00002424       $unwind$?__itt_counter_createW_init_3_0@@YAPEAU___itt_counter@@PEB_W0@Z 0000000180013424     itt_notify.obj
 0002:0000243c       $unwind$?__itt_counter_createA_init_3_0@@YAPEAU___itt_counter@@PEBD0@Z 000000018001343c     itt_notify.obj
 0002:00002454       $unwind$?__itt_counter_create_typedW_init_3_0@@YAPEAU___itt_counter@@PEB_W0W4__itt_metadata_type@@@Z 0000000180013454     itt_notify.obj
 0002:0000246c       $unwind$?__itt_counter_create_typedA_init_3_0@@YAPEAU___itt_counter@@PEBD0W4__itt_metadata_type@@@Z 000000018001346c     itt_notify.obj
 0002:00002484       $unwind$?__itt_get_groups@@YA?AW4___itt_group_id@@XZ 0000000180013484     itt_notify.obj
 0002:000024a4       $chain$0$?__itt_get_groups@@YA?AW4___itt_group_id@@XZ 00000001800134a4     itt_notify.obj
 0002:000024b8       $chain$1$?__itt_get_groups@@YA?AW4___itt_group_id@@XZ 00000001800134b8     itt_notify.obj
 0002:000024c8       $chain$2$?__itt_get_groups@@YA?AW4___itt_group_id@@XZ 00000001800134c8     itt_notify.obj
 0002:000024dc       $unwind$?pool_identify@rml@@YAPEAVMemoryPool@1@PEAX@Z 00000001800134dc     frontend.obj
 0002:000024dc       $unwind$?pool_msize@rml@@YA_KPEAVMemoryPool@1@PEAX@Z 00000001800134dc     frontend.obj
 0002:000024dc       $unwind$__itt_init_ittlib  00000001800134dc     itt_notify.obj
 0002:000024e4       $chain$2$__itt_init_ittlib 00000001800134e4     itt_notify.obj
 0002:00002500       $chain$3$__itt_init_ittlib 0000000180013500     itt_notify.obj
 0002:00002514       $chain$4$__itt_init_ittlib 0000000180013514     itt_notify.obj
 0002:00002528       $chain$5$__itt_init_ittlib 0000000180013528     itt_notify.obj
 0002:00002538       $chain$6$__itt_init_ittlib 0000000180013538     itt_notify.obj
 0002:00002548       $chain$7$__itt_init_ittlib 0000000180013548     itt_notify.obj
 0002:00002558       $unwind$?externalCleanup@TLSData@internal@rml@@QEAA_N_N0@Z 0000000180013558     frontend.obj
 0002:00002570       $chain$5$?externalCleanup@TLSData@internal@rml@@QEAA_N_N0@Z 0000000180013570     frontend.obj
 0002:00002588       $chain$6$?externalCleanup@TLSData@internal@rml@@QEAA_N_N0@Z 0000000180013588     frontend.obj
 0002:00002598       $unwind$?createTLS@TLSKey@internal@rml@@QEAAPEAVTLSData@23@PEAVMemoryPool@23@PEAVBackend@23@@Z 0000000180013598     frontend.obj
 0002:000025bc       $cppxdata$?createTLS@TLSKey@internal@rml@@QEAAPEAVTLSData@23@PEAVMemoryPool@23@PEAVBackend@23@@Z 00000001800135bc     frontend.obj
 0002:000025c5       $ip2state$?createTLS@TLSKey@internal@rml@@QEAAPEAVTLSData@23@PEAVMemoryPool@23@PEAVBackend@23@@Z 00000001800135c5     frontend.obj
 0002:000025cc       $unwind$?cleanup@AllLocalCaches@internal@rml@@QEAA_N_N@Z 00000001800135cc     frontend.obj
 0002:000025ec       $cppxdata$?cleanup@AllLocalCaches@internal@rml@@QEAA_N_N@Z 00000001800135ec     frontend.obj
 0002:000025f5       $ip2state$?cleanup@AllLocalCaches@internal@rml@@QEAA_N_N@Z 00000001800135f5     frontend.obj
 0002:000025fc       $unwind$?getEmptyBlock@MemoryPool@internal@rml@@QEAAPEAVBlock@23@_K@Z 00000001800135fc     frontend.obj
 0002:0000261c       $unwind$?returnEmptyBlock@MemoryPool@internal@rml@@QEAAXPEAVBlock@23@_N@Z 000000018001361c     frontend.obj
 0002:00002630       $unwind$?init@ExtMemoryPool@internal@rml@@QEAA_N_JP6APEAX0AEA_K@ZP6AH0PEAX_K@Z4_N6@Z 0000000180013630     frontend.obj
 0002:0000263c       $chain$2$?init@ExtMemoryPool@internal@rml@@QEAA_N_JP6APEAX0AEA_K@ZP6AH0PEAX_K@Z4_N6@Z 000000018001363c     frontend.obj
 0002:00002654       $chain$3$?init@ExtMemoryPool@internal@rml@@QEAA_N_JP6APEAX0AEA_K@ZP6AH0PEAX_K@Z4_N6@Z 0000000180013654     frontend.obj
 0002:00002664       $unwind$?reallocAligned@internal@rml@@YAPEAXPEAVMemoryPool@12@PEAX_K2@Z 0000000180013664     frontend.obj
 0002:00002664       $unwind$?reset@MemoryPool@internal@rml@@QEAA_NXZ 0000000180013664     frontend.obj
 0002:00002664       $unwind$__TBB_malloc_safer_realloc 0000000180013664     frontend.obj
 0002:0000267c       $unwind$?destroy@MemoryPool@internal@rml@@QEAA_NXZ 000000018001367c     frontend.obj
 0002:00002690       $chain$0$?destroy@MemoryPool@internal@rml@@QEAA_NXZ 0000000180013690     frontend.obj
 0002:000026a4       $chain$1$?destroy@MemoryPool@internal@rml@@QEAA_NXZ 00000001800136a4     frontend.obj
 0002:000026b4       $unwind$?onThreadShutdown@MemoryPool@internal@rml@@QEAAXPEAVTLSData@23@@Z 00000001800136b4     frontend.obj
 0002:000026c0       $chain$1$?onThreadShutdown@MemoryPool@internal@rml@@QEAAXPEAVTLSData@23@@Z 00000001800136c0     frontend.obj
 0002:000026d8       $chain$2$?onThreadShutdown@MemoryPool@internal@rml@@QEAAXPEAVTLSData@23@@Z 00000001800136d8     frontend.obj
 0002:000026e8       $unwind$?cleanPublicFreeLists@Bin@internal@rml@@QEAA_NXZ 00000001800136e8     frontend.obj
 0002:00002700       $chain$5$?cleanPublicFreeLists@Bin@internal@rml@@QEAA_NXZ 0000000180013700     frontend.obj
 0002:00002718       $chain$6$?cleanPublicFreeLists@Bin@internal@rml@@QEAA_NXZ 0000000180013718     frontend.obj
 0002:00002728       $chain$0$?get@OrphanedBlocks@internal@rml@@QEAAPEAVBlock@23@PEAVTLSData@23@I@Z 0000000180013728     frontend.obj
 0002:0000273c       $chain$1$?get@OrphanedBlocks@internal@rml@@QEAAPEAVBlock@23@PEAVTLSData@23@I@Z 000000018001373c     frontend.obj
 0002:00002750       $chain$2$?get@OrphanedBlocks@internal@rml@@QEAAPEAVBlock@23@PEAVTLSData@23@I@Z 0000000180013750     frontend.obj
 0002:00002760       $chain$3$?get@OrphanedBlocks@internal@rml@@QEAAPEAVBlock@23@PEAVTLSData@23@I@Z 0000000180013760     frontend.obj
 0002:00002770       $unwind$?put@OrphanedBlocks@internal@rml@@QEAAX_JPEAVBlock@23@@Z 0000000180013770     frontend.obj
 0002:00002784       $unwind$?returnBlock@FreeBlockPool@internal@rml@@QEAAXPEAVBlock@23@@Z 0000000180013784     frontend.obj
 0002:00002794       $chain$0$?returnBlock@FreeBlockPool@internal@rml@@QEAAXPEAVBlock@23@@Z 0000000180013794     frontend.obj
 0002:000027a8       $chain$2$?returnBlock@FreeBlockPool@internal@rml@@QEAAXPEAVBlock@23@@Z 00000001800137a8     frontend.obj
 0002:000027c0       $chain$3$?returnBlock@FreeBlockPool@internal@rml@@QEAAXPEAVBlock@23@@Z 00000001800137c0     frontend.obj
 0002:000027d0       $chain$4$?returnBlock@FreeBlockPool@internal@rml@@QEAAXPEAVBlock@23@@Z 00000001800137d0     frontend.obj
 0002:000027e0       $unwind$?internalPoolMalloc@internal@rml@@YAPEAXPEAVMemoryPool@12@_K@Z 00000001800137e0     frontend.obj
 0002:000027e0       $unwind$?release@TLSData@internal@rml@@QEAAXXZ 00000001800137e0     frontend.obj
 0002:000027fc       $unwind$?initMemoryManager@internal@rml@@YA_NXZ 00000001800137fc     frontend.obj
 0002:0000280c       $chain$0$?initMemoryManager@internal@rml@@YA_NXZ 000000018001380c     frontend.obj
 0002:00002820       $chain$1$?initMemoryManager@internal@rml@@YA_NXZ 0000000180013820     frontend.obj
 0002:00002830       $unwind$?doInitialization@internal@rml@@YA_NXZ 0000000180013830     frontend.obj
 0002:00002848       $cppxdata$?doInitialization@internal@rml@@YA_NXZ 0000000180013848     frontend.obj
 0002:00002851       $ip2state$?doInitialization@internal@rml@@YA_NXZ 0000000180013851     frontend.obj
 0002:00002854       $unwind$?allocateAligned@internal@rml@@YAPEAXPEAVMemoryPool@12@_K1@Z 0000000180013854     frontend.obj
 0002:00002868       $unwind$?safer_dereference@internal@rml@@YA?AVBackRefIdx@12@PEBV312@@Z 0000000180013868     frontend.obj
 0002:00002884       $unwind$?filt$0@?0??safer_dereference@internal@rml@@YA?AVBackRefIdx@12@PEBV312@@Z@4HA 0000000180013884     frontend.obj
 0002:00002884       $unwind$__scrt_is_nonwritable_in_current_image$filt$0 0000000180013884     MSVCRT:utility.obj
 0002:0000288c       $unwind$?freeSmallObject@internal@rml@@YAXPEAX@Z 000000018001388c     frontend.obj
 0002:00002898       $chain$0$?freeSmallObject@internal@rml@@YAXPEAX@Z 0000000180013898     frontend.obj
 0002:000028ac       $chain$1$?freeSmallObject@internal@rml@@YAXPEAX@Z 00000001800138ac     frontend.obj
 0002:000028c0       $chain$2$?freeSmallObject@internal@rml@@YAXPEAX@Z 00000001800138c0     frontend.obj
 0002:000028d0       $chain$3$?freeSmallObject@internal@rml@@YAXPEAX@Z 00000001800138d0     frontend.obj
 0002:000028e0       $unwind$?pool_create@rml@@YAPEAVMemoryPool@1@_JPEBUMemPoolPolicy@1@@Z 00000001800138e0     frontend.obj
 0002:000028e8       $unwind$?pool_create_v1@rml@@YA?AW4MemPoolError@1@_JPEBUMemPoolPolicy@1@PEAPEAVMemoryPool@1@@Z 00000001800138e8     frontend.obj
 0002:000028f8       $chain$0$?pool_create_v1@rml@@YA?AW4MemPoolError@1@_JPEBUMemPoolPolicy@1@PEAPEAVMemoryPool@1@@Z 00000001800138f8     frontend.obj
 0002:0000290c       $chain$2$?pool_create_v1@rml@@YA?AW4MemPoolError@1@_JPEBUMemPoolPolicy@1@PEAPEAVMemoryPool@1@@Z 000000018001390c     frontend.obj
 0002:00002920       $chain$3$?pool_create_v1@rml@@YA?AW4MemPoolError@1@_JPEBUMemPoolPolicy@1@PEAPEAVMemoryPool@1@@Z 0000000180013920     frontend.obj
 0002:00002930       $chain$1$?pool_destroy@rml@@YA_NPEAVMemoryPool@1@@Z 0000000180013930     frontend.obj
 0002:00002948       $chain$3$?pool_destroy@rml@@YA_NPEAVMemoryPool@1@@Z 0000000180013948     frontend.obj
 0002:00002960       $unwind$?doThreadShutdownNotification@@YAXPEAVTLSData@internal@rml@@_N@Z 0000000180013960     frontend.obj
 0002:00002974       $cppxdata$?doThreadShutdownNotification@@YAXPEAVTLSData@internal@rml@@_N@Z 0000000180013974     frontend.obj
 0002:0000297d       $ip2state$?doThreadShutdownNotification@@YAXPEAVTLSData@internal@rml@@_N@Z 000000018001397d     frontend.obj
 0002:00002984       $unwind$__TBB_malloc_safer_free 0000000180013984     frontend.obj
 0002:00002990       $chain$0$scalable_realloc  0000000180013990     frontend.obj
 0002:000029a4       $chain$2$scalable_realloc  00000001800139a4     frontend.obj
 0002:000029b8       $chain$3$scalable_realloc  00000001800139b8     frontend.obj
 0002:000029c8       $chain$0$scalable_calloc   00000001800139c8     frontend.obj
 0002:000029dc       $chain$2$scalable_calloc   00000001800139dc     frontend.obj
 0002:000029f0       $chain$0$scalable_aligned_malloc 00000001800139f0     frontend.obj
 0002:00002a04       $chain$1$scalable_aligned_malloc 0000000180013a04     frontend.obj
 0002:00002a14       $chain$0$scalable_aligned_realloc 0000000180013a14     frontend.obj
 0002:00002a28       $chain$2$scalable_aligned_realloc 0000000180013a28     frontend.obj
 0002:00002a3c       $chain$3$scalable_aligned_realloc 0000000180013a3c     frontend.obj
 0002:00002a4c       $unwind$__TBB_malloc_safer_aligned_realloc 0000000180013a4c     frontend.obj
 0002:00002a5c       $chain$1$__TBB_malloc_safer_aligned_realloc 0000000180013a5c     frontend.obj
 0002:00002a74       $chain$3$__TBB_malloc_safer_aligned_realloc 0000000180013a74     frontend.obj
 0002:00002a8c       $chain$4$__TBB_malloc_safer_aligned_realloc 0000000180013a8c     frontend.obj
 0002:00002a9c       $chain$0$??$isLargeObject@$00@internal@rml@@YA_NPEAX@Z 0000000180013a9c     frontend.obj
 0002:00002ab0       $chain$2$??$isLargeObject@$00@internal@rml@@YA_NPEAX@Z 0000000180013ab0     frontend.obj
 0002:00002ac8       $xdatasym                  0000000180013ac8     MSVCRT:amdsecgs.obj
 0002:00002acc       $unwind$__report_securityfailure 0000000180013acc     MSVCRT:gs_report.obj
 0002:00002ad4       $unwind$__report_gsfailure 0000000180013ad4     MSVCRT:gs_report.obj
 0002:00002adc       $unwind$capture_current_context 0000000180013adc     MSVCRT:gs_report.obj
 0002:00002ae8       $unwind$capture_previous_context 0000000180013ae8     MSVCRT:gs_report.obj
 0002:00002af4       $unwind$?dllmain_crt_process_attach@@YAHQEAUHINSTANCE__@@QEAX@Z 0000000180013af4     MSVCRT:dll_dllmain.obj
 0002:00002b30       $unwind$?fin$0@?0??dllmain_crt_process_attach@@YAHQEAUHINSTANCE__@@QEAX@Z@4HA 0000000180013b30     MSVCRT:dll_dllmain.obj
 0002:00002b30       $unwind$?fin$0@?0??dllmain_crt_process_detach@@YAH_N@Z@4HA 0000000180013b30     MSVCRT:dll_dllmain.obj
 0002:00002b30       $unwind$?fin$1@?0??dllmain_crt_process_detach@@YAH_N@Z@4HA 0000000180013b30     MSVCRT:dll_dllmain.obj
 0002:00002b38       $unwind$?dllmain_crt_process_detach@@YAH_N@Z 0000000180013b38     MSVCRT:dll_dllmain.obj
 0002:00002b8c       $unwind$?dllmain_dispatch@@YAHQEAUHINSTANCE__@@KQEAX@Z 0000000180013b8c     MSVCRT:dll_dllmain.obj
 0002:00002bb4       $unwind$?filt$0@?0??dllmain_dispatch@@YAHQEAUHINSTANCE__@@KQEAX@Z@4HA 0000000180013bb4     MSVCRT:dll_dllmain.obj
 0002:00002bbc       $unwind$__security_init_cookie 0000000180013bbc     MSVCRT:gs_support.obj
 0002:00002bc8       $unwind$__scrt_is_nonwritable_in_current_image 0000000180013bc8     MSVCRT:utility.obj
 0002:00002be8       $unwind$__scrt_fastfail    0000000180013be8     MSVCRT:utility_desktop.obj
 0002:00002bf8       $unwind$__isa_available_init 0000000180013bf8     MSVCRT:cpu_disp.obj
 0002:00002c08       $xdatasym                  0000000180013c08     MSVCRT:guard_dispatch.obj
 0002:00002c10       $xdatasym                  0000000180013c10     MSVCRT:guard_xfg_dispatch.obj
 0002:00002c14       $unwind$__GSHandlerCheckCommon 0000000180013c14     MSVCRT:gshandler.obj
 0002:00002c20       .edata                     0000000180013c20     tbbmalloc.exp
 0002:00002c48       rgpv                       0000000180013c48     tbbmalloc.exp
 0002:00002cb4       rgszName                   0000000180013cb4     tbbmalloc.exp
 0002:00002d20       rgwOrd                     0000000180013d20     tbbmalloc.exp
 0002:00002d56       szName                     0000000180013d56     tbbmalloc.exp
 0002:00002d64       $N00001                    0000000180013d64     tbbmalloc.exp
 0002:00002d9b       $N00002                    0000000180013d9b     tbbmalloc.exp
 0002:00002dd7       $N00003                    0000000180013dd7     tbbmalloc.exp
 0002:00002e15       $N00004                    0000000180013e15     tbbmalloc.exp
 0002:00002e6c       $N00005                    0000000180013e6c     tbbmalloc.exp
 0002:00002e97       $N00006                    0000000180013e97     tbbmalloc.exp
 0002:00002ec3       $N00007                    0000000180013ec3     tbbmalloc.exp
 0002:00002ef1       $N00008                    0000000180013ef1     tbbmalloc.exp
 0002:00002f1f       $N00009                    0000000180013f1f     tbbmalloc.exp
 0002:00002f4c       $N00010                    0000000180013f4c     tbbmalloc.exp
 0002:00002f7f       $N00011                    0000000180013f7f     tbbmalloc.exp
 0002:00002fa8       $N00012                    0000000180013fa8     tbbmalloc.exp
 0002:00002fc9       $N00013                    0000000180013fc9     tbbmalloc.exp
 0002:00002fec       $N00014                    0000000180013fec     tbbmalloc.exp
 0002:00003004       $N00015                    0000000180014004     tbbmalloc.exp
 0002:0000301d       $N00016                    000000018001401d     tbbmalloc.exp
 0002:00003038       $N00017                    0000000180014038     tbbmalloc.exp
 0002:0000304e       $N00018                    000000018001404e     tbbmalloc.exp
 0002:00003066       $N00019                    0000000180014066     tbbmalloc.exp
 0002:0000307f       $N00020                    000000018001407f     tbbmalloc.exp
 0002:0000309b       $N00021                    000000018001409b     tbbmalloc.exp
 0002:000030b4       $N00022                    00000001800140b4     tbbmalloc.exp
 0002:000030c4       $N00023                    00000001800140c4     tbbmalloc.exp
 0002:000030d2       $N00024                    00000001800140d2     tbbmalloc.exp
 0002:000030e2       $N00025                    00000001800140e2     tbbmalloc.exp
 0002:000030f1       $N00026                    00000001800140f1     tbbmalloc.exp
 0002:00003109       $N00027                    0000000180014109     tbbmalloc.exp
 0002:00003542       .idata$6                   0000000180014542     kernel32:KERNEL32.dll
 0002:000035a8       .idata$6                   00000001800145a8     vcruntime:VCRUNTIME140_1.dll
 0002:000035bc       .idata$6                   00000001800145bc     vcruntime:VCRUNTIME140.dll
 0002:00003716       .idata$6                   0000000180014716     ucrt:api-ms-win-crt-runtime-l1-1-0.dll
 0002:00003738       .idata$6                   0000000180014738     ucrt:api-ms-win-crt-heap-l1-1-0.dll
 0002:00003758       .idata$6                   0000000180014758     ucrt:api-ms-win-crt-convert-l1-1-0.dll
 0002:0000377a       .idata$6                   000000018001477a     ucrt:api-ms-win-crt-string-l1-1-0.dll
 0002:0000379c       .idata$6                   000000018001479c     ucrt:api-ms-win-crt-environment-l1-1-0.dll
 0002:000037c2       .idata$6                   00000001800147c2     ucrt:api-ms-win-crt-stdio-l1-1-0.dll
 0003:000003b0       ?api_list@@3PAU___itt_api_info@@A 00000001800153b0     itt_notify.obj
 0003:00002088       ?defaultMemPool@internal@rml@@3PEAVMemoryPool@12@EA 0000000180017088     frontend.obj
 0003:00002090       ?group_alias@@3PAU___itt_group_alias@@A 0000000180017090     itt_notify.obj
 0003:000020d0       ?group_list@@3PAU___itt_group_list@@A 00000001800170d0     itt_notify.obj
 0003:000021d0       ?VersionString@internal@rml@@3PADA 00000001800171d0     frontend.obj
 0003:00002298       ?env_value@?1??__itt_get_env_var@@YAPEBDPEBD@Z@4PEADEA 0000000180017298     itt_notify.obj
 0003:000022b0       GS_ExceptionRecord         00000001800172b0     MSVCRT:gs_report.obj
 0003:00002350       GS_ContextRecord           0000000180017350     MSVCRT:gs_report.obj
 0003:00002820       ?__proc_attached@@3HA      0000000180017820     MSVCRT:dll_dllmain.obj
 0003:00002858       ?is_initialized_as_dll@@3_NA 0000000180017858     MSVCRT:utility.obj
 0003:00002859       ?module_local_atexit_table_initialized@@3_NA 0000000180017859     MSVCRT:utility.obj
 0003:00002860       ?module_local_atexit_table@@3U_onexit_table_t@@A 0000000180017860     MSVCRT:utility.obj
 0003:00002878       ?module_local_at_quick_exit_table@@3U_onexit_table_t@@A 0000000180017878     MSVCRT:utility.obj
 0003:000028b0       ?env_buff@?1??__itt_get_env_var@@YAPEBDPEBD@Z@4PADA 00000001800178b0     itt_notify.obj
 0003:000038a8       ?current_thread@?1??__itt_init_ittlib@@9@4KC 00000001800188a8     itt_notify.obj
 0003:000038ac       ?current_thread@?1??__itt_fini_ittlib@@9@4KC 00000001800188ac     itt_notify.obj
 0003:000038e1       ?usedBySrcIncluded@internal@rml@@3_NA 00000001800188e1     frontend.obj
 0003:000038f0       ?defaultMemPool_space@internal@rml@@3PA_JA 00000001800188f0     frontend.obj
 0003:00022bd0       ?masterMutex@internal@rml@@3VMallocMutex@@A 0000000180037bd0     backref.obj
 0003:00022bd1       ?initMutex@internal@rml@@3VMallocMutex@@A 0000000180037bd1     frontend.obj
 0003:00022bd8       ?backRefMaster@internal@rml@@3PEAUBackRefMaster@12@EA 0000000180037bd8     backref.obj
 0003:00022be0       ?assertion_handler@internal@rml@@3P6AXPEBDH00@ZEA 0000000180037be0     tbbmalloc.obj
 0003:00022be8       ?mallocInitialized@internal@rml@@3_JA 0000000180037be8     frontend.obj
 0003:00022bf0       ?already_failed@?6??assertion_failure@internal@rml@@YAXPEBDH00@Z@4_NA 0000000180037bf0     tbbmalloc.obj
 0005:000000a0       $R000000                   000000018003a0a0     tbbmalloc.res
 0005:00000468       $R0003C8                   000000018003a468     tbbmalloc.res
